Archive member included because of file (symbol)

c:/altera/13.1/nios2eds/bin/gnu/h-i686-mingw32/bin/../lib/gcc/nios2-elf/4.7.3\libgcc.a(_fixunsdfsi.o)
                              obj/default/histogram.o (__fixunsdfsi)
c:/altera/13.1/nios2eds/bin/gnu/h-i686-mingw32/bin/../lib/gcc/nios2-elf/4.7.3\libgcc.a(_addsub_df.o)
                              c:/altera/13.1/nios2eds/bin/gnu/h-i686-mingw32/bin/../lib/gcc/nios2-elf/4.7.3\libgcc.a(_fixunsdfsi.o) (__subdf3)
c:/altera/13.1/nios2eds/bin/gnu/h-i686-mingw32/bin/../lib/gcc/nios2-elf/4.7.3\libgcc.a(_mul_df.o)
                              obj/default/histogram.o (__muldf3)
c:/altera/13.1/nios2eds/bin/gnu/h-i686-mingw32/bin/../lib/gcc/nios2-elf/4.7.3\libgcc.a(_div_df.o)
                              obj/default/histogram.o (__divdf3)
c:/altera/13.1/nios2eds/bin/gnu/h-i686-mingw32/bin/../lib/gcc/nios2-elf/4.7.3\libgcc.a(_ge_df.o)
                              c:/altera/13.1/nios2eds/bin/gnu/h-i686-mingw32/bin/../lib/gcc/nios2-elf/4.7.3\libgcc.a(_fixunsdfsi.o) (__gedf2)
c:/altera/13.1/nios2eds/bin/gnu/h-i686-mingw32/bin/../lib/gcc/nios2-elf/4.7.3\libgcc.a(_df_to_si.o)
                              c:/altera/13.1/nios2eds/bin/gnu/h-i686-mingw32/bin/../lib/gcc/nios2-elf/4.7.3\libgcc.a(_fixunsdfsi.o) (__fixdfsi)
c:/altera/13.1/nios2eds/bin/gnu/h-i686-mingw32/bin/../lib/gcc/nios2-elf/4.7.3\libgcc.a(_thenan_df.o)
                              c:/altera/13.1/nios2eds/bin/gnu/h-i686-mingw32/bin/../lib/gcc/nios2-elf/4.7.3\libgcc.a(_addsub_df.o) (__thenan_df)
c:/altera/13.1/nios2eds/bin/gnu/h-i686-mingw32/bin/../lib/gcc/nios2-elf/4.7.3\libgcc.a(_usi_to_df.o)
                              obj/default/histogram.o (__floatunsidf)
c:/altera/13.1/nios2eds/bin/gnu/h-i686-mingw32/bin/../lib/gcc/nios2-elf/4.7.3\libgcc.a(_muldi3.o)
                              c:/altera/13.1/nios2eds/bin/gnu/h-i686-mingw32/bin/../lib/gcc/nios2-elf/4.7.3\libgcc.a(_mul_df.o) (__muldi3)
c:/altera/13.1/nios2eds/bin/gnu/h-i686-mingw32/bin/../lib/gcc/nios2-elf/4.7.3\libgcc.a(_clzsi2.o)
                              c:/altera/13.1/nios2eds/bin/gnu/h-i686-mingw32/bin/../lib/gcc/nios2-elf/4.7.3\libgcc.a(_usi_to_df.o) (__clzsi2)
c:/altera/13.1/nios2eds/bin/gnu/h-i686-mingw32/bin/../lib/gcc/nios2-elf/4.7.3\libgcc.a(_pack_df.o)
                              c:/altera/13.1/nios2eds/bin/gnu/h-i686-mingw32/bin/../lib/gcc/nios2-elf/4.7.3\libgcc.a(_addsub_df.o) (__pack_d)
c:/altera/13.1/nios2eds/bin/gnu/h-i686-mingw32/bin/../lib/gcc/nios2-elf/4.7.3\libgcc.a(_unpack_df.o)
                              c:/altera/13.1/nios2eds/bin/gnu/h-i686-mingw32/bin/../lib/gcc/nios2-elf/4.7.3\libgcc.a(_addsub_df.o) (__unpack_d)
c:/altera/13.1/nios2eds/bin/gnu/h-i686-mingw32/bin/../lib/gcc/nios2-elf/4.7.3\libgcc.a(_fpcmp_parts_df.o)
                              c:/altera/13.1/nios2eds/bin/gnu/h-i686-mingw32/bin/../lib/gcc/nios2-elf/4.7.3\libgcc.a(_ge_df.o) (__fpcmp_parts_d)
c:/altera/13.1/nios2eds/bin/gnu/h-i686-mingw32/bin/../lib/gcc/nios2-elf/4.7.3\libgcc.a(_lshrdi3.o)
                              c:/altera/13.1/nios2eds/bin/gnu/h-i686-mingw32/bin/../lib/gcc/nios2-elf/4.7.3\libgcc.a(_pack_df.o) (__lshrdi3)
c:/altera/13.1/nios2eds/bin/gnu/h-i686-mingw32/bin/../lib/gcc/nios2-elf/4.7.3\libgcc.a(_ashldi3.o)
                              c:/altera/13.1/nios2eds/bin/gnu/h-i686-mingw32/bin/../lib/gcc/nios2-elf/4.7.3\libgcc.a(_pack_df.o) (__ashldi3)
c:/altera/13.1/nios2eds/bin/gnu/h-i686-mingw32/bin/../lib/gcc/nios2-elf/4.7.3\libgcc.a(_clz.o)
                              c:/altera/13.1/nios2eds/bin/gnu/h-i686-mingw32/bin/../lib/gcc/nios2-elf/4.7.3\libgcc.a(_clzsi2.o) (__clz_tab)
c:/altera/13.1/nios2eds/bin/gnu/h-i686-mingw32/bin/../lib/gcc/nios2-elf/4.7.3/../../../../../H-i686-mingw32/nios2-elf/lib\libc.a(lib_a-impure.o)
                              obj/default/main.o (_impure_ptr)
c:/altera/13.1/nios2eds/bin/gnu/h-i686-mingw32/bin/../lib/gcc/nios2-elf/4.7.3/../../../../../H-i686-mingw32/nios2-elf/lib\libc.a(lib_a-memcmp.o)
                              obj/default/lwip/src/netif/etharp.o (memcmp)
c:/altera/13.1/nios2eds/bin/gnu/h-i686-mingw32/bin/../lib/gcc/nios2-elf/4.7.3/../../../../../H-i686-mingw32/nios2-elf/lib\libc.a(lib_a-memcpy.o)
                              obj/default/drivers/lwip_tse_mac.o (memcpy)
c:/altera/13.1/nios2eds/bin/gnu/h-i686-mingw32/bin/../lib/gcc/nios2-elf/4.7.3/../../../../../H-i686-mingw32/nios2-elf/lib\libc.a(lib_a-memset.o)
                              obj/default/lwip/src/core/dhcp.o (memset)
c:/altera/13.1/nios2eds/bin/gnu/h-i686-mingw32/bin/../lib/gcc/nios2-elf/4.7.3/../../../../../H-i686-mingw32/nios2-elf/lib\libc.a(lib_a-printf.o)
                              obj/default/drivers/alteraTseEthernetif.o (printf)
c:/altera/13.1/nios2eds/bin/gnu/h-i686-mingw32/bin/../lib/gcc/nios2-elf/4.7.3/../../../../../H-i686-mingw32/nios2-elf/lib\libc.a(lib_a-putc.o)
                              obj/default/main.o (putc)
[...]
Memory Configuration

Name             Origin             Length             Attributes
sdram_BEFORE_EXCEPTION 0x00000000         0x00000020
sdram            0x00000020         0x01ffffe0
descriptor_memory 0x02001000         0x00001000
ext_flash        0x04000000         0x00800000
reset            0x05000000         0x00000020
sram             0x05000020         0x001fffe0
onchip_memory2   0x0a000000         0x00020000
*default*        0x00000000         0xffffffff

Linker script and memory map

LOAD ../lwIP_NIOS_II_Example_bsp/obj/HAL/src/crt0.o
LOAD obj/default/drivers/alteraTseEthernetif.o
LOAD obj/default/drivers/fs.o
LOAD obj/default/drivers/fsdata.o
LOAD obj/default/drivers/httpd.o
LOAD obj/default/drivers/lwip_tse_mac.o
LOAD obj/default/drivers/tse_my_system.o
LOAD obj/default/echo.o
LOAD obj/default/histogram.o
LOAD obj/default/lwip/src/api/api_lib.o
LOAD obj/default/lwip/src/api/api_msg.o
LOAD obj/default/lwip/src/api/err.o
LOAD obj/default/lwip/src/api/netbuf.o
LOAD obj/default/lwip/src/api/netdb.o
LOAD obj/default/lwip/src/api/netifapi.o
LOAD obj/default/lwip/src/api/sockets.o
LOAD obj/default/lwip/src/api/tcpip.o
LOAD obj/default/lwip/src/core/def.o
LOAD obj/default/lwip/src/core/dhcp.o
LOAD obj/default/lwip/src/core/dns.o
LOAD obj/default/lwip/src/core/init.o
LOAD obj/default/lwip/src/core/ipv4/autoip.o
LOAD obj/default/lwip/src/core/ipv4/icmp.o
LOAD obj/default/lwip/src/core/ipv4/igmp.o
LOAD obj/default/lwip/src/core/ipv4/inet.o
LOAD obj/default/lwip/src/core/ipv4/inet_chksum.o
LOAD obj/default/lwip/src/core/ipv4/ip.o
LOAD obj/default/lwip/src/core/ipv4/ip_addr.o
LOAD obj/default/lwip/src/core/ipv4/ip_frag.o
LOAD obj/default/lwip/src/core/mem.o
LOAD obj/default/lwip/src/core/memp.o
LOAD obj/default/lwip/src/core/netif.o
LOAD obj/default/lwip/src/core/pbuf.o
LOAD obj/default/lwip/src/core/raw.o
LOAD obj/default/lwip/src/core/snmp/asn1_dec.o
LOAD obj/default/lwip/src/core/snmp/asn1_enc.o
LOAD obj/default/lwip/src/core/snmp/mib2.o
LOAD obj/default/lwip/src/core/snmp/mib_structs.o
LOAD obj/default/lwip/src/core/snmp/msg_in.o
LOAD obj/default/lwip/src/core/snmp/msg_out.o
LOAD obj/default/lwip/src/core/stats.o
LOAD obj/default/lwip/src/core/sys.o
LOAD obj/default/lwip/src/core/tcp.o
LOAD obj/default/lwip/src/core/tcp_in.o
LOAD obj/default/lwip/src/core/tcp_out.o
LOAD obj/default/lwip/src/core/timers.o
LOAD obj/default/lwip/src/core/udp.o
LOAD obj/default/lwip/src/netif/etharp.o
LOAD obj/default/lwip/src/netif/ethernetif.o
LOAD obj/default/lwip/src/netif/ppp/auth.o
LOAD obj/default/lwip/src/netif/ppp/chap.o
LOAD obj/default/lwip/src/netif/ppp/chpms.o
LOAD obj/default/lwip/src/netif/ppp/fsm.o
LOAD obj/default/lwip/src/netif/ppp/ipcp.o
LOAD obj/default/lwip/src/netif/ppp/lcp.o
LOAD obj/default/lwip/src/netif/ppp/magic.o
LOAD obj/default/lwip/src/netif/ppp/md5.o
LOAD obj/default/lwip/src/netif/ppp/pap.o
LOAD obj/default/lwip/src/netif/ppp/ppp.o
LOAD obj/default/lwip/src/netif/ppp/ppp_oe.o
LOAD obj/default/lwip/src/netif/ppp/randm.o
LOAD obj/default/lwip/src/netif/ppp/vj.o
LOAD obj/default/lwip/src/netif/slipif.o
LOAD obj/default/main.o
LOAD c:/altera/13.1/nios2eds/bin/gnu/h-i686-mingw32/bin/../lib/gcc/nios2-elf/4.7.3/../../../../../H-i686-mingw32/nios2-elf/lib\libstdc++.a
LOAD c:/altera/13.1/nios2eds/bin/gnu/h-i686-mingw32/bin/../lib/gcc/nios2-elf/4.7.3/../../../../../H-i686-mingw32/nios2-elf/lib\libm.a
LOAD c:/altera/13.1/nios2eds/bin/gnu/h-i686-mingw32/bin/../lib/gcc/nios2-elf/4.7.3\libgcc.a
START GROUP
LOAD c:/altera/13.1/nios2eds/bin/gnu/h-i686-mingw32/bin/../lib/gcc/nios2-elf/4.7.3/../../../../../H-i686-mingw32/nios2-elf/lib\libc.a
LOAD c:/altera/13.1/nios2eds/bin/gnu/h-i686-mingw32/bin/../lib/gcc/nios2-elf/4.7.3\libgcc.a
LOAD ../lwIP_NIOS_II_Example_bsp\libhal_bsp.a
END GROUP
LOAD c:/altera/13.1/nios2eds/bin/gnu/h-i686-mingw32/bin/../lib/gcc/nios2-elf/4.7.3\libgcc.a
                0x00000000                __alt_mem_sdram = 0x0
                0x02001000                __alt_mem_descriptor_memory = 0x2001000
                0x04000000                __alt_mem_ext_flash = 0x4000000
                0x05000000                __alt_mem_sram = 0x5000000
                0x0a000000                __alt_mem_onchip_memory2 = 0xa000000

.entry          0x05000000       0x20
 *(.entry)
 .entry         0x05000000       0x20 ../lwIP_NIOS_II_Example_bsp/obj/HAL/src/crt0.o
                0x05000000                __reset

.exceptions     0x00000020        0x0
                0x00000020                PROVIDE (__ram_exceptions_start, ABSOLUTE (.))
                0x00000020                . = ALIGN (0x20)
 *(.irq)
 *(.exceptions.entry.label)
 *(.exceptions.entry.user)
 *(.exceptions.entry.ecc_fatal)
 *(.exceptions.entry)
 *(.exceptions.irqtest.user)
 *(.exceptions.irqtest)
 *(.exceptions.irqhandler.user)
 *(.exceptions.irqhandler)
 *(.exceptions.irqreturn.user)
 *(.exceptions.irqreturn)
 *(.exceptions.notirq.label)
 *(.exceptions.notirq.user)
 *(.exceptions.notirq)
 *(.exceptions.soft.user)
 *(.exceptions.soft)
 *(.exceptions.unknown.user)
 *(.exceptions.unknown)
 *(.exceptions.exit.label)
 *(.exceptions.exit.user)
 *(.exceptions.exit)
 *(.exceptions)
                0x00000020                PROVIDE (__ram_exceptions_end, ABSOLUTE (.))
                0x00000020                PROVIDE (__flash_exceptions_start, LOADADDR (.exceptions))

.text           0x00000020    0x2350c
                0x00000020                PROVIDE (stext, ABSOLUTE (.))
 *(.interp)
 *(.hash)
 *(.dynsym)
 *(.dynstr)
 *(.gnu.version)
 *(.gnu.version_d)
 *(.gnu.version_r)
 *(.rel.init)
 *(.rela.init)
 *(.rel.text .rel.text.* .rel.gnu.linkonce.t.*)
 *(.rela.text .rela.text.* .rela.gnu.linkonce.t.*)
 *(.rel.fini)
 *(.rela.fini)
 *(.rel.rodata .rel.rodata.* .rel.gnu.linkonce.r.*)
 *(.rela.rodata .rela.rodata.* .rela.gnu.linkonce.r.*)
 *(.rel.data .rel.data.* .rel.gnu.linkonce.d.*)
 *(.rela.data .rela.data.* .rela.gnu.linkonce.d.*)
 *(.rel.tdata .rel.tdata.* .rel.gnu.linkonce.td.*)
 *(.rela.tdata .rela.tdata.* .rela.gnu.linkonce.td.*)
 *(.rel.tbss .rel.tbss.* .rel.gnu.linkonce.tb.*)
 *(.rela.tbss .rela.tbss.* .rela.gnu.linkonce.tb.*)
 *(.rel.ctors)
 *(.rela.ctors)
 *(.rel.dtors)
 *(.rela.dtors)
 *(.rel.got)
 *(.rela.got)
 *(.rel.sdata .rel.sdata.* .rel.gnu.linkonce.s.*)
 *(.rela.sdata .rela.sdata.* .rela.gnu.linkonce.s.*)
 *(.rel.sbss .rel.sbss.* .rel.gnu.linkonce.sb.*)
 *(.rela.sbss .rela.sbss.* .rela.gnu.linkonce.sb.*)
 *(.rel.sdata2 .rel.sdata2.* .rel.gnu.linkonce.s2.*)
 *(.rela.sdata2 .rela.sdata2.* .rela.gnu.linkonce.s2.*)
 *(.rel.sbss2 .rel.sbss2.* .rel.gnu.linkonce.sb2.*)
 *(.rela.sbss2 .rela.sbss2.* .rela.gnu.linkonce.sb2.*)
 *(.rel.bss .rel.bss.* .rel.gnu.linkonce.b.*)
 *(.rela.bss .rela.bss.* .rela.gnu.linkonce.b.*)
 *(.rel.plt)
 *(.rela.plt)
 *(.rel.dyn)
 *(.init)
 *(.plt)
 *(.text .stub .text.* .gnu.linkonce.t.*)
 .text          0x00000020       0x7c ../lwIP_NIOS_II_Example_bsp/obj/HAL/src/crt0.o
                0x00000020                _start
 .text          0x0000009c      0x324 obj/default/drivers/alteraTseEthernetif.o
                0x0000009c                ethernetif_input
                0x00000270                ethernetif_init
 .text          0x000003c0       0x84 obj/default/drivers/fs.o
                0x000003c0                fs_open
 .text          0x00000444        0x0 obj/default/drivers/fsdata.o
 .text          0x00000444      0x4bc obj/default/drivers/httpd.o
                0x000008a0                httpd_init
 .text          0x00000900      0x69c obj/default/drivers/lwip_tse_mac.o
                0x00000900                tse_sgdma_read_init
                0x0000097c                tse_mac_init
                0x00000d50                tse_mac_raw_send
                0x00000e3c                tse_mac_rcv
                0x00000f48                tse_sgdmaRx_isr
 .text          0x00000f9c        0x0 obj/default/drivers/tse_my_system.o
 .text          0x00000f9c      0x164 obj/default/echo.o
                0x00000f9c                udpecho_recv
                0x0000105c                udpecho_init
 .text          0x00001100      0x330 obj/default/histogram.o
                0x00001100                get_utm
                0x00001128                init_hist
                0x00001180                begin_measure
                0x000011f4                end_measure
                0x0000132c                print_hist
 .text          0x00001430        0x0 obj/default/lwip/src/api/api_lib.o
 .text          0x00001430        0x0 obj/default/lwip/src/api/api_msg.o
 .text          0x00001430        0x0 obj/default/lwip/src/api/err.o
 .text          0x00001430        0x0 obj/default/lwip/src/api/netbuf.o
 .text          0x00001430        0x0 obj/default/lwip/src/api/netdb.o
 .text          0x00001430        0x0 obj/default/lwip/src/api/netifapi.o
 .text          0x00001430        0x0 obj/default/lwip/src/api/sockets.o
 .text          0x00001430        0x0 obj/default/lwip/src/api/tcpip.o
 .text          0x00001430        0x0 obj/default/lwip/src/core/def.o
 .text          0x00001430     0x2428 obj/default/lwip/src/core/dhcp.o
                0x00002d90                dhcp_set_struct
                0x00002e4c                dhcp_cleanup
                0x00002ea4                dhcp_inform
                0x00002fd8                dhcp_network_changed
                0x00003068                dhcp_arp_reply
                0x000031b0                dhcp_renew
                0x000032dc                dhcp_coarse_tmr
                0x0000339c                dhcp_release
                0x000034e0                dhcp_fine_tmr
                0x0000361c                dhcp_stop
                0x000036c4                dhcp_start
 .text          0x00003858        0x0 obj/default/lwip/src/core/dns.o
 .text          0x00003858       0x28 obj/default/lwip/src/core/init.o
                0x00003858                lwip_init
 .text          0x00003880        0x0 obj/default/lwip/src/core/ipv4/autoip.o
 .text          0x00003880      0x540 obj/default/lwip/src/core/ipv4/icmp.o
                0x000039b0                icmp_input
                0x00003da8                icmp_dest_unreach
                0x00003db4                icmp_time_exceeded
 .text          0x00003dc0        0x0 obj/default/lwip/src/core/ipv4/igmp.o
 .text          0x00003dc0        0x0 obj/default/lwip/src/core/ipv4/inet.o
 .text          0x00003dc0      0x4bc obj/default/lwip/src/core/ipv4/inet_chksum.o
                0x00003e80                inet_chksum_pseudo
                0x00003fd0                inet_chksum_pseudo_partial
                0x00004184                inet_chksum
                0x000041a4                inet_chksum_pbuf
 .text          0x0000427c      0x6c8 obj/default/lwip/src/core/ipv4/ip.o
                0x0000427c                ip_route
                0x000042ec                ip_input
                0x00004614                ip_output_if
                0x00004878                ip_output
 .text          0x00004944      0x4b0 obj/default/lwip/src/core/ipv4/ip_addr.o
                0x00004944                ip4_addr_isbroadcast
                0x00004994                ip4_addr_netmask_valid
                0x00004a00                ipaddr_aton
                0x00004cc0                ipaddr_addr
                0x00004cf4                ipaddr_ntoa_r
                0x00004de4                ipaddr_ntoa
 .text          0x00004df4      0xbcc obj/default/lwip/src/core/ipv4/ip_frag.o
                0x00005114                ip_reass_tmr
                0x00005178                ip_reass
                0x0000575c                ip_frag
 .text          0x000059c0      0x604 obj/default/lwip/src/core/mem.o
                0x000059c0                mem_init
                0x00005a10                mem_free
                0x00005bd4                mem_trim
                0x00005d48                mem_malloc
                0x00005f60                mem_calloc
 .text          0x00005fc4      0x248 obj/default/lwip/src/core/memp.o
                0x00005fc4                memp_init
                0x000060a4                memp_malloc
                0x0000618c                memp_free
 .text          0x0000620c      0x440 obj/default/lwip/src/core/netif.o
                0x0000620c                netif_init
                0x00006210                netif_find
                0x00006264                netif_set_ipaddr
                0x00006348                netif_set_addr
                0x000063c8                netif_add
                0x00006498                netif_set_gw
                0x000064b4                netif_set_netmask
                0x000064d0                netif_set_default
                0x000064d8                netif_set_up
                0x00006504                netif_set_down
                0x0000652c                netif_remove
                0x000065c4                netif_set_link_up
                0x00006630                netif_set_link_down
 .text          0x0000664c     0x109c obj/default/lwip/src/core/pbuf.o
                0x0000664c                pbuf_free_ooseq
                0x00006698                pbuf_header
                0x000067d8                pbuf_free
                0x00006914                pbuf_realloc
                0x00006a88                pbuf_alloc
                0x00006dd4                pbuf_clen
                0x00006df0                pbuf_ref
                0x00006e04                pbuf_cat
                0x00006ec0                pbuf_chain
                0x00006ef4                pbuf_dechain
                0x00006fc0                pbuf_copy
                0x000071bc                pbuf_copy_partial
                0x000072e0                pbuf_take
                0x00007438                pbuf_coalesce
                0x000074d0                pbuf_get_at
                0x0000751c                pbuf_memcmp
                0x000075d8                pbuf_memfind
                0x00007678                pbuf_strstr
 .text          0x000076e8      0x390 obj/default/lwip/src/core/raw.o
                0x000076e8                raw_input
                0x000077dc                raw_bind
                0x00007800                raw_connect
                0x00007824                raw_recv
                0x00007830                raw_sendto
                0x000079b8                raw_send
                0x000079c0                raw_remove
                0x00007a14                raw_new
 .text          0x00007a78        0x0 obj/default/lwip/src/core/snmp/asn1_dec.o
 .text          0x00007a78        0x0 obj/default/lwip/src/core/snmp/asn1_enc.o
 .text          0x00007a78        0x0 obj/default/lwip/src/core/snmp/mib2.o
 .text          0x00007a78        0x0 obj/default/lwip/src/core/snmp/mib_structs.o
 .text          0x00007a78        0x0 obj/default/lwip/src/core/snmp/msg_in.o
 .text          0x00007a78        0x0 obj/default/lwip/src/core/snmp/msg_out.o
 .text          0x00007a78        0x4 obj/default/lwip/src/core/stats.o
                0x00007a78                stats_init
 .text          0x00007a7c        0x0 obj/default/lwip/src/core/sys.o
 .text          0x00007a7c     0x197c obj/default/lwip/src/core/tcp.o
                0x00007b0c                tcp_init
                0x00007b10                tcp_bind
                0x00007c24                tcp_listen_with_backlog
                0x00007d50                tcp_update_rcv_ann_wnd
                0x00007df8                tcp_recved
                0x00007ed8                tcp_seg_free
                0x00007f20                tcp_segs_free
                0x00007f50                tcp_setprio
                0x00007f58                tcp_seg_copy
                0x00007fac                tcp_arg
                0x00007fb4                tcp_recv
                0x00007ffc                tcp_sent
                0x00008044                tcp_err
                0x0000808c                tcp_accept
                0x00008094                tcp_poll
                0x000080e0                tcp_pcb_purge
                0x00008158                tcp_slowtmr
                0x0000872c                tcp_pcb_remove
                0x00008870                tcp_abandon
                0x000089ec                tcp_abort
                0x000089f4                tcp_alloc
                0x00008bb0                tcp_new
                0x00008e50                tcp_shutdown
                0x00008efc                tcp_close
                0x00008f1c                tcp_recv_null
                0x00008f70                tcp_process_refused_data
                0x00009078                tcp_fasttmr
                0x00009120                tcp_tmr
                0x00009158                tcp_next_iss
                0x0000916c                tcp_eff_send_mss
                0x000091d0                tcp_connect
                0x000093dc                tcp_debug_state_str
 .text          0x000093f8      0xff4 obj/default/lwip/src/core/tcp_in.o
                0x000093f8                tcp_input
 .text.unlikely
                0x0000a3ec      0xfdc obj/default/lwip/src/core/tcp_in.o
 .text          0x0000b3c8     0x1be0 obj/default/lwip/src/core/tcp_out.o
                0x0000b750                tcp_write
                0x0000bf74                tcp_enqueue_flags
                0x0000c258                tcp_send_fin
                0x0000c2a8                tcp_send_empty_ack
                0x0000c38c                tcp_output
                0x0000c99c                tcp_rst
                0x0000cb6c                tcp_rexmit_rto
                0x0000cbb8                tcp_rexmit
                0x0000cc88                tcp_rexmit_fast
                0x0000cd4c                tcp_keepalive
                0x0000ce48                tcp_zero_window_probe
 .text          0x0000cfa8        0x4 obj/default/lwip/src/core/timers.o
                0x0000cfa8                tcp_timer_needed
 .text          0x0000cfac      0x938 obj/default/lwip/src/core/udp.o
                0x0000cfac                udp_init
                0x0000cfb0                udp_input
                0x0000d368                udp_bind
                0x0000d4cc                udp_sendto_if
                0x0000d6d8                udp_sendto
                0x0000d74c                udp_send
                0x0000d758                udp_connect
                0x0000d824                udp_disconnect
                0x0000d83c                udp_recv
                0x0000d848                udp_remove
                0x0000d89c                udp_new
 .text          0x0000d8e4     0x14fc obj/default/lwip/src/netif/etharp.o
                0x0000de98                etharp_tmr
                0x0000df60                etharp_cleanup_netif
                0x0000dfe0                etharp_find_addr
                0x0000e0a0                etharp_request
                0x0000e320                etharp_query
                0x0000e698                etharp_output
                0x0000e93c                ethernet_input
 .text          0x0000ede0        0x0 obj/default/lwip/src/netif/ethernetif.o
 .text          0x0000ede0        0x0 obj/default/lwip/src/netif/ppp/auth.o
 .text          0x0000ede0        0x0 obj/default/lwip/src/netif/ppp/chap.o
 .text          0x0000ede0        0x0 obj/default/lwip/src/netif/ppp/chpms.o
 .text          0x0000ede0        0x0 obj/default/lwip/src/netif/ppp/fsm.o
 .text          0x0000ede0        0x0 obj/default/lwip/src/netif/ppp/ipcp.o
 .text          0x0000ede0        0x0 obj/default/lwip/src/netif/ppp/lcp.o
 .text          0x0000ede0        0x0 obj/default/lwip/src/netif/ppp/magic.o
 .text          0x0000ede0        0x0 obj/default/lwip/src/netif/ppp/md5.o
 .text          0x0000ede0        0x0 obj/default/lwip/src/netif/ppp/pap.o
 .text          0x0000ede0        0x0 obj/default/lwip/src/netif/ppp/ppp.o
 .text          0x0000ede0        0x0 obj/default/lwip/src/netif/ppp/ppp_oe.o
 .text          0x0000ede0        0x0 obj/default/lwip/src/netif/ppp/randm.o
 .text          0x0000ede0        0x0 obj/default/lwip/src/netif/ppp/vj.o
 .text          0x0000ede0        0x0 obj/default/lwip/src/netif/slipif.o
 .text          0x0000ede0       0xc0 obj/default/main.o
                0x0000ede0                lwipAlarmCallback
                0x0000edf0                lwipProcessTimers
 .text.startup  0x0000eea0      0x218 obj/default/main.o
                0x0000eea0                main
 .text          0x0000f0b8       0x84 c:/altera/13.1/nios2eds/bin/gnu/h-i686-mingw32/bin/../lib/gcc/nios2-elf/4.7.3\libgcc.a(_fixunsdfsi.o)
                0x0000f0b8                __fixunsdfsi
 .text          0x0000f13c      0x408 c:/altera/13.1/nios2eds/bin/gnu/h-i686-mingw32/bin/../lib/gcc/nios2-elf/4.7.3\libgcc.a(_addsub_df.o)
                0x0000f490                __adddf3
                0x0000f4e4                __subdf3
 .text          0x0000f544      0x2e4 c:/altera/13.1/nios2eds/bin/gnu/h-i686-mingw32/bin/../lib/gcc/nios2-elf/4.7.3\libgcc.a(_mul_df.o)
                0x0000f544                __muldf3
 .text          0x0000f828      0x1b4 c:/altera/13.1/nios2eds/bin/gnu/h-i686-mingw32/bin/../lib/gcc/nios2-elf/4.7.3\libgcc.a(_div_df.o)
                0x0000f828                __divdf3
 .text          0x0000f9dc       0x64 c:/altera/13.1/nios2eds/bin/gnu/h-i686-mingw32/bin/../lib/gcc/nios2-elf/4.7.3\libgcc.a(_ge_df.o)
                0x0000f9dc                __gedf2
 .text          0x0000fa40       0xd4 c:/altera/13.1/nios2eds/bin/gnu/h-i686-mingw32/bin/../lib/gcc/nios2-elf/4.7.3\libgcc.a(_df_to_si.o)
                0x0000fa40                __fixdfsi
 .text          0x0000fb14        0x0 c:/altera/13.1/nios2eds/bin/gnu/h-i686-mingw32/bin/../lib/gcc/nios2-elf/4.7.3\libgcc.a(_thenan_df.o)
 .text          0x0000fb14      0x11c c:/altera/13.1/nios2eds/bin/gnu/h-i686-mingw32/bin/../lib/gcc/nios2-elf/4.7.3\libgcc.a(_usi_to_df.o)
                0x0000fb14                __floatunsidf
 .text          0x0000fc30       0x60 c:/altera/13.1/nios2eds/bin/gnu/h-i686-mingw32/bin/../lib/gcc/nios2-elf/4.7.3\libgcc.a(_muldi3.o)
                0x0000fc30                __muldi3
 .text          0x0000fc90       0xac c:/altera/13.1/nios2eds/bin/gnu/h-i686-mingw32/bin/../lib/gcc/nios2-elf/4.7.3\libgcc.a(_clzsi2.o)
                0x0000fc90                __clzsi2
 .text          0x0000fd3c      0x224 c:/altera/13.1/nios2eds/bin/gnu/h-i686-mingw32/bin/../lib/gcc/nios2-elf/4.7.3\libgcc.a(_pack_df.o)
                0x0000fd3c                __pack_d
 .text          0x0000ff60      0x104 c:/altera/13.1/nios2eds/bin/gnu/h-i686-mingw32/bin/../lib/gcc/nios2-elf/4.7.3\libgcc.a(_unpack_df.o)
                0x0000ff60                __unpack_d
 .text          0x00010064       0xd0 c:/altera/13.1/nios2eds/bin/gnu/h-i686-mingw32/bin/../lib/gcc/nios2-elf/4.7.3\libgcc.a(_fpcmp_parts_df.o)
                0x00010064                __fpcmp_parts_d
 .text          0x00010134       0x44 c:/altera/13.1/nios2eds/bin/gnu/h-i686-mingw32/bin/../lib/gcc/nios2-elf/4.7.3\libgcc.a(_lshrdi3.o)
                0x00010134                __lshrdi3
 .text          0x00010178       0x44 c:/altera/13.1/nios2eds/bin/gnu/h-i686-mingw32/bin/../lib/gcc/nios2-elf/4.7.3\libgcc.a(_ashldi3.o)
                0x00010178                __ashldi3
 .text          0x000101bc        0x0 c:/altera/13.1/nios2eds/bin/gnu/h-i686-mingw32/bin/../lib/gcc/nios2-elf/4.7.3\libgcc.a(_clz.o)
 .text          0x000101bc        0x0 c:/altera/13.1/nios2eds/bin/gnu/h-i686-mingw32/bin/../lib/gcc/nios2-elf/4.7.3/../../../../../H-i686-mingw32/nios2-elf/lib\libc.a(lib_a-impure.o)
 .text          0x000101bc       0x7c c:/altera/13.1/nios2eds/bin/gnu/h-i686-mingw32/bin/../lib/gcc/nios2-elf/4.7.3/../../../../../H-i686-mingw32/nios2-elf/lib\libc.a(lib_a-memcmp.o)
                0x000101bc                memcmp
 .text          0x00010238       0xf8 c:/altera/13.1/nios2eds/bin/gnu/h-i686-mingw32/bin/../lib/gcc/nios2-elf/4.7.3/../../../../../H-i686-mingw32/nios2-elf/lib\libc.a(lib_a-memcpy.o)
                0x00010238                memcpy
 .text          0x00010330       0xdc c:/altera/13.1/nios2eds/bin/gnu/h-i686-mingw32/bin/../lib/gcc/nios2-elf/4.7.3/../../../../../H-i686-mingw32/nios2-elf/lib\libc.a(lib_a-memset.o)
                0x00010330                memset
 .text          0x0001040c       0x68 c:/altera/13.1/nios2eds/bin/gnu/h-i686-mingw32/bin/../lib/gcc/nios2-elf/4.7.3/../../../../../H-i686-mingw32/nios2-elf/lib\libc.a(lib_a-printf.o)
                0x0001040c                _printf_r
                0x00010438                printf
 .text          0x00010474      0x1ac c:/altera/13.1/nios2eds/bin/gnu/h-i686-mingw32/bin/../lib/gcc/nios2-elf/4.7.3/../../../../../H-i686-mingw32/nios2-elf/lib\libc.a(lib_a-putc.o)
                0x00010474                _putc_r
                0x00010530                putc
 .text          0x00010620       0x98 c:/altera/13.1/nios2eds/bin/gnu/h-i686-mingw32/bin/../lib/gcc/nios2-elf/4.7.3/../../../../../H-i686-mingw32/nios2-elf/lib\libc.a(lib_a-puts.o)
                0x00010620                _puts_r
                0x000106a4                puts
 .text          0x000106b8       0xa4 c:/altera/13.1/nios2eds/bin/gnu/h-i686-mingw32/bin/../lib/gcc/nios2-elf/4.7.3/../../../../../H-i686-mingw32/nios2-elf/lib\libc.a(lib_a-strcmp.o)
                0x000106b8                strcmp
 .text          0x0001075c       0x8c c:/altera/13.1/nios2eds/bin/gnu/h-i686-mingw32/bin/../lib/gcc/nios2-elf/4.7.3/../../../../../H-i686-mingw32/nios2-elf/lib\libc.a(lib_a-strlen.o)
                0x0001075c                strlen
 .text          0x000107e8       0xfc c:/altera/13.1/nios2eds/bin/gnu/h-i686-mingw32/bin/../lib/gcc/nios2-elf/4.7.3/../../../../../H-i686-mingw32/nios2-elf/lib\libc.a(lib_a-strncmp.o)
                0x000107e8                strncmp
 .text          0x000108e4     0x1e50 c:/altera/13.1/nios2eds/bin/gnu/h-i686-mingw32/bin/../lib/gcc/nios2-elf/4.7.3/../../../../../H-i686-mingw32/nios2-elf/lib\libc.a(lib_a-vfprintf.o)
                0x00010918                ___vfprintf_internal_r
                0x00012710                __vfprintf_internal
 .text          0x00012734      0x158 c:/altera/13.1/nios2eds/bin/gnu/h-i686-mingw32/bin/../lib/gcc/nios2-elf/4.7.3/../../../../../H-i686-mingw32/nios2-elf/lib\libc.a(lib_a-wbuf.o)
                0x00012734                __swbuf_r
                0x00012870                __swbuf
 .text          0x0001288c      0x174 c:/altera/13.1/nios2eds/bin/gnu/h-i686-mingw32/bin/../lib/gcc/nios2-elf/4.7.3/../../../../../H-i686-mingw32/nios2-elf/lib\libc.a(lib_a-wsetup.o)
                0x0001288c                __swsetup_r
 .text          0x00012a00     0x1824 c:/altera/13.1/nios2eds/bin/gnu/h-i686-mingw32/bin/../lib/gcc/nios2-elf/4.7.3/../../../../../H-i686-mingw32/nios2-elf/lib\libc.a(lib_a-dtoa.o)
                0x00012c08                _dtoa_r
 .text          0x00014224      0x218 c:/altera/13.1/nios2eds/bin/gnu/h-i686-mingw32/bin/../lib/gcc/nios2-elf/4.7.3/../../../../../H-i686-mingw32/nios2-elf/lib\libc.a(lib_a-fflush.o)
                0x00014224                _fflush_r
                0x0001440c                fflush
 .text          0x0001443c      0x2d8 c:/altera/13.1/nios2eds/bin/gnu/h-i686-mingw32/bin/../lib/gcc/nios2-elf/4.7.3/../../../../../H-i686-mingw32/nios2-elf/lib\libc.a(lib_a-findfp.o)
                0x0001444c                _cleanup_r
                0x00014458                __sfmoreglue
                0x000144bc                _cleanup
                0x000144cc                __sinit
                0x000145d8                __sfp
                0x000146d4                __sfp_lock_acquire
                0x000146d8                __sfp_lock_release
                0x000146dc                __sinit_lock_acquire
                0x000146e0                __sinit_lock_release
                0x000146e4                __fp_lock_all
                0x000146fc                __fp_unlock_all
 .text          0x00014714      0x40c c:/altera/13.1/nios2eds/bin/gnu/h-i686-mingw32/bin/../lib/gcc/nios2-elf/4.7.3/../../../../../H-i686-mingw32/nios2-elf/lib\libc.a(lib_a-freer.o)
                0x00014714                _malloc_trim_r
                0x00014850                _free_r
 .text          0x00014b20      0x4e4 c:/altera/13.1/nios2eds/bin/gnu/h-i686-mingw32/bin/../lib/gcc/nios2-elf/4.7.3/../../../../../H-i686-mingw32/nios2-elf/lib\libc.a(lib_a-fvwrite.o)
                0x00014b20                __sfvwrite_r
 .text          0x00015004      0x160 c:/altera/13.1/nios2eds/bin/gnu/h-i686-mingw32/bin/../lib/gcc/nios2-elf/4.7.3/../../../../../H-i686-mingw32/nios2-elf/lib\libc.a(lib_a-fwalk.o)
                0x00015004                _fwalk
                0x000150ac                _fwalk_reent
 .text          0x00015164       0xdc c:/altera/13.1/nios2eds/bin/gnu/h-i686-mingw32/bin/../lib/gcc/nios2-elf/4.7.3/../../../../../H-i686-mingw32/nios2-elf/lib\libc.a(lib_a-locale.o)
                0x00015164                _setlocale_r
                0x00015200                __locale_charset
                0x0001520c                _localeconv_r
                0x00015218                setlocale
                0x00015234                localeconv
 .text          0x00015240      0x1a8 c:/altera/13.1/nios2eds/bin/gnu/h-i686-mingw32/bin/../lib/gcc/nios2-elf/4.7.3/../../../../../H-i686-mingw32/nios2-elf/lib\libc.a(lib_a-makebuf.o)
                0x00015240                __smakebuf_r
 .text          0x000153e8      0x784 c:/altera/13.1/nios2eds/bin/gnu/h-i686-mingw32/bin/../lib/gcc/nios2-elf/4.7.3/../../../../../H-i686-mingw32/nios2-elf/lib\libc.a(lib_a-mallocr.o)
                0x000153e8                _malloc_r
 .text          0x00015b6c       0xf8 c:/altera/13.1/nios2eds/bin/gnu/h-i686-mingw32/bin/../lib/gcc/nios2-elf/4.7.3/../../../../../H-i686-mingw32/nios2-elf/lib\libc.a(lib_a-memchr.o)
                0x00015b6c                memchr
 .text          0x00015c64      0x128 c:/altera/13.1/nios2eds/bin/gnu/h-i686-mingw32/bin/../lib/gcc/nios2-elf/4.7.3/../../../../../H-i686-mingw32/nios2-elf/lib\libc.a(lib_a-memmove.o)
                0x00015c64                memmove
 .text          0x00015d8c      0xfa8 c:/altera/13.1/nios2eds/bin/gnu/h-i686-mingw32/bin/../lib/gcc/nios2-elf/4.7.3/../../../../../H-i686-mingw32/nios2-elf/lib\libc.a(lib_a-mprec.o)
                0x00015d8c                _Balloc
                0x00015e34                _Bfree
                0x00015e5c                __multadd
                0x00015f70                __s2b
                0x00016074                __hi0bits
                0x000160dc                __lo0bits
                0x0001618c                __i2b
                0x000161c8                __multiply
                0x000163a8                __pow5mult
                0x000164d4                __lshift
                0x00016630                __mcmp
                0x00016688                __mdiff
                0x00016830                __ulp
                0x00016890                __b2d
                0x000169d8                __d2b
                0x00016b1c                __ratio
                0x00016bc0                _mprec_log10
                0x00016c34                __copybits
                0x00016cb0                __any_on
 .text          0x00016d34      0x5fc c:/altera/13.1/nios2eds/bin/gnu/h-i686-mingw32/bin/../lib/gcc/nios2-elf/4.7.3/../../../../../H-i686-mingw32/nios2-elf/lib\libc.a(lib_a-reallocr.o)
                0x00016d34                _realloc_r
 .text          0x00017330       0x38 c:/altera/13.1/nios2eds/bin/gnu/h-i686-mingw32/bin/../lib/gcc/nios2-elf/4.7.3/../../../../../H-i686-mingw32/nios2-elf/lib\libc.a(lib_a-s_isinfd.o)
                0x00017330                __isinfd
 .text          0x00017368       0x2c c:/altera/13.1/nios2eds/bin/gnu/h-i686-mingw32/bin/../lib/gcc/nios2-elf/4.7.3/../../../../../H-i686-mingw32/nios2-elf/lib\libc.a(lib_a-s_isnand.o)
                0x00017368                __isnand
 .text          0x00017394       0x64 c:/altera/13.1/nios2eds/bin/gnu/h-i686-mingw32/bin/../lib/gcc/nios2-elf/4.7.3/../../../../../H-i686-mingw32/nios2-elf/lib\libc.a(lib_a-sbrkr.o)
                0x00017394                _sbrk_r
 .text          0x000173f8      0x140 c:/altera/13.1/nios2eds/bin/gnu/h-i686-mingw32/bin/../lib/gcc/nios2-elf/4.7.3/../../../../../H-i686-mingw32/nios2-elf/lib\libc.a(lib_a-stdio.o)
                0x000173f8                __sread
                0x0001744c                __swrite
                0x000174d4                __sseek
                0x00017530                __sclose
 .text          0x00017538       0x6c c:/altera/13.1/nios2eds/bin/gnu/h-i686-mingw32/bin/../lib/gcc/nios2-elf/4.7.3/../../../../../H-i686-mingw32/nios2-elf/lib\libc.a(lib_a-writer.o)
                0x00017538                _write_r
 .text          0x000175a4       0xbc c:/altera/13.1/nios2eds/bin/gnu/h-i686-mingw32/bin/../lib/gcc/nios2-elf/4.7.3/../../../../../H-i686-mingw32/nios2-elf/lib\libc.a(lib_a-callocr.o)
                0x000175a4                _calloc_r
 .text          0x00017660       0x64 c:/altera/13.1/nios2eds/bin/gnu/h-i686-mingw32/bin/../lib/gcc/nios2-elf/4.7.3/../../../../../H-i686-mingw32/nios2-elf/lib\libc.a(lib_a-closer.o)
                0x00017660                _close_r
 .text          0x000176c4      0x150 c:/altera/13.1/nios2eds/bin/gnu/h-i686-mingw32/bin/../lib/gcc/nios2-elf/4.7.3/../../../../../H-i686-mingw32/nios2-elf/lib\libc.a(lib_a-fclose.o)
                0x000176c4                _fclose_r
                0x00017800                fclose
 .text          0x00017814       0x68 c:/altera/13.1/nios2eds/bin/gnu/h-i686-mingw32/bin/../lib/gcc/nios2-elf/4.7.3/../../../../../H-i686-mingw32/nios2-elf/lib\libc.a(lib_a-fstatr.o)
                0x00017814                _fstat_r
 .text          0x0001787c        0x0 c:/altera/13.1/nios2eds/bin/gnu/h-i686-mingw32/bin/../lib/gcc/nios2-elf/4.7.3/../../../../../H-i686-mingw32/nios2-elf/lib\libc.a(lib_a-int_errno.o)
 .text          0x0001787c       0x64 c:/altera/13.1/nios2eds/bin/gnu/h-i686-mingw32/bin/../lib/gcc/nios2-elf/4.7.3/../../../../../H-i686-mingw32/nios2-elf/lib\libc.a(lib_a-isattyr.o)
                0x0001787c                _isatty_r
 .text          0x000178e0       0x6c c:/altera/13.1/nios2eds/bin/gnu/h-i686-mingw32/bin/../lib/gcc/nios2-elf/4.7.3/../../../../../H-i686-mingw32/nios2-elf/lib\libc.a(lib_a-lseekr.o)
                0x000178e0                _lseek_r
 .text          0x0001794c       0x6c c:/altera/13.1/nios2eds/bin/gnu/h-i686-mingw32/bin/../lib/gcc/nios2-elf/4.7.3/../../../../../H-i686-mingw32/nios2-elf/lib\libc.a(lib_a-readr.o)
                0x0001794c                _read_r
 .text          0x000179b8      0x5c8 c:/altera/13.1/nios2eds/bin/gnu/h-i686-mingw32/bin/../lib/gcc/nios2-elf/4.7.3\libgcc.a(_udivdi3.o)
                0x000179b8                __udivdi3
 .text          0x00017f80      0x58c c:/altera/13.1/nios2eds/bin/gnu/h-i686-mingw32/bin/../lib/gcc/nios2-elf/4.7.3\libgcc.a(_umoddi3.o)
                0x00017f80                __umoddi3
 .text          0x0001850c       0x5c c:/altera/13.1/nios2eds/bin/gnu/h-i686-mingw32/bin/../lib/gcc/nios2-elf/4.7.3\libgcc.a(_eq_df.o)
                0x0001850c                __eqdf2
 .text          0x00018568       0x5c c:/altera/13.1/nios2eds/bin/gnu/h-i686-mingw32/bin/../lib/gcc/nios2-elf/4.7.3\libgcc.a(_ne_df.o)
                0x00018568                __nedf2
 .text          0x000185c4       0x64 c:/altera/13.1/nios2eds/bin/gnu/h-i686-mingw32/bin/../lib/gcc/nios2-elf/4.7.3\libgcc.a(_gt_df.o)
                0x000185c4                __gtdf2
 .text          0x00018628       0x5c c:/altera/13.1/nios2eds/bin/gnu/h-i686-mingw32/bin/../lib/gcc/nios2-elf/4.7.3\libgcc.a(_lt_df.o)
                0x00018628                __ltdf2
 .text          0x00018684       0xd4 c:/altera/13.1/nios2eds/bin/gnu/h-i686-mingw32/bin/../lib/gcc/nios2-elf/4.7.3\libgcc.a(_si_to_df.o)
                0x00018684                __floatsidf
 .text          0x00018758      0x130 c:/altera/13.1/nios2eds/bin/gnu/h-i686-mingw32/bin/../lib/gcc/nios2-elf/4.7.3\libgcc.a(lib2-divmod.o)
                0x000187cc                __divsi3
                0x0001881c                __modsi3
                0x00018878                __udivsi3
                0x00018880                __umodsi3
 .text          0x00018888      0x16c ../lwIP_NIOS_II_Example_bsp\libhal_bsp.a(alt_alarm_start.o)
                0x00018888                alt_alarm_start
 .text          0x000189f4      0x118 ../lwIP_NIOS_II_Example_bsp\libhal_bsp.a(alt_close.o)
                0x00018a44                close
 .text          0x00018b0c       0x2c ../lwIP_NIOS_II_Example_bsp\libhal_bsp.a(alt_dev.o)
 .text          0x00018b38        0x0 ../lwIP_NIOS_II_Example_bsp\libhal_bsp.a(alt_errno.o)
 .text          0x00018b38       0xfc ../lwIP_NIOS_II_Example_bsp\libhal_bsp.a(alt_fstat.o)
                0x00018b88                fstat
 .text          0x00018c34       0xf0 ../lwIP_NIOS_II_Example_bsp\libhal_bsp.a(alt_isatty.o)
                0x00018c84                isatty
 .text          0x00018d24       0xec ../lwIP_NIOS_II_Example_bsp\libhal_bsp.a(alt_load.o)
                0x00018d90                alt_load
 .text          0x00018e10      0x120 ../lwIP_NIOS_II_Example_bsp\libhal_bsp.a(alt_lseek.o)
                0x00018e60                lseek
 .text          0x00018f30       0x78 ../lwIP_NIOS_II_Example_bsp\libhal_bsp.a(alt_main.o)
                0x00018f30                alt_main
 .text          0x00018fa8       0x40 ../lwIP_NIOS_II_Example_bsp\libhal_bsp.a(alt_malloc_lock.o)
                0x00018fa8                __malloc_lock
                0x00018fc8                __malloc_unlock
 .text          0x00018fe8      0x140 ../lwIP_NIOS_II_Example_bsp\libhal_bsp.a(alt_read.o)
                0x00019038                read
 .text          0x00019128       0x60 ../lwIP_NIOS_II_Example_bsp\libhal_bsp.a(alt_release_fd.o)
                0x00019128                alt_release_fd
 .text          0x00019188       0x40 ../lwIP_NIOS_II_Example_bsp\libhal_bsp.a(alt_remap_uncached.o)
                0x00019188                alt_remap_uncached
 .text          0x000191c8      0x108 ../lwIP_NIOS_II_Example_bsp\libhal_bsp.a(alt_sbrk.o)
                0x000191c8                sbrk
 .text          0x000192d0      0x1c8 ../lwIP_NIOS_II_Example_bsp\libhal_bsp.a(alt_tick.o)
                0x000192d0                alt_alarm_stop
                0x00019394                alt_tick
 .text          0x00019498       0x58 ../lwIP_NIOS_II_Example_bsp\libhal_bsp.a(alt_uncached_malloc.o)
                0x00019498                alt_uncached_malloc
 .text          0x000194f0       0x30 ../lwIP_NIOS_II_Example_bsp\libhal_bsp.a(alt_usleep.o)
                0x000194f0                usleep
 .text          0x00019520      0x13c ../lwIP_NIOS_II_Example_bsp\libhal_bsp.a(alt_write.o)
                0x00019570                write
 .text          0x0001965c      0x1b0 ../lwIP_NIOS_II_Example_bsp\libhal_bsp.a(alt_sys_init.o)
                0x00019694                alt_irq_init
                0x000196d4                alt_sys_init
 .text          0x0001980c      0x894 ../lwIP_NIOS_II_Example_bsp\libhal_bsp.a(altera_avalon_cfi_flash.o)
                0x00019844                alt_flash_cfi_init
                0x000198d4                alt_flash_cfi_write
                0x00019b80                alt_flash_cfi_get_info
                0x00019c0c                alt_flash_cfi_read
                0x00019c70                alt_write_value_to_flash
                0x00019dc8                alt_flash_program_block
 .text          0x0001a0a0     0x1430 ../lwIP_NIOS_II_Example_bsp\libhal_bsp.a(altera_avalon_cfi_flash_table.o)
                0x0001a0a0                alt_read_query_entry_8bit
                0x0001a0dc                alt_read_query_entry_16bit
                0x0001a11c                alt_read_query_entry_32bit
                0x0001a15c                alt_write_flash_command_8bit_device_8bit_mode
                0x0001a1a0                alt_write_flash_command_16bit_device_8bit_mode
                0x0001a214                alt_write_flash_command_32bit_device_8bit_mode
                0x0001a260                alt_write_flash_command_16bit_device_16bit_mode
                0x0001a2a8                alt_write_flash_command_32bit_device_16bit_mode
                0x0001a2f4                alt_write_flash_command_32bit_device_32bit_mode
                0x0001a340                alt_write_native_8bit
                0x0001a378                alt_write_native_16bit
                0x0001a3b0                alt_write_native_32bit
                0x0001a3e4                alt_set_flash_width_func
                0x0001a5a8                alt_set_flash_algorithm_func
                0x0001a6c4                alt_read_cfi_table
                0x0001ac8c                alt_read_cfi_width
                0x0001b3fc                alt_check_primary_table
 .text          0x0001b4d0      0x164 ../lwIP_NIOS_II_Example_bsp\libhal_bsp.a(altera_avalon_jtag_uart_fd.o)
                0x0001b4d0                altera_avalon_jtag_uart_read_fd
                0x0001b530                altera_avalon_jtag_uart_write_fd
                0x0001b590                altera_avalon_jtag_uart_close_fd
                0x0001b5e0                altera_avalon_jtag_uart_ioctl_fd
 .text          0x0001b634      0x3d0 ../lwIP_NIOS_II_Example_bsp\libhal_bsp.a(altera_avalon_jtag_uart_init.o)
                0x0001b634                altera_avalon_jtag_uart_init
                0x0001b99c                altera_avalon_jtag_uart_close
 .text          0x0001ba04       0xf4 ../lwIP_NIOS_II_Example_bsp\libhal_bsp.a(altera_avalon_jtag_uart_ioctl.o)
                0x0001ba04                altera_avalon_jtag_uart_ioctl
 .text          0x0001baf8      0x244 ../lwIP_NIOS_II_Example_bsp\libhal_bsp.a(altera_avalon_jtag_uart_read.o)
                0x0001baf8                altera_avalon_jtag_uart_read
 .text          0x0001bd3c      0x250 ../lwIP_NIOS_II_Example_bsp\libhal_bsp.a(altera_avalon_jtag_uart_write.o)
                0x0001bd3c                altera_avalon_jtag_uart_write
 .text          0x0001bf8c      0xe8c ../lwIP_NIOS_II_Example_bsp\libhal_bsp.a(altera_avalon_lcd_16207.o)
                0x0001c750                altera_avalon_lcd_16207_write
                0x0001cce0                altera_avalon_lcd_16207_init
 .text          0x0001ce18       0x60 ../lwIP_NIOS_II_Example_bsp\libhal_bsp.a(altera_avalon_lcd_16207_fd.o)
                0x0001ce18                altera_avalon_lcd_16207_write_fd
 .text          0x0001ce78      0xd2c ../lwIP_NIOS_II_Example_bsp\libhal_bsp.a(altera_avalon_sgdma.o)
                0x0001cec8                alt_avalon_sgdma_do_async_transfer
                0x0001cfec                alt_avalon_sgdma_do_sync_transfer
                0x0001d0fc                alt_avalon_sgdma_construct_mem_to_mem_desc
                0x0001d16c                alt_avalon_sgdma_construct_mem_to_mem_desc_burst
                0x0001d1ec                alt_avalon_sgdma_construct_stream_to_mem_desc
                0x0001d248                alt_avalon_sgdma_construct_stream_to_mem_desc_burst
                0x0001d2bc                alt_avalon_sgdma_construct_mem_to_stream_desc
                0x0001d338                alt_avalon_sgdma_construct_mem_to_stream_desc_burst
                0x0001d3c0                alt_avalon_sgdma_register_callback
                0x0001d410                alt_avalon_sgdma_start
                0x0001d464                alt_avalon_sgdma_stop
                0x0001d4bc                alt_avalon_sgdma_check_descriptor_status
                0x0001d520                alt_avalon_sgdma_open
                0x0001d570                alt_avalon_sgdma_construct_descriptor
                0x0001d5f8                alt_avalon_sgdma_enable_desc_poll
                0x0001d678                alt_avalon_sgdma_disable_desc_poll
                0x0001d6d8                alt_avalon_sgdma_construct_descriptor_burst
                0x0001db00                alt_avalon_sgdma_init
 .text          0x0001dba4      0x128 ../lwIP_NIOS_II_Example_bsp\libhal_bsp.a(altera_avalon_timer_sc.o)
                0x0001dc44                alt_avalon_timer_sc_init
 .text          0x0001dccc      0x140 ../lwIP_NIOS_II_Example_bsp\libhal_bsp.a(altera_avalon_timer_ts.o)
                0x0001dccc                alt_timestamp_start
                0x0001dd54                alt_timestamp
                0x0001dde4                alt_timestamp_freq
 .text          0x0001de0c        0x0 ../lwIP_NIOS_II_Example_bsp\libhal_bsp.a(altera_avalon_timer_vars.o)
 .text          0x0001de0c     0x3190 ../lwIP_NIOS_II_Example_bsp\libhal_bsp.a(altera_avalon_tse.o)
                0x0001de0c                DP83848C_link_status_read
                0x0001de34                marvell_phy_cfg
                0x0001de98                no_printf
                0x0001deb0                tse_mac_initTransInfo2
                0x0001decc                tse_mac_sTxWrite
                0x0001df5c                tse_mac_aRxRead
                0x0001dfbc                tse_mac_SwReset
                0x0001dff4                tse_mac_setMIImode
                0x0001e010                tse_mac_setGMIImode
                0x0001e028                alt_tse_phy_add_profile
                0x0001e154                alt_tse_system_add_sys
                0x0001e484                alt_tse_sys_enable_mdio_sharing
                0x0001e578                alt_tse_get_system_index
                0x0001e5b4                alt_tse_get_mac_group_index
                0x0001e5fc                alt_tse_get_mac_info_index
                0x0001e640                alt_tse_get_mac_info
                0x0001e6ac                alt_tse_mac_set_speed
                0x0001e720                alt_tse_mac_set_duplex
                0x0001e764                alt_tse_phy_rd_mdio_addr
                0x0001e780                alt_tse_phy_wr_mdio_addr
                0x0001e7a4                alt_tse_phy_wr_mdio_reg
                0x0001e834                alt_tse_phy_rd_mdio_reg
                0x0001e8a0                alt_tse_phy_add_profile_default
                0x0001eabc                alt_tse_phy_print_profile
                0x0001eac4                alt_tse_mac_group_init
                0x0001ecd4                alt_tse_mac_associate_phy
                0x0001ef4c                alt_tse_phy_cfg_pcs
                0x0001f0a0                alt_tse_phy_restart_an
                0x0001f2e4                alt_tse_phy_check_link
                0x0001f4d0                alt_tse_phy_get_cap
                0x0001f820                alt_tse_phy_set_adv_1000
                0x0001f960                alt_tse_phy_set_adv_100
                0x0001fae8                alt_tse_phy_set_adv_10
                0x0001fc28                alt_tse_mac_get_phy
                0x0001ff04                alt_tse_phy_init
                0x0002000c                getPHYSpeed
                0x00020544                alt_tse_phy_get_common_speed
                0x00020848                alt_tse_mac_get_common_speed
                0x000208b8                alt_tse_phy_set_common_speed
                0x00020d78                alt_tse_mac_set_common_speed
                0x00020de8                marvell_cfg_gmii
                0x00020e78                marvell_cfg_sgmii
                0x00020f08                marvell_cfg_rgmii
 .text          0x00020f9c      0x110 ../lwIP_NIOS_II_Example_bsp\libhal_bsp.a(altera_avalon_uart_fd.o)
                0x00020f9c                altera_avalon_uart_read_fd
                0x00020ffc                altera_avalon_uart_write_fd
                0x0002105c                altera_avalon_uart_close_fd
 .text          0x000210ac      0x3a8 ../lwIP_NIOS_II_Example_bsp\libhal_bsp.a(altera_avalon_uart_init.o)
                0x000210ac                altera_avalon_uart_init
                0x00021400                altera_avalon_uart_close
 .text          0x00021454      0x2ac ../lwIP_NIOS_II_Example_bsp\libhal_bsp.a(altera_avalon_uart_read.o)
                0x000214a4                altera_avalon_uart_read
 .text          0x00021700      0x250 ../lwIP_NIOS_II_Example_bsp\libhal_bsp.a(altera_avalon_uart_write.o)
                0x00021750                altera_avalon_uart_write
 .text          0x00021950      0x200 ../lwIP_NIOS_II_Example_bsp\libhal_bsp.a(altera_vic_0_vector_tbl.o)
                0x00021950                VIC_0_VECTOR_TABLE
 .text          0x00021b50       0x18 ../lwIP_NIOS_II_Example_bsp\libhal_bsp.a(altera_vic_funnel_non_preemptive.o)
                0x00021b50                alt_shadow_non_preemptive_interrupt
 .text          0x00021b68      0x13c ../lwIP_NIOS_II_Example_bsp\libhal_bsp.a(altera_vic_irq_init.o)
                0x00021b68                alt_vic_irq_init
 .text          0x00021ca4      0x158 ../lwIP_NIOS_II_Example_bsp\libhal_bsp.a(altera_vic_isr_register.o)
                0x00021ca4                alt_ic_isr_register
 .text          0x00021dfc      0x128 ../lwIP_NIOS_II_Example_bsp\libhal_bsp.a(alt_busy_sleep.o)
                0x00021dfc                alt_busy_sleep
 .text          0x00021f24       0x24 ../lwIP_NIOS_II_Example_bsp\libhal_bsp.a(alt_dcache_flush.o)
                0x00021f24                alt_dcache_flush
 .text          0x00021f48       0x1c ../lwIP_NIOS_II_Example_bsp\libhal_bsp.a(alt_dcache_flush_all.o)
                0x00021f48                alt_dcache_flush_all
 .text          0x00021f64       0xf0 ../lwIP_NIOS_II_Example_bsp\libhal_bsp.a(alt_dev_llist_insert.o)
                0x00021fb4                alt_dev_llist_insert
 .text          0x00022054       0x5c ../lwIP_NIOS_II_Example_bsp\libhal_bsp.a(alt_do_ctors.o)
                0x00022054                _do_ctors
 .text          0x000220b0       0x5c ../lwIP_NIOS_II_Example_bsp\libhal_bsp.a(alt_do_dtors.o)
                0x000220b0                _do_dtors
 .text          0x0002210c       0x90 ../lwIP_NIOS_II_Example_bsp\libhal_bsp.a(alt_find_dev.o)
                0x0002210c                alt_find_dev
 .text          0x0002219c       0xb8 ../lwIP_NIOS_II_Example_bsp\libhal_bsp.a(alt_flash_dev.o)
                0x0002219c                alt_flash_open_dev
                0x00022204                alt_flash_close_dev
 .text          0x00022254       0x30 ../lwIP_NIOS_II_Example_bsp\libhal_bsp.a(alt_icache_flush_all.o)
                0x00022254                alt_icache_flush_all
 .text          0x00022284      0x138 ../lwIP_NIOS_II_Example_bsp\libhal_bsp.a(alt_io_redirect.o)
                0x00022344                alt_io_redirect
 .text          0x000223bc      0x270 ../lwIP_NIOS_II_Example_bsp\libhal_bsp.a(alt_open.o)
                0x000224d8                open
 .text          0x0002262c      0x460 ../lwIP_NIOS_II_Example_bsp\libhal_bsp.a(altera_avalon_cfi_flash_amd.o)
                0x0002262c                alt_program_amd
                0x00022694                alt_erase_block_amd
 .text          0x00022a8c      0x438 ../lwIP_NIOS_II_Example_bsp\libhal_bsp.a(altera_avalon_cfi_flash_intel.o)
                0x00022a8c                alt_program_intel
                0x00022b0c                alt_erase_block_intel
 .text          0x00022ec4      0x114 ../lwIP_NIOS_II_Example_bsp\libhal_bsp.a(alt_find_file.o)
                0x00022ec4                alt_find_file
 .text          0x00022fd8       0xb4 ../lwIP_NIOS_II_Example_bsp\libhal_bsp.a(alt_get_fd.o)
                0x00022fd8                alt_get_fd
 .text          0x0002308c       0x8c ../lwIP_NIOS_II_Example_bsp\libhal_bsp.a(alt_icache_flush.o)
                0x0002308c                alt_icache_flush
 .text          0x00023118       0x14 c:/altera/13.1/nios2eds/bin/gnu/h-i686-mingw32/bin/../lib/gcc/nios2-elf/4.7.3/../../../../../H-i686-mingw32/nios2-elf/lib\libc.a(lib_a-atexit.o)
                0x00023118                atexit
 .text          0x0002312c        0x0 c:/altera/13.1/nios2eds/bin/gnu/h-i686-mingw32/bin/../lib/gcc/nios2-elf/4.7.3/../../../../../H-i686-mingw32/nios2-elf/lib\libc.a(lib_a-ctype_.o)
 .text          0x0002312c       0x38 c:/altera/13.1/nios2eds/bin/gnu/h-i686-mingw32/bin/../lib/gcc/nios2-elf/4.7.3/../../../../../H-i686-mingw32/nios2-elf/lib\libc.a(lib_a-exit.o)
                0x0002312c                exit
 .text          0x00023164       0x28 c:/altera/13.1/nios2eds/bin/gnu/h-i686-mingw32/bin/../lib/gcc/nios2-elf/4.7.3/../../../../../H-i686-mingw32/nios2-elf/lib\libc.a(lib_a-malloc.o)
                0x00023164                malloc
                0x00023178                free
 .text          0x0002318c       0x94 c:/altera/13.1/nios2eds/bin/gnu/h-i686-mingw32/bin/../lib/gcc/nios2-elf/4.7.3/../../../../../H-i686-mingw32/nios2-elf/lib\libc.a(lib_a-strcpy.o)
                0x0002318c                strcpy
 .text          0x00023220      0x130 c:/altera/13.1/nios2eds/bin/gnu/h-i686-mingw32/bin/../lib/gcc/nios2-elf/4.7.3/../../../../../H-i686-mingw32/nios2-elf/lib\libc.a(lib_a-__atexit.o)
                0x00023220                __register_exitproc
 .text          0x00023350      0x1a0 c:/altera/13.1/nios2eds/bin/gnu/h-i686-mingw32/bin/../lib/gcc/nios2-elf/4.7.3/../../../../../H-i686-mingw32/nios2-elf/lib\libc.a(lib_a-__call_atexit.o)
                0x00023350                __call_exitprocs
 .text          0x000234f0       0x3c ../lwIP_NIOS_II_Example_bsp\libhal_bsp.a(alt_exit.o)
                0x000234f0                _exit
 *(.gnu.warning.*)
 *(.fini)
                0x0002352c                PROVIDE (__etext, ABSOLUTE (.))
                0x0002352c                PROVIDE (_etext, ABSOLUTE (.))
                0x0002352c                PROVIDE (etext, ABSOLUTE (.))
 *(.eh_frame_hdr)
                0x0002352c                . = ALIGN (0x4)
                0x0002352c                PROVIDE (__preinit_array_start, ABSOLUTE (.))
 *(.preinit_array)
                0x0002352c                PROVIDE (__preinit_array_end, ABSOLUTE (.))
                0x0002352c                PROVIDE (__init_array_start, ABSOLUTE (.))
 *(.init_array)
                0x0002352c                PROVIDE (__init_array_end, ABSOLUTE (.))
                0x0002352c                PROVIDE (__fini_array_start, ABSOLUTE (.))
 *(.fini_array)
                0x0002352c                PROVIDE (__fini_array_end, ABSOLUTE (.))
 *(.eh_frame)
 *(.gcc_except_table .gcc_except_table.*)
 *(.dynamic)
                0x0002352c                PROVIDE (__CTOR_LIST__, ABSOLUTE (.))
 *(.ctors)
 *(SORT(.ctors.*))
                0x0002352c                PROVIDE (__CTOR_END__, ABSOLUTE (.))
                0x0002352c                PROVIDE (__DTOR_LIST__, ABSOLUTE (.))
 *(.dtors)
 *(SORT(.dtors.*))
                0x0002352c                PROVIDE (__DTOR_END__, ABSOLUTE (.))
 *(.jcr)
                0x0002352c                . = ALIGN (0x4)

.rodata         0x0002352c     0x412c
                0x0002352c                PROVIDE (__ram_rodata_start, ABSOLUTE (.))
                0x0002352c                . = ALIGN (0x4)
 *(.rodata .rodata.* .gnu.linkonce.r.*)
 .rodata.str1.4
                0x0002352c       0xb2 obj/default/drivers/alteraTseEthernetif.o
                                 0xb4 (size before relaxing)
 *fill*         0x000235de        0x2 
 .rodata        0x000235e0      0xc80 obj/default/drivers/fs.o
                0x000235e0                file_index_html
                0x000235f0                file_404_html
                0x00023600                file_img_sics_gif
 .rodata.str1.4
                0x00024260       0x7a obj/default/drivers/httpd.o
                                 0xa4 (size before relaxing)
 *fill*         0x000242da        0x2 
 .rodata.str1.4
                0x000242dc      0x197 obj/default/drivers/lwip_tse_mac.o
                                0x198 (size before relaxing)
 *fill*         0x00024473        0x1 
 .rodata.str1.4
                0x00024474       0x1e obj/default/drivers/tse_my_system.o
                                 0x20 (size before relaxing)
 *fill*         0x00024492        0x2 
 .rodata.str1.4
                0x00024494       0x8a obj/default/echo.o
                                 0x8c (size before relaxing)
 *fill*         0x0002451e        0x2 
 .rodata.str1.4
                0x00024520       0x2b obj/default/histogram.o
                                 0x2c (size before relaxing)
 *fill*         0x0002454b        0x1 
 .rodata.str1.4
                0x0002454c      0x42c obj/default/lwip/src/core/dhcp.o
                                0x464 (size before relaxing)
 .rodata.str1.4
                0x00024978      0x131 obj/default/lwip/src/core/ipv4/icmp.o
                                0x15c (size before relaxing)
 *fill*         0x00024aa9        0x3 
 .rodata.str1.4
                0x00024aac       0x2d obj/default/lwip/src/core/ipv4/inet_chksum.o
                                 0x58 (size before relaxing)
 *fill*         0x00024ad9        0x3 
 .rodata.str1.4
                0x00024adc       0x51 obj/default/lwip/src/core/ipv4/ip.o
                                 0x7c (size before relaxing)
 *fill*         0x00024b2d        0x3 
 .rodata.str1.4
                0x00024b30       0x29 obj/default/lwip/src/core/ipv4/ip_addr.o
                                 0x54 (size before relaxing)
 *fill*         0x00024b59        0x3 
 .rodata.str1.4
                0x00024b5c      0x119 obj/default/lwip/src/core/ipv4/ip_frag.o
                                0x144 (size before relaxing)
 *fill*         0x00024c75        0x3 
 .rodata.str1.4
                0x00024c78      0x15b obj/default/lwip/src/core/mem.o
                                0x184 (size before relaxing)
 *fill*         0x00024dd3        0x1 
 .rodata.str1.4
                0x00024dd4       0x7c obj/default/lwip/src/core/memp.o
                                 0xa4 (size before relaxing)
 .rodata        0x00024e50       0x24 obj/default/lwip/src/core/memp.o
 .rodata.str1.4
                0x00024e74       0x2e obj/default/lwip/src/core/netif.o
                                 0x58 (size before relaxing)
 *fill*         0x00024ea2        0x2 
 .rodata.str1.4
                0x00024ea4      0x3a1 obj/default/lwip/src/core/pbuf.o
                                0x3d8 (size before relaxing)
 *fill*         0x00025245        0x3 
 .rodata.str1.4
                0x00025248       0x3c obj/default/lwip/src/core/raw.o
                                 0x64 (size before relaxing)
 .rodata.str1.4
                0x00025284      0x3f2 obj/default/lwip/src/core/tcp.o
                                0x42c (size before relaxing)
 *fill*         0x00025676        0x2 
 .rodata        0x00025678       0x4c obj/default/lwip/src/core/tcp.o
                0x00025678                tcp_pcb_lists
                0x00025688                tcp_backoff
                0x00025698                tcp_state_str
 .rodata.str1.4
                0x000256c4      0x2e6 obj/default/lwip/src/core/tcp_in.o
                                0x310 (size before relaxing)
 *fill*         0x000259aa        0x2 
 .rodata.str1.4
                0x000259ac      0x34b obj/default/lwip/src/core/tcp_out.o
                                0x374 (size before relaxing)
 *fill*         0x00025cf7        0x1 
 .rodata.str1.4
                0x00025cf8       0x76 obj/default/lwip/src/core/udp.o
                                 0xa0 (size before relaxing)
 *fill*         0x00025d6e        0x2 
 .rodata.str1.4
                0x00025d70      0x1bb obj/default/lwip/src/netif/etharp.o
                                0x218 (size before relaxing)
 *fill*         0x00025f2b        0x1 
 .rodata.str1.4
                0x00025f2c       0x6c obj/default/main.o
                                 0x74 (size before relaxing)
 .rodata        0x00025f98       0x14 c:/altera/13.1/nios2eds/bin/gnu/h-i686-mingw32/bin/../lib/gcc/nios2-elf/4.7.3\libgcc.a(_thenan_df.o)
                0x00025f98                __thenan_df
 .rodata        0x00025fac      0x100 c:/altera/13.1/nios2eds/bin/gnu/h-i686-mingw32/bin/../lib/gcc/nios2-elf/4.7.3\libgcc.a(_clz.o)
                0x00025fac                __clz_tab
 .rodata.str1.4
                0x00000000       0x6c c:/altera/13.1/nios2eds/bin/gnu/h-i686-mingw32/bin/../lib/gcc/nios2-elf/4.7.3/../../../../../H-i686-mingw32/nios2-elf/lib\libc.a(lib_a-impure.o)
                                  0x4 (size before relaxing)
 .rodata.str1.4
                0x00000000       0x6c c:/altera/13.1/nios2eds/bin/gnu/h-i686-mingw32/bin/../lib/gcc/nios2-elf/4.7.3/../../../../../H-i686-mingw32/nios2-elf/lib\libc.a(lib_a-puts.o)
                                  0x4 (size before relaxing)
 .rodata.str1.4
                0x000260ac       0x3f c:/altera/13.1/nios2eds/bin/gnu/h-i686-mingw32/bin/../lib/gcc/nios2-elf/4.7.3/../../../../../H-i686-mingw32/nios2-elf/lib\libc.a(lib_a-vfprintf.o)
                                 0x44 (size before relaxing)
 .rodata        0x000260eb       0x20 c:/altera/13.1/nios2eds/bin/gnu/h-i686-mingw32/bin/../lib/gcc/nios2-elf/4.7.3/../../../../../H-i686-mingw32/nios2-elf/lib\libc.a(lib_a-vfprintf.o)
 *fill*         0x0002610b        0x1 
 .rodata.str1.4
                0x0002610c       0x10 c:/altera/13.1/nios2eds/bin/gnu/h-i686-mingw32/bin/../lib/gcc/nios2-elf/4.7.3/../../../../../H-i686-mingw32/nios2-elf/lib\libc.a(lib_a-dtoa.o)
                                 0x14 (size before relaxing)
 .rodata.str1.4
                0x0002611c        0xe c:/altera/13.1/nios2eds/bin/gnu/h-i686-mingw32/bin/../lib/gcc/nios2-elf/4.7.3/../../../../../H-i686-mingw32/nios2-elf/lib\libc.a(lib_a-locale.o)
                                 0x18 (size before relaxing)
 *fill*         0x0002612a        0x2 
 .rodata        0x0002612c       0x30 c:/altera/13.1/nios2eds/bin/gnu/h-i686-mingw32/bin/../lib/gcc/nios2-elf/4.7.3/../../../../../H-i686-mingw32/nios2-elf/lib\libc.a(lib_a-locale.o)
 .rodata        0x0002615c      0x124 c:/altera/13.1/nios2eds/bin/gnu/h-i686-mingw32/bin/../lib/gcc/nios2-elf/4.7.3/../../../../../H-i686-mingw32/nios2-elf/lib\libc.a(lib_a-mprec.o)
                0x0002615c                __mprec_tinytens
                0x00026184                __mprec_bigtens
                0x000261ac                __mprec_tens
 .rodata        0x00026280        0xc ../lwIP_NIOS_II_Example_bsp\libhal_bsp.a(alt_dev.o)
 .rodata        0x0002628c       0x10 ../lwIP_NIOS_II_Example_bsp\libhal_bsp.a(alt_main.o)
 .rodata        0x0002629c       0x70 ../lwIP_NIOS_II_Example_bsp\libhal_bsp.a(alt_sys_init.o)
 .rodata.str1.4
                0x0002630c     0x1044 ../lwIP_NIOS_II_Example_bsp\libhal_bsp.a(altera_avalon_tse.o)
 .rodata        0x00027350       0x64 ../lwIP_NIOS_II_Example_bsp\libhal_bsp.a(altera_avalon_tse.o)
 .rodata        0x000273b4       0x20 ../lwIP_NIOS_II_Example_bsp\libhal_bsp.a(altera_vic_irq_init.o)
 .rodata        0x000273d4      0x281 c:/altera/13.1/nios2eds/bin/gnu/h-i686-mingw32/bin/../lib/gcc/nios2-elf/4.7.3/../../../../../H-i686-mingw32/nios2-elf/lib\libc.a(lib_a-ctype_.o)
                0x000273d4                _ctype_
 *(.rodata1)
                0x00027658                . = ALIGN (0x4)
 *fill*         0x00027655        0x3 
                0x00027658                PROVIDE (__ram_rodata_end, ABSOLUTE (.))
                0x0002352c                PROVIDE (__flash_rodata_start, LOADADDR (.rodata))

.rwdata         0x00027658     0x2220 load address 0x00029878
                0x00027658                PROVIDE (__ram_rwdata_start, ABSOLUTE (.))
                0x00027658                . = ALIGN (0x4)
 *(.got.plt)
 *(.got)
 *(.data1)
 *(.data .data.* .gnu.linkonce.d.*)
 .data          0x00027658        0x0 ../lwIP_NIOS_II_Example_bsp/obj/HAL/src/crt0.o
 .data          0x00027658        0x0 obj/default/drivers/alteraTseEthernetif.o
 .data          0x00027658        0x0 obj/default/drivers/fs.o
 .data          0x00027658        0x0 obj/default/drivers/fsdata.o
 .data          0x00027658        0x0 obj/default/drivers/httpd.o
 .data          0x00027658        0x0 obj/default/drivers/lwip_tse_mac.o
 .data          0x00027658      0x240 obj/default/drivers/tse_my_system.o
                0x00027658                tse_mac_device
 .data          0x00027898        0x0 obj/default/echo.o
 .data          0x00027898        0x0 obj/default/histogram.o
 .data          0x00027898        0x0 obj/default/lwip/src/api/api_lib.o
 .data          0x00027898        0x0 obj/default/lwip/src/api/api_msg.o
 .data          0x00027898        0x0 obj/default/lwip/src/api/err.o
 .data          0x00027898        0x0 obj/default/lwip/src/api/netbuf.o
 .data          0x00027898        0x0 obj/default/lwip/src/api/netdb.o
 .data          0x00027898        0x0 obj/default/lwip/src/api/netifapi.o
 .data          0x00027898        0x0 obj/default/lwip/src/api/sockets.o
 .data          0x00027898        0x0 obj/default/lwip/src/api/tcpip.o
 .data          0x00027898        0x0 obj/default/lwip/src/core/def.o
 .data          0x00027898        0x0 obj/default/lwip/src/core/dhcp.o
 .data          0x00027898        0x0 obj/default/lwip/src/core/dns.o
 .data          0x00027898        0x0 obj/default/lwip/src/core/init.o
 .data          0x00027898        0x0 obj/default/lwip/src/core/ipv4/autoip.o
 .data          0x00027898        0x0 obj/default/lwip/src/core/ipv4/icmp.o
 .data          0x00027898        0x0 obj/default/lwip/src/core/ipv4/igmp.o
 .data          0x00027898        0x0 obj/default/lwip/src/core/ipv4/inet.o
 .data          0x00027898        0x0 obj/default/lwip/src/core/ipv4/inet_chksum.o
 .data          0x00027898        0x0 obj/default/lwip/src/core/ipv4/ip.o
 .data          0x00027898        0x0 obj/default/lwip/src/core/ipv4/ip_addr.o
 .data          0x00027898        0x0 obj/default/lwip/src/core/ipv4/ip_frag.o
 .data          0x00027898        0x0 obj/default/lwip/src/core/mem.o
 .data          0x00027898        0x0 obj/default/lwip/src/core/memp.o
 .data          0x00027898        0x0 obj/default/lwip/src/core/netif.o
 .data          0x00027898        0x0 obj/default/lwip/src/core/pbuf.o
 .data          0x00027898        0x0 obj/default/lwip/src/core/raw.o
 .data          0x00027898        0x0 obj/default/lwip/src/core/snmp/asn1_dec.o
 .data          0x00027898        0x0 obj/default/lwip/src/core/snmp/asn1_enc.o
 .data          0x00027898        0x0 obj/default/lwip/src/core/snmp/mib2.o
 .data          0x00027898        0x0 obj/default/lwip/src/core/snmp/mib_structs.o
 .data          0x00027898        0x0 obj/default/lwip/src/core/snmp/msg_in.o
 .data          0x00027898        0x0 obj/default/lwip/src/core/snmp/msg_out.o
 .data          0x00027898        0x0 obj/default/lwip/src/core/stats.o
 .data          0x00027898        0x0 obj/default/lwip/src/core/sys.o
 .data          0x00027898        0x0 obj/default/lwip/src/core/tcp.o
 .data          0x00027898        0x0 obj/default/lwip/src/core/tcp_in.o
 .data          0x00027898        0x0 obj/default/lwip/src/core/tcp_out.o
 .data          0x00027898        0x0 obj/default/lwip/src/core/timers.o
 .data          0x00027898        0x0 obj/default/lwip/src/core/udp.o
 .data          0x00027898        0x0 obj/default/lwip/src/netif/etharp.o
 .data          0x00027898        0x0 obj/default/lwip/src/netif/ethernetif.o
 .data          0x00027898        0x0 obj/default/lwip/src/netif/ppp/auth.o
 .data          0x00027898        0x0 obj/default/lwip/src/netif/ppp/chap.o
 .data          0x00027898        0x0 obj/default/lwip/src/netif/ppp/chpms.o
 .data          0x00027898        0x0 obj/default/lwip/src/netif/ppp/fsm.o
 .data          0x00027898        0x0 obj/default/lwip/src/netif/ppp/ipcp.o
 .data          0x00027898        0x0 obj/default/lwip/src/netif/ppp/lcp.o
 .data          0x00027898        0x0 obj/default/lwip/src/netif/ppp/magic.o
 .data          0x00027898        0x0 obj/default/lwip/src/netif/ppp/md5.o
 .data          0x00027898        0x0 obj/default/lwip/src/netif/ppp/pap.o
 .data          0x00027898        0x0 obj/default/lwip/src/netif/ppp/ppp.o
 .data          0x00027898        0x0 obj/default/lwip/src/netif/ppp/ppp_oe.o
 .data          0x00027898        0x0 obj/default/lwip/src/netif/ppp/randm.o
 .data          0x00027898        0x0 obj/default/lwip/src/netif/ppp/vj.o
 .data          0x00027898        0x0 obj/default/lwip/src/netif/slipif.o
 .data          0x00027898        0x0 obj/default/main.o
 .data          0x00027898        0x0 c:/altera/13.1/nios2eds/bin/gnu/h-i686-mingw32/bin/../lib/gcc/nios2-elf/4.7.3\libgcc.a(_fixunsdfsi.o)
 .data          0x00027898        0x0 c:/altera/13.1/nios2eds/bin/gnu/h-i686-mingw32/bin/../lib/gcc/nios2-elf/4.7.3\libgcc.a(_addsub_df.o)
 .data          0x00027898        0x0 c:/altera/13.1/nios2eds/bin/gnu/h-i686-mingw32/bin/../lib/gcc/nios2-elf/4.7.3\libgcc.a(_mul_df.o)
 .data          0x00027898        0x0 c:/altera/13.1/nios2eds/bin/gnu/h-i686-mingw32/bin/../lib/gcc/nios2-elf/4.7.3\libgcc.a(_div_df.o)
 .data          0x00027898        0x0 c:/altera/13.1/nios2eds/bin/gnu/h-i686-mingw32/bin/../lib/gcc/nios2-elf/4.7.3\libgcc.a(_ge_df.o)
 .data          0x00027898        0x0 c:/altera/13.1/nios2eds/bin/gnu/h-i686-mingw32/bin/../lib/gcc/nios2-elf/4.7.3\libgcc.a(_df_to_si.o)
 .data          0x00027898        0x0 c:/altera/13.1/nios2eds/bin/gnu/h-i686-mingw32/bin/../lib/gcc/nios2-elf/4.7.3\libgcc.a(_thenan_df.o)
 .data          0x00027898        0x0 c:/altera/13.1/nios2eds/bin/gnu/h-i686-mingw32/bin/../lib/gcc/nios2-elf/4.7.3\libgcc.a(_usi_to_df.o)
 .data          0x00027898        0x0 c:/altera/13.1/nios2eds/bin/gnu/h-i686-mingw32/bin/../lib/gcc/nios2-elf/4.7.3\libgcc.a(_muldi3.o)
 .data          0x00027898        0x0 c:/altera/13.1/nios2eds/bin/gnu/h-i686-mingw32/bin/../lib/gcc/nios2-elf/4.7.3\libgcc.a(_clzsi2.o)
 .data          0x00027898        0x0 c:/altera/13.1/nios2eds/bin/gnu/h-i686-mingw32/bin/../lib/gcc/nios2-elf/4.7.3\libgcc.a(_pack_df.o)
 .data          0x00027898        0x0 c:/altera/13.1/nios2eds/bin/gnu/h-i686-mingw32/bin/../lib/gcc/nios2-elf/4.7.3\libgcc.a(_unpack_df.o)
 .data          0x00027898        0x0 c:/altera/13.1/nios2eds/bin/gnu/h-i686-mingw32/bin/../lib/gcc/nios2-elf/4.7.3\libgcc.a(_fpcmp_parts_df.o)
 .data          0x00027898        0x0 c:/altera/13.1/nios2eds/bin/gnu/h-i686-mingw32/bin/../lib/gcc/nios2-elf/4.7.3\libgcc.a(_lshrdi3.o)
 .data          0x00027898        0x0 c:/altera/13.1/nios2eds/bin/gnu/h-i686-mingw32/bin/../lib/gcc/nios2-elf/4.7.3\libgcc.a(_ashldi3.o)
 .data          0x00027898        0x0 c:/altera/13.1/nios2eds/bin/gnu/h-i686-mingw32/bin/../lib/gcc/nios2-elf/4.7.3\libgcc.a(_clz.o)
 .data          0x00027898      0x400 c:/altera/13.1/nios2eds/bin/gnu/h-i686-mingw32/bin/../lib/gcc/nios2-elf/4.7.3/../../../../../H-i686-mingw32/nios2-elf/lib\libc.a(lib_a-impure.o)
 .data          0x00027c98        0x0 c:/altera/13.1/nios2eds/bin/gnu/h-i686-mingw32/bin/../lib/gcc/nios2-elf/4.7.3/../../../../../H-i686-mingw32/nios2-elf/lib\libc.a(lib_a-memcmp.o)
 .data          0x00027c98        0x0 c:/altera/13.1/nios2eds/bin/gnu/h-i686-mingw32/bin/../lib/gcc/nios2-elf/4.7.3/../../../../../H-i686-mingw32/nios2-elf/lib\libc.a(lib_a-memcpy.o)
 .data          0x00027c98        0x0 c:/altera/13.1/nios2eds/bin/gnu/h-i686-mingw32/bin/../lib/gcc/nios2-elf/4.7.3/../../../../../H-i686-mingw32/nios2-elf/lib\libc.a(lib_a-memset.o)
 .data          0x00027c98        0x0 c:/altera/13.1/nios2eds/bin/gnu/h-i686-mingw32/bin/../lib/gcc/nios2-elf/4.7.3/../../../../../H-i686-mingw32/nios2-elf/lib\libc.a(lib_a-printf.o)
 .data          0x00027c98        0x0 c:/altera/13.1/nios2eds/bin/gnu/h-i686-mingw32/bin/../lib/gcc/nios2-elf/4.7.3/../../../../../H-i686-mingw32/nios2-elf/lib\libc.a(lib_a-putc.o)
 .data          0x00027c98        0x0 c:/altera/13.1/nios2eds/bin/gnu/h-i686-mingw32/bin/../lib/gcc/nios2-elf/4.7.3/../../../../../H-i686-mingw32/nios2-elf/lib\libc.a(lib_a-puts.o)
 .data          0x00027c98        0x0 c:/altera/13.1/nios2eds/bin/gnu/h-i686-mingw32/bin/../lib/gcc/nios2-elf/4.7.3/../../../../../H-i686-mingw32/nios2-elf/lib\libc.a(lib_a-strcmp.o)
 .data          0x00027c98        0x0 c:/altera/13.1/nios2eds/bin/gnu/h-i686-mingw32/bin/../lib/gcc/nios2-elf/4.7.3/../../../../../H-i686-mingw32/nios2-elf/lib\libc.a(lib_a-strlen.o)
 .data          0x00027c98        0x0 c:/altera/13.1/nios2eds/bin/gnu/h-i686-mingw32/bin/../lib/gcc/nios2-elf/4.7.3/../../../../../H-i686-mingw32/nios2-elf/lib\libc.a(lib_a-strncmp.o)
 .data          0x00027c98        0x0 c:/altera/13.1/nios2eds/bin/gnu/h-i686-mingw32/bin/../lib/gcc/nios2-elf/4.7.3/../../../../../H-i686-mingw32/nios2-elf/lib\libc.a(lib_a-vfprintf.o)
 .data          0x00027c98        0x0 c:/altera/13.1/nios2eds/bin/gnu/h-i686-mingw32/bin/../lib/gcc/nios2-elf/4.7.3/../../../../../H-i686-mingw32/nios2-elf/lib\libc.a(lib_a-wbuf.o)
 .data          0x00027c98        0x0 c:/altera/13.1/nios2eds/bin/gnu/h-i686-mingw32/bin/../lib/gcc/nios2-elf/4.7.3/../../../../../H-i686-mingw32/nios2-elf/lib\libc.a(lib_a-wsetup.o)
 .data          0x00027c98        0x0 c:/altera/13.1/nios2eds/bin/gnu/h-i686-mingw32/bin/../lib/gcc/nios2-elf/4.7.3/../../../../../H-i686-mingw32/nios2-elf/lib\libc.a(lib_a-dtoa.o)
 .data          0x00027c98        0x0 c:/altera/13.1/nios2eds/bin/gnu/h-i686-mingw32/bin/../lib/gcc/nios2-elf/4.7.3/../../../../../H-i686-mingw32/nios2-elf/lib\libc.a(lib_a-fflush.o)
 .data          0x00027c98        0x0 c:/altera/13.1/nios2eds/bin/gnu/h-i686-mingw32/bin/../lib/gcc/nios2-elf/4.7.3/../../../../../H-i686-mingw32/nios2-elf/lib\libc.a(lib_a-findfp.o)
 .data          0x00027c98        0x0 c:/altera/13.1/nios2eds/bin/gnu/h-i686-mingw32/bin/../lib/gcc/nios2-elf/4.7.3/../../../../../H-i686-mingw32/nios2-elf/lib\libc.a(lib_a-freer.o)
 .data          0x00027c98        0x0 c:/altera/13.1/nios2eds/bin/gnu/h-i686-mingw32/bin/../lib/gcc/nios2-elf/4.7.3/../../../../../H-i686-mingw32/nios2-elf/lib\libc.a(lib_a-fvwrite.o)
 .data          0x00027c98        0x0 c:/altera/13.1/nios2eds/bin/gnu/h-i686-mingw32/bin/../lib/gcc/nios2-elf/4.7.3/../../../../../H-i686-mingw32/nios2-elf/lib\libc.a(lib_a-fwalk.o)
 .data          0x00027c98        0xc c:/altera/13.1/nios2eds/bin/gnu/h-i686-mingw32/bin/../lib/gcc/nios2-elf/4.7.3/../../../../../H-i686-mingw32/nios2-elf/lib\libc.a(lib_a-locale.o)
                0x00027c98                __lc_ctype
 .data          0x00027ca4        0x0 c:/altera/13.1/nios2eds/bin/gnu/h-i686-mingw32/bin/../lib/gcc/nios2-elf/4.7.3/../../../../../H-i686-mingw32/nios2-elf/lib\libc.a(lib_a-makebuf.o)
 .data          0x00027ca4      0x408 c:/altera/13.1/nios2eds/bin/gnu/h-i686-mingw32/bin/../lib/gcc/nios2-elf/4.7.3/../../../../../H-i686-mingw32/nios2-elf/lib\libc.a(lib_a-mallocr.o)
                0x00027ca4                __malloc_av_
 .data          0x000280ac        0x0 c:/altera/13.1/nios2eds/bin/gnu/h-i686-mingw32/bin/../lib/gcc/nios2-elf/4.7.3/../../../../../H-i686-mingw32/nios2-elf/lib\libc.a(lib_a-memchr.o)
 .data          0x000280ac        0x0 c:/altera/13.1/nios2eds/bin/gnu/h-i686-mingw32/bin/../lib/gcc/nios2-elf/4.7.3/../../../../../H-i686-mingw32/nios2-elf/lib\libc.a(lib_a-memmove.o)
 .data          0x000280ac        0x0 c:/altera/13.1/nios2eds/bin/gnu/h-i686-mingw32/bin/../lib/gcc/nios2-elf/4.7.3/../../../../../H-i686-mingw32/nios2-elf/lib\libc.a(lib_a-mprec.o)
 .data          0x000280ac        0x0 c:/altera/13.1/nios2eds/bin/gnu/h-i686-mingw32/bin/../lib/gcc/nios2-elf/4.7.3/../../../../../H-i686-mingw32/nios2-elf/lib\libc.a(lib_a-reallocr.o)
 .data          0x000280ac        0x0 c:/altera/13.1/nios2eds/bin/gnu/h-i686-mingw32/bin/../lib/gcc/nios2-elf/4.7.3/../../../../../H-i686-mingw32/nios2-elf/lib\libc.a(lib_a-s_isinfd.o)
 .data          0x000280ac        0x0 c:/altera/13.1/nios2eds/bin/gnu/h-i686-mingw32/bin/../lib/gcc/nios2-elf/4.7.3/../../../../../H-i686-mingw32/nios2-elf/lib\libc.a(lib_a-s_isnand.o)
 .data          0x000280ac        0x0 c:/altera/13.1/nios2eds/bin/gnu/h-i686-mingw32/bin/../lib/gcc/nios2-elf/4.7.3/../../../../../H-i686-mingw32/nios2-elf/lib\libc.a(lib_a-sbrkr.o)
 .data          0x000280ac        0x0 c:/altera/13.1/nios2eds/bin/gnu/h-i686-mingw32/bin/../lib/gcc/nios2-elf/4.7.3/../../../../../H-i686-mingw32/nios2-elf/lib\libc.a(lib_a-stdio.o)
 .data          0x000280ac        0x0 c:/altera/13.1/nios2eds/bin/gnu/h-i686-mingw32/bin/../lib/gcc/nios2-elf/4.7.3/../../../../../H-i686-mingw32/nios2-elf/lib\libc.a(lib_a-writer.o)
 .data          0x000280ac        0x0 c:/altera/13.1/nios2eds/bin/gnu/h-i686-mingw32/bin/../lib/gcc/nios2-elf/4.7.3/../../../../../H-i686-mingw32/nios2-elf/lib\libc.a(lib_a-callocr.o)
 .data          0x000280ac        0x0 c:/altera/13.1/nios2eds/bin/gnu/h-i686-mingw32/bin/../lib/gcc/nios2-elf/4.7.3/../../../../../H-i686-mingw32/nios2-elf/lib\libc.a(lib_a-closer.o)
 .data          0x000280ac        0x0 c:/altera/13.1/nios2eds/bin/gnu/h-i686-mingw32/bin/../lib/gcc/nios2-elf/4.7.3/../../../../../H-i686-mingw32/nios2-elf/lib\libc.a(lib_a-fclose.o)
 .data          0x000280ac        0x0 c:/altera/13.1/nios2eds/bin/gnu/h-i686-mingw32/bin/../lib/gcc/nios2-elf/4.7.3/../../../../../H-i686-mingw32/nios2-elf/lib\libc.a(lib_a-fstatr.o)
 .data          0x000280ac        0x0 c:/altera/13.1/nios2eds/bin/gnu/h-i686-mingw32/bin/../lib/gcc/nios2-elf/4.7.3/../../../../../H-i686-mingw32/nios2-elf/lib\libc.a(lib_a-int_errno.o)
 .data          0x000280ac        0x0 c:/altera/13.1/nios2eds/bin/gnu/h-i686-mingw32/bin/../lib/gcc/nios2-elf/4.7.3/../../../../../H-i686-mingw32/nios2-elf/lib\libc.a(lib_a-isattyr.o)
 .data          0x000280ac        0x0 c:/altera/13.1/nios2eds/bin/gnu/h-i686-mingw32/bin/../lib/gcc/nios2-elf/4.7.3/../../../../../H-i686-mingw32/nios2-elf/lib\libc.a(lib_a-lseekr.o)
 .data          0x000280ac        0x0 c:/altera/13.1/nios2eds/bin/gnu/h-i686-mingw32/bin/../lib/gcc/nios2-elf/4.7.3/../../../../../H-i686-mingw32/nios2-elf/lib\libc.a(lib_a-readr.o)
 .data          0x000280ac        0x0 c:/altera/13.1/nios2eds/bin/gnu/h-i686-mingw32/bin/../lib/gcc/nios2-elf/4.7.3\libgcc.a(_udivdi3.o)
 .data          0x000280ac        0x0 c:/altera/13.1/nios2eds/bin/gnu/h-i686-mingw32/bin/../lib/gcc/nios2-elf/4.7.3\libgcc.a(_umoddi3.o)
 .data          0x000280ac        0x0 c:/altera/13.1/nios2eds/bin/gnu/h-i686-mingw32/bin/../lib/gcc/nios2-elf/4.7.3\libgcc.a(_eq_df.o)
 .data          0x000280ac        0x0 c:/altera/13.1/nios2eds/bin/gnu/h-i686-mingw32/bin/../lib/gcc/nios2-elf/4.7.3\libgcc.a(_ne_df.o)
 .data          0x000280ac        0x0 c:/altera/13.1/nios2eds/bin/gnu/h-i686-mingw32/bin/../lib/gcc/nios2-elf/4.7.3\libgcc.a(_gt_df.o)
 .data          0x000280ac        0x0 c:/altera/13.1/nios2eds/bin/gnu/h-i686-mingw32/bin/../lib/gcc/nios2-elf/4.7.3\libgcc.a(_lt_df.o)
 .data          0x000280ac        0x0 c:/altera/13.1/nios2eds/bin/gnu/h-i686-mingw32/bin/../lib/gcc/nios2-elf/4.7.3\libgcc.a(_si_to_df.o)
 .data          0x000280ac        0x0 c:/altera/13.1/nios2eds/bin/gnu/h-i686-mingw32/bin/../lib/gcc/nios2-elf/4.7.3\libgcc.a(lib2-divmod.o)
 .data          0x000280ac        0x0 ../lwIP_NIOS_II_Example_bsp\libhal_bsp.a(alt_alarm_start.o)
 .data          0x000280ac        0x0 ../lwIP_NIOS_II_Example_bsp\libhal_bsp.a(alt_close.o)
 .data          0x000280ac      0x1a8 ../lwIP_NIOS_II_Example_bsp\libhal_bsp.a(alt_dev.o)
                0x000280ac                alt_dev_null
                0x000280d4                alt_fd_list
 .data          0x00028254        0x0 ../lwIP_NIOS_II_Example_bsp\libhal_bsp.a(alt_errno.o)
 .data          0x00028254        0x0 ../lwIP_NIOS_II_Example_bsp\libhal_bsp.a(alt_fstat.o)
 .data          0x00028254        0x0 ../lwIP_NIOS_II_Example_bsp\libhal_bsp.a(alt_isatty.o)
 .data          0x00028254        0x0 ../lwIP_NIOS_II_Example_bsp\libhal_bsp.a(alt_load.o)
 .data          0x00028254        0x0 ../lwIP_NIOS_II_Example_bsp\libhal_bsp.a(alt_lseek.o)
 .data          0x00028254        0x0 ../lwIP_NIOS_II_Example_bsp\libhal_bsp.a(alt_main.o)
 .data          0x00028254        0x0 ../lwIP_NIOS_II_Example_bsp\libhal_bsp.a(alt_malloc_lock.o)
 .data          0x00028254        0x0 ../lwIP_NIOS_II_Example_bsp\libhal_bsp.a(alt_read.o)
 .data          0x00028254        0x0 ../lwIP_NIOS_II_Example_bsp\libhal_bsp.a(alt_release_fd.o)
 .data          0x00028254        0x0 ../lwIP_NIOS_II_Example_bsp\libhal_bsp.a(alt_remap_uncached.o)
 .data          0x00028254        0x0 ../lwIP_NIOS_II_Example_bsp\libhal_bsp.a(alt_sbrk.o)
 .data          0x00028254        0x0 ../lwIP_NIOS_II_Example_bsp\libhal_bsp.a(alt_tick.o)
 .data          0x00028254        0x0 ../lwIP_NIOS_II_Example_bsp\libhal_bsp.a(alt_uncached_malloc.o)
 .data          0x00028254        0x0 ../lwIP_NIOS_II_Example_bsp\libhal_bsp.a(alt_usleep.o)
 .data          0x00028254        0x0 ../lwIP_NIOS_II_Example_bsp\libhal_bsp.a(alt_write.o)
 .data          0x00028254     0x15a0 ../lwIP_NIOS_II_Example_bsp\libhal_bsp.a(alt_sys_init.o)
 .data          0x000297f4        0x0 ../lwIP_NIOS_II_Example_bsp\libhal_bsp.a(altera_avalon_cfi_flash.o)
 .data          0x000297f4        0x0 ../lwIP_NIOS_II_Example_bsp\libhal_bsp.a(altera_avalon_cfi_flash_table.o)
 .data          0x000297f4        0x0 ../lwIP_NIOS_II_Example_bsp\libhal_bsp.a(altera_avalon_jtag_uart_fd.o)
 .data          0x000297f4        0x0 ../lwIP_NIOS_II_Example_bsp\libhal_bsp.a(altera_avalon_jtag_uart_init.o)
 .data          0x000297f4        0x0 ../lwIP_NIOS_II_Example_bsp\libhal_bsp.a(altera_avalon_jtag_uart_ioctl.o)
 .data          0x000297f4        0x0 ../lwIP_NIOS_II_Example_bsp\libhal_bsp.a(altera_avalon_jtag_uart_read.o)
 .data          0x000297f4        0x0 ../lwIP_NIOS_II_Example_bsp\libhal_bsp.a(altera_avalon_jtag_uart_write.o)
 .data          0x000297f4        0x0 ../lwIP_NIOS_II_Example_bsp\libhal_bsp.a(altera_avalon_lcd_16207.o)
 .data          0x000297f4        0x0 ../lwIP_NIOS_II_Example_bsp\libhal_bsp.a(altera_avalon_lcd_16207_fd.o)
 .data          0x000297f4        0x0 ../lwIP_NIOS_II_Example_bsp\libhal_bsp.a(altera_avalon_sgdma.o)
 .data          0x000297f4        0x0 ../lwIP_NIOS_II_Example_bsp\libhal_bsp.a(altera_avalon_timer_sc.o)
 .data          0x000297f4        0x0 ../lwIP_NIOS_II_Example_bsp\libhal_bsp.a(altera_avalon_timer_ts.o)
 .data          0x000297f4        0x0 ../lwIP_NIOS_II_Example_bsp\libhal_bsp.a(altera_avalon_timer_vars.o)
 .data          0x000297f4        0x0 ../lwIP_NIOS_II_Example_bsp\libhal_bsp.a(altera_avalon_tse.o)
 .data          0x000297f4        0x0 ../lwIP_NIOS_II_Example_bsp\libhal_bsp.a(altera_avalon_uart_fd.o)
 .data          0x000297f4        0x0 ../lwIP_NIOS_II_Example_bsp\libhal_bsp.a(altera_avalon_uart_init.o)
 .data          0x000297f4        0x0 ../lwIP_NIOS_II_Example_bsp\libhal_bsp.a(altera_avalon_uart_read.o)
 .data          0x000297f4        0x0 ../lwIP_NIOS_II_Example_bsp\libhal_bsp.a(altera_avalon_uart_write.o)
 .data          0x000297f4        0x0 ../lwIP_NIOS_II_Example_bsp\libhal_bsp.a(altera_vic_0_vector_tbl.o)
 .data          0x000297f4        0x0 ../lwIP_NIOS_II_Example_bsp\libhal_bsp.a(altera_vic_funnel_non_preemptive.o)
 .data          0x000297f4        0x0 ../lwIP_NIOS_II_Example_bsp\libhal_bsp.a(altera_vic_irq_init.o)
 .data          0x000297f4        0x0 ../lwIP_NIOS_II_Example_bsp\libhal_bsp.a(altera_vic_isr_register.o)
 .data          0x000297f4        0x0 ../lwIP_NIOS_II_Example_bsp\libhal_bsp.a(alt_busy_sleep.o)
 .data          0x000297f4        0x0 ../lwIP_NIOS_II_Example_bsp\libhal_bsp.a(alt_dcache_flush.o)
 .data          0x000297f4        0x0 ../lwIP_NIOS_II_Example_bsp\libhal_bsp.a(alt_dcache_flush_all.o)
 .data          0x000297f4        0x0 ../lwIP_NIOS_II_Example_bsp\libhal_bsp.a(alt_dev_llist_insert.o)
 .data          0x000297f4        0x0 ../lwIP_NIOS_II_Example_bsp\libhal_bsp.a(alt_do_ctors.o)
 .data          0x000297f4        0x0 ../lwIP_NIOS_II_Example_bsp\libhal_bsp.a(alt_do_dtors.o)
 .data          0x000297f4        0x0 ../lwIP_NIOS_II_Example_bsp\libhal_bsp.a(alt_find_dev.o)
 .data          0x000297f4        0x0 ../lwIP_NIOS_II_Example_bsp\libhal_bsp.a(alt_flash_dev.o)
 .data          0x000297f4        0x0 ../lwIP_NIOS_II_Example_bsp\libhal_bsp.a(alt_icache_flush_all.o)
 .data          0x000297f4        0x0 ../lwIP_NIOS_II_Example_bsp\libhal_bsp.a(alt_io_redirect.o)
 .data          0x000297f4        0x0 ../lwIP_NIOS_II_Example_bsp\libhal_bsp.a(alt_open.o)
 .data          0x000297f4        0x0 ../lwIP_NIOS_II_Example_bsp\libhal_bsp.a(altera_avalon_cfi_flash_amd.o)
 .data          0x000297f4        0x0 ../lwIP_NIOS_II_Example_bsp\libhal_bsp.a(altera_avalon_cfi_flash_intel.o)
 .data          0x000297f4        0x0 ../lwIP_NIOS_II_Example_bsp\libhal_bsp.a(alt_find_file.o)
 .data          0x000297f4        0x0 ../lwIP_NIOS_II_Example_bsp\libhal_bsp.a(alt_get_fd.o)
 .data          0x000297f4        0x0 ../lwIP_NIOS_II_Example_bsp\libhal_bsp.a(alt_icache_flush.o)
 .data          0x000297f4        0x0 c:/altera/13.1/nios2eds/bin/gnu/h-i686-mingw32/bin/../lib/gcc/nios2-elf/4.7.3/../../../../../H-i686-mingw32/nios2-elf/lib\libc.a(lib_a-atexit.o)
 .data          0x000297f4        0x0 c:/altera/13.1/nios2eds/bin/gnu/h-i686-mingw32/bin/../lib/gcc/nios2-elf/4.7.3/../../../../../H-i686-mingw32/nios2-elf/lib\libc.a(lib_a-ctype_.o)
 .data          0x000297f4        0x0 c:/altera/13.1/nios2eds/bin/gnu/h-i686-mingw32/bin/../lib/gcc/nios2-elf/4.7.3/../../../../../H-i686-mingw32/nios2-elf/lib\libc.a(lib_a-exit.o)
 .data          0x000297f4        0x0 c:/altera/13.1/nios2eds/bin/gnu/h-i686-mingw32/bin/../lib/gcc/nios2-elf/4.7.3/../../../../../H-i686-mingw32/nios2-elf/lib\libc.a(lib_a-malloc.o)
 .data          0x000297f4        0x0 c:/altera/13.1/nios2eds/bin/gnu/h-i686-mingw32/bin/../lib/gcc/nios2-elf/4.7.3/../../../../../H-i686-mingw32/nios2-elf/lib\libc.a(lib_a-strcpy.o)
 .data          0x000297f4        0x0 c:/altera/13.1/nios2eds/bin/gnu/h-i686-mingw32/bin/../lib/gcc/nios2-elf/4.7.3/../../../../../H-i686-mingw32/nios2-elf/lib\libc.a(lib_a-__atexit.o)
 .data          0x000297f4        0x0 c:/altera/13.1/nios2eds/bin/gnu/h-i686-mingw32/bin/../lib/gcc/nios2-elf/4.7.3/../../../../../H-i686-mingw32/nios2-elf/lib\libc.a(lib_a-__call_atexit.o)
 .data          0x000297f4        0x0 ../lwIP_NIOS_II_Example_bsp\libhal_bsp.a(alt_exit.o)
                0x000317f4                _gp = ABSOLUTE ((. + 0x8000))
                0x000317f4                PROVIDE (gp, _gp)
 *(.rwdata .rwdata.*)
 *(.sdata .sdata.* .gnu.linkonce.s.*)
 .sdata         0x000297f4        0x4 obj/default/echo.o
                0x000297f4                histid
 .sdata         0x000297f8        0x4 obj/default/lwip/src/core/dhcp.o
 .sdata         0x000297fc        0x8 obj/default/lwip/src/core/ipv4/ip_addr.o
                0x000297fc                ip_addr_broadcast
                0x00029800                ip_addr_any
 .sdata         0x00029804       0x10 obj/default/lwip/src/core/tcp.o
                0x00029804                tcp_persist_backoff
 .sdata         0x00029814        0x2 obj/default/lwip/src/core/udp.o
 .sdata         0x00029816        0xc obj/default/lwip/src/netif/etharp.o
                0x00029816                ethzero
                0x0002981c                ethbroadcast
 *fill*         0x00029822        0x2 
 .sdata         0x00029824        0x8 c:/altera/13.1/nios2eds/bin/gnu/h-i686-mingw32/bin/../lib/gcc/nios2-elf/4.7.3/../../../../../H-i686-mingw32/nios2-elf/lib\libc.a(lib_a-impure.o)
                0x00029824                _global_impure_ptr
                0x00029828                _impure_ptr
 .sdata         0x0002982c        0x4 c:/altera/13.1/nios2eds/bin/gnu/h-i686-mingw32/bin/../lib/gcc/nios2-elf/4.7.3/../../../../../H-i686-mingw32/nios2-elf/lib\libc.a(lib_a-locale.o)
                0x0002982c                __mb_cur_max
 .sdata         0x00029830        0x8 c:/altera/13.1/nios2eds/bin/gnu/h-i686-mingw32/bin/../lib/gcc/nios2-elf/4.7.3/../../../../../H-i686-mingw32/nios2-elf/lib\libc.a(lib_a-mallocr.o)
                0x00029830                __malloc_sbrk_base
                0x00029834                __malloc_trim_threshold
 .sdata         0x00029838       0x14 ../lwIP_NIOS_II_Example_bsp\libhal_bsp.a(alt_dev.o)
                0x00029838                alt_fs_list
                0x00029840                alt_dev_list
                0x00029848                alt_max_fd
 .sdata         0x0002984c        0x4 ../lwIP_NIOS_II_Example_bsp\libhal_bsp.a(alt_errno.o)
                0x0002984c                alt_errno
 .sdata         0x00029850        0x4 ../lwIP_NIOS_II_Example_bsp\libhal_bsp.a(alt_sbrk.o)
 .sdata         0x00029854        0x8 ../lwIP_NIOS_II_Example_bsp\libhal_bsp.a(alt_tick.o)
                0x00029854                alt_alarm_list
 .sdata         0x0002985c        0x4 ../lwIP_NIOS_II_Example_bsp\libhal_bsp.a(altera_avalon_lcd_16207.o)
 .sdata         0x00029860        0x8 ../lwIP_NIOS_II_Example_bsp\libhal_bsp.a(altera_avalon_sgdma.o)
                0x00029860                alt_sgdma_list
 .sdata         0x00029868        0x1 ../lwIP_NIOS_II_Example_bsp\libhal_bsp.a(altera_avalon_tse.o)
                0x00029868                max_mac_system
 *fill*         0x00029869        0x3 
 .sdata         0x0002986c        0x8 ../lwIP_NIOS_II_Example_bsp\libhal_bsp.a(alt_flash_dev.o)
                0x0002986c                alt_flash_dev_list
 .sdata         0x00029874        0x4 c:/altera/13.1/nios2eds/bin/gnu/h-i686-mingw32/bin/../lib/gcc/nios2-elf/4.7.3/../../../../../H-i686-mingw32/nios2-elf/lib\libc.a(lib_a-ctype_.o)
                0x00029874                __ctype_ptr
 *(.sdata2 .sdata2.* .gnu.linkonce.s2.*)
                0x00029878                . = ALIGN (0x4)
                0x00029878                _edata = ABSOLUTE (.)
                0x00029878                PROVIDE (edata, ABSOLUTE (.))
                0x00029878                PROVIDE (__ram_rwdata_end, ABSOLUTE (.))
                0x00029878                PROVIDE (__flash_rwdata_start, LOADADDR (.rwdata))

.bss            0x0002ba98    0x499ac
                0x0002ba98                __bss_start = ABSOLUTE (.)
                0x0002ba98                PROVIDE (__sbss_start, ABSOLUTE (.))
                0x0002ba98                PROVIDE (___sbss_start, ABSOLUTE (.))
 *(.dynsbss)
 *(.sbss .sbss.* .gnu.linkonce.sb.*)
 .sbss          0x0002ba98        0x8 obj/default/echo.o
                0x0002ba98                printed_flg
                0x0002ba9c                measuring_flg
 .sbss          0x0002baa0        0x4 obj/default/histogram.o
                0x0002baa0                timestamp_freq
 .sbss          0x0002baa4       0x14 obj/default/lwip/src/core/ipv4/ip.o
                0x0002baa8                current_iphdr_src
                0x0002baac                current_netif
                0x0002bab0                current_iphdr_dest
                0x0002bab4                current_header
 .sbss          0x0002bab8        0x8 obj/default/lwip/src/core/ipv4/ip_frag.o
 .sbss          0x0002bac0        0xc obj/default/lwip/src/core/mem.o
 .sbss          0x0002bacc        0xc obj/default/lwip/src/core/netif.o
                0x0002bad0                netif_list
                0x0002bad4                netif_default
 .sbss          0x0002bad8        0x1 obj/default/lwip/src/core/pbuf.o
                0x0002bad8                pbuf_free_ooseq_pending
 *fill*         0x0002bad9        0x3 
 .sbss          0x0002badc        0x4 obj/default/lwip/src/core/raw.o
 .sbss          0x0002bae0       0x1c obj/default/lwip/src/core/tcp.o
                0x0002bae2                tcp_active_pcbs_changed
                0x0002bae4                tcp_active_pcbs
                0x0002bae8                tcp_ticks
                0x0002baec                tcp_listen_pcbs
                0x0002baf0                tcp_tmp_pcb
                0x0002baf4                tcp_bound_pcbs
                0x0002baf8                tcp_tw_pcbs
 .sbss          0x0002bafc       0x20 obj/default/lwip/src/core/tcp_in.o
                0x0002bb18                tcp_input_pcb
 .sbss          0x0002bb1c        0x4 obj/default/lwip/src/core/udp.o
                0x0002bb1c                udp_pcbs
 .sbss          0x0002bb20        0x1 obj/default/lwip/src/netif/etharp.o
 *fill*         0x0002bb21        0x3 
 .sbss          0x0002bb24       0x14 obj/default/main.o
                0x0002bb34                lwipStaticIp
 .sbss          0x0002bb38        0xc c:/altera/13.1/nios2eds/bin/gnu/h-i686-mingw32/bin/../lib/gcc/nios2-elf/4.7.3/../../../../../H-i686-mingw32/nios2-elf/lib\libc.a(lib_a-locale.o)
                0x0002bb38                _PathLocale
                0x0002bb3c                __mlocale_changed
                0x0002bb40                __nlocale_changed
 .sbss          0x0002bb44        0xc c:/altera/13.1/nios2eds/bin/gnu/h-i686-mingw32/bin/../lib/gcc/nios2-elf/4.7.3/../../../../../H-i686-mingw32/nios2-elf/lib\libc.a(lib_a-mallocr.o)
                0x0002bb44                __malloc_max_total_mem
                0x0002bb48                __malloc_max_sbrked_mem
                0x0002bb4c                __malloc_top_pad