Archive member included because of file (symbol)

c:/altera/13.1/nios2eds/bin/gnu/h-i686-mingw32/bin/../lib/gcc/nios2-elf/4.7.3\libgcc.a(_fixunsdfsi.o)
                              obj/default/histogram.o (__fixunsdfsi)
c:/altera/13.1/nios2eds/bin/gnu/h-i686-mingw32/bin/../lib/gcc/nios2-elf/4.7.3\libgcc.a(_addsub_df.o)
                              c:/altera/13.1/nios2eds/bin/gnu/h-i686-mingw32/bin/../lib/gcc/nios2-elf/4.7.3\libgcc.a(_fixunsdfsi.o) (__subdf3)
c:/altera/13.1/nios2eds/bin/gnu/h-i686-mingw32/bin/../lib/gcc/nios2-elf/4.7.3\libgcc.a(_mul_df.o)
                              obj/default/histogram.o (__muldf3)
c:/altera/13.1/nios2eds/bin/gnu/h-i686-mingw32/bin/../lib/gcc/nios2-elf/4.7.3\libgcc.a(_div_df.o)
                              obj/default/histogram.o (__divdf3)
c:/altera/13.1/nios2eds/bin/gnu/h-i686-mingw32/bin/../lib/gcc/nios2-elf/4.7.3\libgcc.a(_ge_df.o)
                              c:/altera/13.1/nios2eds/bin/gnu/h-i686-mingw32/bin/../lib/gcc/nios2-elf/4.7.3\libgcc.a(_fixunsdfsi.o) (__gedf2)
c:/altera/13.1/nios2eds/bin/gnu/h-i686-mingw32/bin/../lib/gcc/nios2-elf/4.7.3\libgcc.a(_df_to_si.o)
                              c:/altera/13.1/nios2eds/bin/gnu/h-i686-mingw32/bin/../lib/gcc/nios2-elf/4.7.3\libgcc.a(_fixunsdfsi.o) (__fixdfsi)
c:/altera/13.1/nios2eds/bin/gnu/h-i686-mingw32/bin/../lib/gcc/nios2-elf/4.7.3\libgcc.a(_thenan_df.o)
                              c:/altera/13.1/nios2eds/bin/gnu/h-i686-mingw32/bin/../lib/gcc/nios2-elf/4.7.3\libgcc.a(_addsub_df.o) (__thenan_df)
c:/altera/13.1/nios2eds/bin/gnu/h-i686-mingw32/bin/../lib/gcc/nios2-elf/4.7.3\libgcc.a(_usi_to_df.o)
                              obj/default/histogram.o (__floatunsidf)
c:/altera/13.1/nios2eds/bin/gnu/h-i686-mingw32/bin/../lib/gcc/nios2-elf/4.7.3\libgcc.a(_muldi3.o)
                              c:/altera/13.1/nios2eds/bin/gnu/h-i686-mingw32/bin/../lib/gcc/nios2-elf/4.7.3\libgcc.a(_mul_df.o) (__muldi3)
c:/altera/13.1/nios2eds/bin/gnu/h-i686-mingw32/bin/../lib/gcc/nios2-elf/4.7.3\libgcc.a(_clzsi2.o)
                              c:/altera/13.1/nios2eds/bin/gnu/h-i686-mingw32/bin/../lib/gcc/nios2-elf/4.7.3\libgcc.a(_usi_to_df.o) (__clzsi2)
c:/altera/13.1/nios2eds/bin/gnu/h-i686-mingw32/bin/../lib/gcc/nios2-elf/4.7.3\libgcc.a(_pack_df.o)
                              c:/altera/13.1/nios2eds/bin/gnu/h-i686-mingw32/bin/../lib/gcc/nios2-elf/4.7.3\libgcc.a(_addsub_df.o) (__pack_d)
c:/altera/13.1/nios2eds/bin/gnu/h-i686-mingw32/bin/../lib/gcc/nios2-elf/4.7.3\libgcc.a(_unpack_df.o)
                              c:/altera/13.1/nios2eds/bin/gnu/h-i686-mingw32/bin/../lib/gcc/nios2-elf/4.7.3\libgcc.a(_addsub_df.o) (__unpack_d)
c:/altera/13.1/nios2eds/bin/gnu/h-i686-mingw32/bin/../lib/gcc/nios2-elf/4.7.3\libgcc.a(_fpcmp_parts_df.o)
                              c:/altera/13.1/nios2eds/bin/gnu/h-i686-mingw32/bin/../lib/gcc/nios2-elf/4.7.3\libgcc.a(_ge_df.o) (__fpcmp_parts_d)
c:/altera/13.1/nios2eds/bin/gnu/h-i686-mingw32/bin/../lib/gcc/nios2-elf/4.7.3\libgcc.a(_lshrdi3.o)
                              c:/altera/13.1/nios2eds/bin/gnu/h-i686-mingw32/bin/../lib/gcc/nios2-elf/4.7.3\libgcc.a(_pack_df.o) (__lshrdi3)
c:/altera/13.1/nios2eds/bin/gnu/h-i686-mingw32/bin/../lib/gcc/nios2-elf/4.7.3\libgcc.a(_ashldi3.o)
                              c:/altera/13.1/nios2eds/bin/gnu/h-i686-mingw32/bin/../lib/gcc/nios2-elf/4.7.3\libgcc.a(_pack_df.o) (__ashldi3)
c:/altera/13.1/nios2eds/bin/gnu/h-i686-mingw32/bin/../lib/gcc/nios2-elf/4.7.3\libgcc.a(_clz.o)
                              c:/altera/13.1/nios2eds/bin/gnu/h-i686-mingw32/bin/../lib/gcc/nios2-elf/4.7.3\libgcc.a(_clzsi2.o) (__clz_tab)
c:/altera/13.1/nios2eds/bin/gnu/h-i686-mingw32/bin/../lib/gcc/nios2-elf/4.7.3/../../../../../H-i686-mingw32/nios2-elf/lib\libc.a(lib_a-impure.o)
                              obj/default/main.o (_impure_ptr)
c:/altera/13.1/nios2eds/bin/gnu/h-i686-mingw32/bin/../lib/gcc/nios2-elf/4.7.3/../../../../../H-i686-mingw32/nios2-elf/lib\libc.a(lib_a-memcmp.o)
                              obj/default/lwip/src/netif/etharp.o (memcmp)
c:/altera/13.1/nios2eds/bin/gnu/h-i686-mingw32/bin/../lib/gcc/nios2-elf/4.7.3/../../../../../H-i686-mingw32/nios2-elf/lib\libc.a(lib_a-memcpy.o)
                              obj/default/drivers/lwip_tse_mac.o (memcpy)
c:/altera/13.1/nios2eds/bin/gnu/h-i686-mingw32/bin/../lib/gcc/nios2-elf/4.7.3/../../../../../H-i686-mingw32/nios2-elf/lib\libc.a(lib_a-memset.o)
                              obj/default/lwip/src/core/dhcp.o (memset)
c:/altera/13.1/nios2eds/bin/gnu/h-i686-mingw32/bin/../lib/gcc/nios2-elf/4.7.3/../../../../../H-i686-mingw32/nios2-elf/lib\libc.a(lib_a-printf.o)
                              obj/default/drivers/alteraTseEthernetif.o (printf)
c:/altera/13.1/nios2eds/bin/gnu/h-i686-mingw32/bin/../lib/gcc/nios2-elf/4.7.3/../../../../../H-i686-mingw32/nios2-elf/lib\libc.a(lib_a-putc.o)
                              obj/default/main.o (putc)
[...]
Memory Configuration

Name             Origin             Length             Attributes
sdram_BEFORE_EXCEPTION 0x00000000         0x00000020
sdram            0x00000020         0x01ffffe0
descriptor_memory 0x02001000         0x00001000
ext_flash        0x04000000         0x00800000
reset            0x05000000         0x00000020
sram             0x05000020         0x001fffe0
onchip_memory2   0x0a000000         0x00020000
*default*        0x00000000         0xffffffff

Linker script and memory map

LOAD ../lwIP_NIOS_II_Example_bsp/obj/HAL/src/crt0.o
LOAD obj/default/drivers/alteraTseEthernetif.o
LOAD obj/default/drivers/fs.o
LOAD obj/default/drivers/fsdata.o
LOAD obj/default/drivers/httpd.o
LOAD obj/default/drivers/lwip_tse_mac.o
LOAD obj/default/drivers/tse_my_system.o
LOAD obj/default/echo.o
LOAD obj/default/histogram.o
LOAD obj/default/lwip/src/api/api_lib.o
LOAD obj/default/lwip/src/api/api_msg.o
LOAD obj/default/lwip/src/api/err.o
LOAD obj/default/lwip/src/api/netbuf.o
LOAD obj/default/lwip/src/api/netdb.o
LOAD obj/default/lwip/src/api/netifapi.o
LOAD obj/default/lwip/src/api/sockets.o
LOAD obj/default/lwip/src/api/tcpip.o
LOAD obj/default/lwip/src/core/def.o
LOAD obj/default/lwip/src/core/dhcp.o
LOAD obj/default/lwip/src/core/dns.o
LOAD obj/default/lwip/src/core/init.o
LOAD obj/default/lwip/src/core/ipv4/autoip.o
LOAD obj/default/lwip/src/core/ipv4/icmp.o
LOAD obj/default/lwip/src/core/ipv4/igmp.o
LOAD obj/default/lwip/src/core/ipv4/inet.o
LOAD obj/default/lwip/src/core/ipv4/inet_chksum.o
LOAD obj/default/lwip/src/core/ipv4/ip.o
LOAD obj/default/lwip/src/core/ipv4/ip_addr.o
LOAD obj/default/lwip/src/core/ipv4/ip_frag.o
LOAD obj/default/lwip/src/core/mem.o
LOAD obj/default/lwip/src/core/memp.o
LOAD obj/default/lwip/src/core/netif.o
LOAD obj/default/lwip/src/core/pbuf.o
LOAD obj/default/lwip/src/core/raw.o
LOAD obj/default/lwip/src/core/snmp/asn1_dec.o
LOAD obj/default/lwip/src/core/snmp/asn1_enc.o
LOAD obj/default/lwip/src/core/snmp/mib2.o
LOAD obj/default/lwip/src/core/snmp/mib_structs.o
LOAD obj/default/lwip/src/core/snmp/msg_in.o
LOAD obj/default/lwip/src/core/snmp/msg_out.o
LOAD obj/default/lwip/src/core/stats.o
LOAD obj/default/lwip/src/core/sys.o
LOAD obj/default/lwip/src/core/tcp.o
LOAD obj/default/lwip/src/core/tcp_in.o
LOAD obj/default/lwip/src/core/tcp_out.o
LOAD obj/default/lwip/src/core/timers.o
LOAD obj/default/lwip/src/core/udp.o
LOAD obj/default/lwip/src/netif/etharp.o
LOAD obj/default/lwip/src/netif/ethernetif.o
LOAD obj/default/lwip/src/netif/ppp/auth.o
LOAD obj/default/lwip/src/netif/ppp/chap.o
LOAD obj/default/lwip/src/netif/ppp/chpms.o
LOAD obj/default/lwip/src/netif/ppp/fsm.o
LOAD obj/default/lwip/src/netif/ppp/ipcp.o
LOAD obj/default/lwip/src/netif/ppp/lcp.o
LOAD obj/default/lwip/src/netif/ppp/magic.o
LOAD obj/default/lwip/src/netif/ppp/md5.o
LOAD obj/default/lwip/src/netif/ppp/pap.o
LOAD obj/default/lwip/src/netif/ppp/ppp.o
LOAD obj/default/lwip/src/netif/ppp/ppp_oe.o
LOAD obj/default/lwip/src/netif/ppp/randm.o
LOAD obj/default/lwip/src/netif/ppp/vj.o
LOAD obj/default/lwip/src/netif/slipif.o
LOAD obj/default/main.o
LOAD c:/altera/13.1/nios2eds/bin/gnu/h-i686-mingw32/bin/../lib/gcc/nios2-elf/4.7.3/../../../../../H-i686-mingw32/nios2-elf/lib\libstdc++.a
LOAD c:/altera/13.1/nios2eds/bin/gnu/h-i686-mingw32/bin/../lib/gcc/nios2-elf/4.7.3/../../../../../H-i686-mingw32/nios2-elf/lib\libm.a
LOAD c:/altera/13.1/nios2eds/bin/gnu/h-i686-mingw32/bin/../lib/gcc/nios2-elf/4.7.3\libgcc.a
START GROUP
LOAD c:/altera/13.1/nios2eds/bin/gnu/h-i686-mingw32/bin/../lib/gcc/nios2-elf/4.7.3/../../../../../H-i686-mingw32/nios2-elf/lib\libc.a
LOAD c:/altera/13.1/nios2eds/bin/gnu/h-i686-mingw32/bin/../lib/gcc/nios2-elf/4.7.3\libgcc.a
LOAD ../lwIP_NIOS_II_Example_bsp\libhal_bsp.a
END GROUP
LOAD c:/altera/13.1/nios2eds/bin/gnu/h-i686-mingw32/bin/../lib/gcc/nios2-elf/4.7.3\libgcc.a
                0x00000000                __alt_mem_sdram = 0x0
                0x02001000                __alt_mem_descriptor_memory = 0x2001000
                0x04000000                __alt_mem_ext_flash = 0x4000000
                0x05000000                __alt_mem_sram = 0x5000000
                0x0a000000                __alt_mem_onchip_memory2 = 0xa000000

.entry          0x05000000       0x20
 *(.entry)
 .entry         0x05000000       0x20 ../lwIP_NIOS_II_Example_bsp/obj/HAL/src/crt0.o
                0x05000000                __reset

.exceptions     0x00000020        0x0
                0x00000020                PROVIDE (__ram_exceptions_start, ABSOLUTE (.))
                0x00000020                . = ALIGN (0x20)
 *(.irq)
 *(.exceptions.entry.label)
 *(.exceptions.entry.user)
 *(.exceptions.entry.ecc_fatal)
 *(.exceptions.entry)
 *(.exceptions.irqtest.user)
 *(.exceptions.irqtest)
 *(.exceptions.irqhandler.user)
 *(.exceptions.irqhandler)
 *(.exceptions.irqreturn.user)
 *(.exceptions.irqreturn)
 *(.exceptions.notirq.label)
 *(.exceptions.notirq.user)
 *(.exceptions.notirq)
 *(.exceptions.soft.user)
 *(.exceptions.soft)
 *(.exceptions.unknown.user)
 *(.exceptions.unknown)
 *(.exceptions.exit.label)
 *(.exceptions.exit.user)
 *(.exceptions.exit)
 *(.exceptions)
                0x00000020                PROVIDE (__ram_exceptions_end, ABSOLUTE (.))
                0x00000020                PROVIDE (__flash_exceptions_start, LOADADDR (.exceptions))

.text           0x00000020    0x2e2dc
                0x00000020                PROVIDE (stext, ABSOLUTE (.))
 *(.interp)
 *(.hash)
 *(.dynsym)
 *(.dynstr)
 *(.gnu.version)
 *(.gnu.version_d)
 *(.gnu.version_r)
 *(.rel.init)
 *(.rela.init)
 *(.rel.text .rel.text.* .rel.gnu.linkonce.t.*)
 *(.rela.text .rela.text.* .rela.gnu.linkonce.t.*)
 *(.rel.fini)
 *(.rela.fini)
 *(.rel.rodata .rel.rodata.* .rel.gnu.linkonce.r.*)
 *(.rela.rodata .rela.rodata.* .rela.gnu.linkonce.r.*)
 *(.rel.data .rel.data.* .rel.gnu.linkonce.d.*)
 *(.rela.data .rela.data.* .rela.gnu.linkonce.d.*)
 *(.rel.tdata .rel.tdata.* .rel.gnu.linkonce.td.*)
 *(.rela.tdata .rela.tdata.* .rela.gnu.linkonce.td.*)
 *(.rel.tbss .rel.tbss.* .rel.gnu.linkonce.tb.*)
 *(.rela.tbss .rela.tbss.* .rela.gnu.linkonce.tb.*)
 *(.rel.ctors)
 *(.rela.ctors)
 *(.rel.dtors)
 *(.rela.dtors)
 *(.rel.got)
 *(.rela.got)
 *(.rel.sdata .rel.sdata.* .rel.gnu.linkonce.s.*)
 *(.rela.sdata .rela.sdata.* .rela.gnu.linkonce.s.*)
 *(.rel.sbss .rel.sbss.* .rel.gnu.linkonce.sb.*)
 *(.rela.sbss .rela.sbss.* .rela.gnu.linkonce.sb.*)
 *(.rel.sdata2 .rel.sdata2.* .rel.gnu.linkonce.s2.*)
 *(.rela.sdata2 .rela.sdata2.* .rela.gnu.linkonce.s2.*)
 *(.rel.sbss2 .rel.sbss2.* .rel.gnu.linkonce.sb2.*)
 *(.rela.sbss2 .rela.sbss2.* .rela.gnu.linkonce.sb2.*)
 *(.rel.bss .rel.bss.* .rel.gnu.linkonce.b.*)
 *(.rela.bss .rela.bss.* .rela.gnu.linkonce.b.*)
 *(.rel.plt)
 *(.rela.plt)
 *(.rel.dyn)
 *(.init)
 *(.plt)
 *(.text .stub .text.* .gnu.linkonce.t.*)
 .text          0x00000020       0x7c ../lwIP_NIOS_II_Example_bsp/obj/HAL/src/crt0.o
                0x00000020                _start
 .text          0x0000009c      0x4f4 obj/default/drivers/alteraTseEthernetif.o
                0x00000334                ethernetif_input
                0x00000418                ethernetif_init
 .text          0x00000590       0x94 obj/default/drivers/fs.o
                0x00000590                fs_open
 .text          0x00000624        0x0 obj/default/drivers/fsdata.o
 .text          0x00000624      0x680 obj/default/drivers/httpd.o
                0x00000c38                httpd_init
 .text          0x00000ca4      0xcc8 obj/default/drivers/lwip_tse_mac.o
                0x00000ca4                tse_mac_init
                0x0000150c                tse_sgdma_read_init
                0x000015c4                tse_sgdmaRx_isr
                0x00001658                tse_mac_raw_send
                0x000017c8                tse_mac_rcv
 .text          0x0000196c        0x0 obj/default/drivers/tse_my_system.o
 .text          0x0000196c      0x174 obj/default/echo.o
                0x0000196c                udpecho_recv
                0x00001a3c                udpecho_init
 .text          0x00001ae0      0x4a0 obj/default/histogram.o
                0x00001ae0                get_utm
                0x00001b14                init_hist
                0x00001bec                begin_measure
                0x00001c98                end_measure
                0x00001e30                print_hist
 .text          0x00001f80        0x0 obj/default/lwip/src/api/api_lib.o
 .text          0x00001f80        0x0 obj/default/lwip/src/api/api_msg.o
 .text          0x00001f80        0x0 obj/default/lwip/src/api/err.o
 .text          0x00001f80        0x0 obj/default/lwip/src/api/netbuf.o
 .text          0x00001f80        0x0 obj/default/lwip/src/api/netdb.o
 .text          0x00001f80        0x0 obj/default/lwip/src/api/netifapi.o
 .text          0x00001f80        0x0 obj/default/lwip/src/api/sockets.o
 .text          0x00001f80        0x0 obj/default/lwip/src/api/tcpip.o
 .text          0x00001f80        0x0 obj/default/lwip/src/core/def.o
 .text          0x00001f80     0x3440 obj/default/lwip/src/core/dhcp.o
                0x000023bc                dhcp_coarse_tmr
                0x00002470                dhcp_fine_tmr
                0x000029ac                dhcp_set_struct
                0x00002a7c                dhcp_cleanup
                0x00002af4                dhcp_start
                0x00002d3c                dhcp_inform
                0x00002ee8                dhcp_network_changed
                0x00002f90                dhcp_arp_reply
                0x000035b0                dhcp_renew
                0x000039f4                dhcp_release
                0x00003b9c                dhcp_stop
 .text          0x000053c0        0x0 obj/default/lwip/src/core/dns.o
 .text          0x000053c0       0x3c obj/default/lwip/src/core/init.o
                0x000053c0                lwip_init
 .text          0x000053fc        0x0 obj/default/lwip/src/core/ipv4/autoip.o
 .text          0x000053fc      0x770 obj/default/lwip/src/core/ipv4/icmp.o
                0x000053fc                icmp_input
                0x00005968                icmp_dest_unreach
                0x000059ac                icmp_time_exceeded
 .text          0x00005b6c        0x0 obj/default/lwip/src/core/ipv4/igmp.o
 .text          0x00005b6c        0x0 obj/default/lwip/src/core/ipv4/inet.o
 .text          0x00005b6c      0x6f4 obj/default/lwip/src/core/ipv4/inet_chksum.o
                0x00005cb8                inet_chksum_pseudo
                0x00005eb0                inet_chksum_pseudo_partial
                0x00006110                inet_chksum
                0x00006154                inet_chksum_pbuf
 .text          0x00006260      0xb48 obj/default/lwip/src/core/ipv4/ip.o
                0x00006260                ip_route
                0x00006348                ip_input
                0x00006854                ip_output_if
                0x00006cbc                ip_output
 .text          0x00006da8      0x7e4 obj/default/lwip/src/core/ipv4/ip_addr.o
                0x00006da8                ip4_addr_isbroadcast
                0x00006e74                ip4_addr_netmask_valid
                0x00006f38                ipaddr_addr
                0x00006f7c                ipaddr_aton
                0x000073a0                ipaddr_ntoa
                0x000073dc                ipaddr_ntoa_r
 .text          0x0000758c     0x12d8 obj/default/lwip/src/core/ipv4/ip_frag.o
                0x0000758c                ip_reass_tmr
                0x000080a8                ip_reass
                0x00008560                ip_frag
 .text          0x00008864      0xbd8 obj/default/lwip/src/core/mem.o
                0x00008a5c                mem_init
                0x00008afc                mem_free
                0x00008c7c                mem_trim
                0x00008fcc                mem_malloc
                0x000093c4                mem_calloc
 .text          0x0000943c      0x490 obj/default/lwip/src/core/memp.o
                0x0000943c                memp_init
                0x000095f8                memp_malloc
                0x000097d4                memp_free
 .text          0x000098cc      0x70c obj/default/lwip/src/core/netif.o
                0x000098cc                netif_init
                0x000098e8                netif_add
                0x000099ec                netif_set_addr
                0x00009a44                netif_remove
                0x00009b1c                netif_find
                0x00009bfc                netif_set_ipaddr
                0x00009d30                netif_set_gw
                0x00009d74                netif_set_netmask
                0x00009db8                netif_set_default
                0x00009de0                netif_set_up
                0x00009e70                netif_set_down
                0x00009ee4                netif_set_link_up
                0x00009f88                netif_set_link_down
 .text          0x00009fd8     0x1974 obj/default/lwip/src/core/pbuf.o
                0x00009fd8                pbuf_free_ooseq
                0x0000a074                pbuf_alloc
                0x0000a5b8                pbuf_realloc
                0x0000a83c                pbuf_header
                0x0000aa34                pbuf_free
                0x0000ac00                pbuf_clen
                0x0000ac4c                pbuf_ref
                0x0000ac8c                pbuf_cat
                0x0000adcc                pbuf_chain
                0x0000ae0c                pbuf_dechain
                0x0000af38                pbuf_copy
                0x0000b204                pbuf_copy_partial
                0x0000b3a0                pbuf_take
                0x0000b558                pbuf_coalesce
                0x0000b610                pbuf_get_at
                0x0000b6c0                pbuf_memcmp
                0x0000b7e0                pbuf_memfind
                0x0000b8a8                pbuf_strstr
 .text          0x0000b94c      0x4f0 obj/default/lwip/src/core/raw.o
                0x0000b94c                raw_input
                0x0000ba84                raw_bind
                0x0000bacc                raw_connect
                0x0000bb14                raw_recv
                0x0000bb54                raw_sendto
                0x0000bcdc                raw_send
                0x0000bd20                raw_remove
                0x0000bdbc                raw_new
 .text          0x0000be3c        0x0 obj/default/lwip/src/core/snmp/asn1_dec.o
 .text          0x0000be3c        0x0 obj/default/lwip/src/core/snmp/asn1_enc.o
 .text          0x0000be3c        0x0 obj/default/lwip/src/core/snmp/mib2.o
 .text          0x0000be3c        0x0 obj/default/lwip/src/core/snmp/mib_structs.o
 .text          0x0000be3c        0x0 obj/default/lwip/src/core/snmp/msg_in.o
 .text          0x0000be3c        0x0 obj/default/lwip/src/core/snmp/msg_out.o
 .text          0x0000be3c       0x1c obj/default/lwip/src/core/stats.o
                0x0000be3c                stats_init
 .text          0x0000be58        0x0 obj/default/lwip/src/core/sys.o
 .text          0x0000be58     0x2634 obj/default/lwip/src/core/tcp.o
                0x0000be58                tcp_init
                0x0000be74                tcp_tmr
                0x0000c24c                tcp_close
                0x0000c2a8                tcp_shutdown
                0x0000c398                tcp_abandon
                0x0000c528                tcp_abort
                0x0000c55c                tcp_bind
                0x0000c718                tcp_listen_with_backlog
                0x0000c8f0                tcp_update_rcv_ann_wnd
                0x0000ca18                tcp_recved
                0x0000cc18                tcp_connect
                0x0000cec4                tcp_slowtmr
                0x0000d770                tcp_fasttmr
                0x0000d868                tcp_process_refused_data
                0x0000d9b8                tcp_segs_free
                0x0000da08                tcp_seg_free
                0x0000da60                tcp_setprio
                0x0000da94                tcp_seg_copy
                0x0000dafc                tcp_recv_null
                0x0000dcdc                tcp_alloc
                0x0000dec8                tcp_new
                0x0000def4                tcp_arg
                0x0000df24                tcp_recv
                0x0000df90                tcp_sent
                0x0000dffc                tcp_err
                0x0000e068                tcp_accept
                0x0000e098                tcp_poll
                0x0000e118                tcp_pcb_purge
                0x0000e1f4                tcp_pcb_remove
                0x0000e39c                tcp_next_iss
                0x0000e3cc                tcp_eff_send_mss
                0x0000e450                tcp_debug_state_str
 .text          0x0000e48c     0x3ec0 obj/default/lwip/src/core/tcp_in.o
                0x0000e48c                tcp_input
 .text          0x0001234c     0x2c8c obj/default/lwip/src/core/tcp_out.o
                0x000125a0                tcp_send_fin
                0x00012bf0                tcp_write
                0x00013510                tcp_enqueue_flags
                0x0001392c                tcp_send_empty_ack
                0x00013a74                tcp_output
                0x00014668                tcp_rst
                0x000148b8                tcp_rexmit_rto
                0x0001496c                tcp_rexmit
                0x00014b54                tcp_rexmit_fast
                0x00014c78                tcp_keepalive
                0x00014dbc                tcp_zero_window_probe
 .text          0x00014fd8       0x1c obj/default/lwip/src/core/timers.o
                0x00014fd8                tcp_timer_needed
 .text          0x00014ff4      0xe68 obj/default/lwip/src/core/udp.o
                0x00014ff4                udp_init
                0x000150bc                udp_input
                0x000156a0                udp_send
                0x000156f4                udp_sendto
                0x00015788                udp_sendto_if
                0x00015a74                udp_bind
                0x00015bd4                udp_connect
                0x00015cdc                udp_disconnect
                0x00015d28                udp_recv
                0x00015d68                udp_remove
                0x00015e04                udp_new
 .text          0x00015e5c     0x1ed4 obj/default/lwip/src/netif/etharp.o
                0x00015fe0                etharp_tmr
                0x00016878                etharp_cleanup_netif
                0x00016918                etharp_find_addr
                0x00016fd0                etharp_output
                0x00017310                etharp_query
                0x00017a0c                etharp_request
                0x00017a80                ethernet_input
 .text          0x00017d30        0x0 obj/default/lwip/src/netif/ethernetif.o
 .text          0x00017d30        0x0 obj/default/lwip/src/netif/ppp/auth.o
 .text          0x00017d30        0x0 obj/default/lwip/src/netif/ppp/chap.o
 .text          0x00017d30        0x0 obj/default/lwip/src/netif/ppp/chpms.o
 .text          0x00017d30        0x0 obj/default/lwip/src/netif/ppp/fsm.o
 .text          0x00017d30        0x0 obj/default/lwip/src/netif/ppp/ipcp.o
 .text          0x00017d30        0x0 obj/default/lwip/src/netif/ppp/lcp.o
 .text          0x00017d30        0x0 obj/default/lwip/src/netif/ppp/magic.o
 .text          0x00017d30        0x0 obj/default/lwip/src/netif/ppp/md5.o
 .text          0x00017d30        0x0 obj/default/lwip/src/netif/ppp/pap.o
 .text          0x00017d30        0x0 obj/default/lwip/src/netif/ppp/ppp.o
 .text          0x00017d30        0x0 obj/default/lwip/src/netif/ppp/ppp_oe.o
 .text          0x00017d30        0x0 obj/default/lwip/src/netif/ppp/randm.o
 .text          0x00017d30        0x0 obj/default/lwip/src/netif/ppp/vj.o
 .text          0x00017d30        0x0 obj/default/lwip/src/netif/slipif.o
 .text          0x00017d30      0x340 obj/default/main.o
                0x00017d30                lwipAlarmCallback
                0x00017d5c                main
                0x00017fac                lwipProcessTimers
 .text          0x00018070       0x84 c:/altera/13.1/nios2eds/bin/gnu/h-i686-mingw32/bin/../lib/gcc/nios2-elf/4.7.3\libgcc.a(_fixunsdfsi.o)
                0x00018070                __fixunsdfsi
 .text          0x000180f4      0x408 c:/altera/13.1/nios2eds/bin/gnu/h-i686-mingw32/bin/../lib/gcc/nios2-elf/4.7.3\libgcc.a(_addsub_df.o)
                0x00018448                __adddf3
                0x0001849c                __subdf3
 .text          0x000184fc      0x2e4 c:/altera/13.1/nios2eds/bin/gnu/h-i686-mingw32/bin/../lib/gcc/nios2-elf/4.7.3\libgcc.a(_mul_df.o)
                0x000184fc                __muldf3
 .text          0x000187e0      0x1b4 c:/altera/13.1/nios2eds/bin/gnu/h-i686-mingw32/bin/../lib/gcc/nios2-elf/4.7.3\libgcc.a(_div_df.o)
                0x000187e0                __divdf3
 .text          0x00018994       0x64 c:/altera/13.1/nios2eds/bin/gnu/h-i686-mingw32/bin/../lib/gcc/nios2-elf/4.7.3\libgcc.a(_ge_df.o)
                0x00018994                __gedf2
 .text          0x000189f8       0xd4 c:/altera/13.1/nios2eds/bin/gnu/h-i686-mingw32/bin/../lib/gcc/nios2-elf/4.7.3\libgcc.a(_df_to_si.o)
                0x000189f8                __fixdfsi
 .text          0x00018acc        0x0 c:/altera/13.1/nios2eds/bin/gnu/h-i686-mingw32/bin/../lib/gcc/nios2-elf/4.7.3\libgcc.a(_thenan_df.o)
 .text          0x00018acc      0x11c c:/altera/13.1/nios2eds/bin/gnu/h-i686-mingw32/bin/../lib/gcc/nios2-elf/4.7.3\libgcc.a(_usi_to_df.o)
                0x00018acc                __floatunsidf
 .text          0x00018be8       0x60 c:/altera/13.1/nios2eds/bin/gnu/h-i686-mingw32/bin/../lib/gcc/nios2-elf/4.7.3\libgcc.a(_muldi3.o)
                0x00018be8                __muldi3
 .text          0x00018c48       0xac c:/altera/13.1/nios2eds/bin/gnu/h-i686-mingw32/bin/../lib/gcc/nios2-elf/4.7.3\libgcc.a(_clzsi2.o)
                0x00018c48                __clzsi2
 .text          0x00018cf4      0x224 c:/altera/13.1/nios2eds/bin/gnu/h-i686-mingw32/bin/../lib/gcc/nios2-elf/4.7.3\libgcc.a(_pack_df.o)
                0x00018cf4                __pack_d
 .text          0x00018f18      0x104 c:/altera/13.1/nios2eds/bin/gnu/h-i686-mingw32/bin/../lib/gcc/nios2-elf/4.7.3\libgcc.a(_unpack_df.o)
                0x00018f18                __unpack_d
 .text          0x0001901c       0xd0 c:/altera/13.1/nios2eds/bin/gnu/h-i686-mingw32/bin/../lib/gcc/nios2-elf/4.7.3\libgcc.a(_fpcmp_parts_df.o)
                0x0001901c                __fpcmp_parts_d
 .text          0x000190ec       0x44 c:/altera/13.1/nios2eds/bin/gnu/h-i686-mingw32/bin/../lib/gcc/nios2-elf/4.7.3\libgcc.a(_lshrdi3.o)
                0x000190ec                __lshrdi3
 .text          0x00019130       0x44 c:/altera/13.1/nios2eds/bin/gnu/h-i686-mingw32/bin/../lib/gcc/nios2-elf/4.7.3\libgcc.a(_ashldi3.o)
                0x00019130                __ashldi3
 .text          0x00019174        0x0 c:/altera/13.1/nios2eds/bin/gnu/h-i686-mingw32/bin/../lib/gcc/nios2-elf/4.7.3\libgcc.a(_clz.o)
 .text          0x00019174        0x0 c:/altera/13.1/nios2eds/bin/gnu/h-i686-mingw32/bin/../lib/gcc/nios2-elf/4.7.3/../../../../../H-i686-mingw32/nios2-elf/lib\libc.a(lib_a-impure.o)
 .text          0x00019174       0x7c c:/altera/13.1/nios2eds/bin/gnu/h-i686-mingw32/bin/../lib/gcc/nios2-elf/4.7.3/../../../../../H-i686-mingw32/nios2-elf/lib\libc.a(lib_a-memcmp.o)
                0x00019174                memcmp
 .text          0x000191f0       0xf8 c:/altera/13.1/nios2eds/bin/gnu/h-i686-mingw32/bin/../lib/gcc/nios2-elf/4.7.3/../../../../../H-i686-mingw32/nios2-elf/lib\libc.a(lib_a-memcpy.o)
                0x000191f0                memcpy
 .text          0x000192e8       0xdc c:/altera/13.1/nios2eds/bin/gnu/h-i686-mingw32/bin/../lib/gcc/nios2-elf/4.7.3/../../../../../H-i686-mingw32/nios2-elf/lib\libc.a(lib_a-memset.o)
                0x000192e8                memset
 .text          0x000193c4       0x68 c:/altera/13.1/nios2eds/bin/gnu/h-i686-mingw32/bin/../lib/gcc/nios2-elf/4.7.3/../../../../../H-i686-mingw32/nios2-elf/lib\libc.a(lib_a-printf.o)
                0x000193c4                _printf_r
                0x000193f0                printf
 .text          0x0001942c      0x1ac c:/altera/13.1/nios2eds/bin/gnu/h-i686-mingw32/bin/../lib/gcc/nios2-elf/4.7.3/../../../../../H-i686-mingw32/nios2-elf/lib\libc.a(lib_a-putc.o)
                0x0001942c                _putc_r
                0x000194e8                putc
 .text          0x000195d8       0x98 c:/altera/13.1/nios2eds/bin/gnu/h-i686-mingw32/bin/../lib/gcc/nios2-elf/4.7.3/../../../../../H-i686-mingw32/nios2-elf/lib\libc.a(lib_a-puts.o)
                0x000195d8                _puts_r
                0x0001965c                puts
 .text          0x00019670       0xa4 c:/altera/13.1/nios2eds/bin/gnu/h-i686-mingw32/bin/../lib/gcc/nios2-elf/4.7.3/../../../../../H-i686-mingw32/nios2-elf/lib\libc.a(lib_a-strcmp.o)
                0x00019670                strcmp
 .text          0x00019714       0x8c c:/altera/13.1/nios2eds/bin/gnu/h-i686-mingw32/bin/../lib/gcc/nios2-elf/4.7.3/../../../../../H-i686-mingw32/nios2-elf/lib\libc.a(lib_a-strlen.o)
                0x00019714                strlen
 .text          0x000197a0       0xfc c:/altera/13.1/nios2eds/bin/gnu/h-i686-mingw32/bin/../lib/gcc/nios2-elf/4.7.3/../../../../../H-i686-mingw32/nios2-elf/lib\libc.a(lib_a-strncmp.o)
                0x000197a0                strncmp
 .text          0x0001989c     0x1e50 c:/altera/13.1/nios2eds/bin/gnu/h-i686-mingw32/bin/../lib/gcc/nios2-elf/4.7.3/../../../../../H-i686-mingw32/nios2-elf/lib\libc.a(lib_a-vfprintf.o)
                0x000198d0                ___vfprintf_internal_r
                0x0001b6c8                __vfprintf_internal
 .text          0x0001b6ec      0x158 c:/altera/13.1/nios2eds/bin/gnu/h-i686-mingw32/bin/../lib/gcc/nios2-elf/4.7.3/../../../../../H-i686-mingw32/nios2-elf/lib\libc.a(lib_a-wbuf.o)
                0x0001b6ec                __swbuf_r
                0x0001b828                __swbuf
 .text          0x0001b844      0x174 c:/altera/13.1/nios2eds/bin/gnu/h-i686-mingw32/bin/../lib/gcc/nios2-elf/4.7.3/../../../../../H-i686-mingw32/nios2-elf/lib\libc.a(lib_a-wsetup.o)
                0x0001b844                __swsetup_r
 .text          0x0001b9b8     0x1824 c:/altera/13.1/nios2eds/bin/gnu/h-i686-mingw32/bin/../lib/gcc/nios2-elf/4.7.3/../../../../../H-i686-mingw32/nios2-elf/lib\libc.a(lib_a-dtoa.o)
                0x0001bbc0                _dtoa_r
 .text          0x0001d1dc      0x218 c:/altera/13.1/nios2eds/bin/gnu/h-i686-mingw32/bin/../lib/gcc/nios2-elf/4.7.3/../../../../../H-i686-mingw32/nios2-elf/lib\libc.a(lib_a-fflush.o)
                0x0001d1dc                _fflush_r
                0x0001d3c4                fflush
 .text          0x0001d3f4      0x2d8 c:/altera/13.1/nios2eds/bin/gnu/h-i686-mingw32/bin/../lib/gcc/nios2-elf/4.7.3/../../../../../H-i686-mingw32/nios2-elf/lib\libc.a(lib_a-findfp.o)
                0x0001d404                _cleanup_r
                0x0001d410                __sfmoreglue
                0x0001d474                _cleanup
                0x0001d484                __sinit
                0x0001d590                __sfp
                0x0001d68c                __sfp_lock_acquire
                0x0001d690                __sfp_lock_release
                0x0001d694                __sinit_lock_acquire
                0x0001d698                __sinit_lock_release
                0x0001d69c                __fp_lock_all
                0x0001d6b4                __fp_unlock_all
 .text          0x0001d6cc      0x40c c:/altera/13.1/nios2eds/bin/gnu/h-i686-mingw32/bin/../lib/gcc/nios2-elf/4.7.3/../../../../../H-i686-mingw32/nios2-elf/lib\libc.a(lib_a-freer.o)
                0x0001d6cc                _malloc_trim_r
                0x0001d808                _free_r
 .text          0x0001dad8      0x4e4 c:/altera/13.1/nios2eds/bin/gnu/h-i686-mingw32/bin/../lib/gcc/nios2-elf/4.7.3/../../../../../H-i686-mingw32/nios2-elf/lib\libc.a(lib_a-fvwrite.o)
                0x0001dad8                __sfvwrite_r
 .text          0x0001dfbc      0x160 c:/altera/13.1/nios2eds/bin/gnu/h-i686-mingw32/bin/../lib/gcc/nios2-elf/4.7.3/../../../../../H-i686-mingw32/nios2-elf/lib\libc.a(lib_a-fwalk.o)
                0x0001dfbc                _fwalk
                0x0001e064                _fwalk_reent
 .text          0x0001e11c       0xdc c:/altera/13.1/nios2eds/bin/gnu/h-i686-mingw32/bin/../lib/gcc/nios2-elf/4.7.3/../../../../../H-i686-mingw32/nios2-elf/lib\libc.a(lib_a-locale.o)
                0x0001e11c                _setlocale_r
                0x0001e1b8                __locale_charset
                0x0001e1c4                _localeconv_r
                0x0001e1d0                setlocale
                0x0001e1ec                localeconv
 .text          0x0001e1f8      0x1a8 c:/altera/13.1/nios2eds/bin/gnu/h-i686-mingw32/bin/../lib/gcc/nios2-elf/4.7.3/../../../../../H-i686-mingw32/nios2-elf/lib\libc.a(lib_a-makebuf.o)
                0x0001e1f8                __smakebuf_r
 .text          0x0001e3a0      0x784 c:/altera/13.1/nios2eds/bin/gnu/h-i686-mingw32/bin/../lib/gcc/nios2-elf/4.7.3/../../../../../H-i686-mingw32/nios2-elf/lib\libc.a(lib_a-mallocr.o)
                0x0001e3a0                _malloc_r
 .text          0x0001eb24       0xf8 c:/altera/13.1/nios2eds/bin/gnu/h-i686-mingw32/bin/../lib/gcc/nios2-elf/4.7.3/../../../../../H-i686-mingw32/nios2-elf/lib\libc.a(lib_a-memchr.o)
                0x0001eb24                memchr
 .text          0x0001ec1c      0x128 c:/altera/13.1/nios2eds/bin/gnu/h-i686-mingw32/bin/../lib/gcc/nios2-elf/4.7.3/../../../../../H-i686-mingw32/nios2-elf/lib\libc.a(lib_a-memmove.o)
                0x0001ec1c                memmove
 .text          0x0001ed44      0xfa8 c:/altera/13.1/nios2eds/bin/gnu/h-i686-mingw32/bin/../lib/gcc/nios2-elf/4.7.3/../../../../../H-i686-mingw32/nios2-elf/lib\libc.a(lib_a-mprec.o)
                0x0001ed44                _Balloc
                0x0001edec                _Bfree
                0x0001ee14                __multadd
                0x0001ef28                __s2b
                0x0001f02c                __hi0bits
                0x0001f094                __lo0bits
                0x0001f144                __i2b
                0x0001f180                __multiply
                0x0001f360                __pow5mult
                0x0001f48c                __lshift
                0x0001f5e8                __mcmp
                0x0001f640                __mdiff
                0x0001f7e8                __ulp
                0x0001f848                __b2d
                0x0001f990                __d2b
                0x0001fad4                __ratio
                0x0001fb78                _mprec_log10
                0x0001fbec                __copybits
                0x0001fc68                __any_on
 .text          0x0001fcec      0x5fc c:/altera/13.1/nios2eds/bin/gnu/h-i686-mingw32/bin/../lib/gcc/nios2-elf/4.7.3/../../../../../H-i686-mingw32/nios2-elf/lib\libc.a(lib_a-reallocr.o)
                0x0001fcec                _realloc_r
 .text          0x000202e8       0x38 c:/altera/13.1/nios2eds/bin/gnu/h-i686-mingw32/bin/../lib/gcc/nios2-elf/4.7.3/../../../../../H-i686-mingw32/nios2-elf/lib\libc.a(lib_a-s_isinfd.o)
                0x000202e8                __isinfd
 .text          0x00020320       0x2c c:/altera/13.1/nios2eds/bin/gnu/h-i686-mingw32/bin/../lib/gcc/nios2-elf/4.7.3/../../../../../H-i686-mingw32/nios2-elf/lib\libc.a(lib_a-s_isnand.o)
                0x00020320                __isnand
 .text          0x0002034c       0x64 c:/altera/13.1/nios2eds/bin/gnu/h-i686-mingw32/bin/../lib/gcc/nios2-elf/4.7.3/../../../../../H-i686-mingw32/nios2-elf/lib\libc.a(lib_a-sbrkr.o)
                0x0002034c                _sbrk_r
 .text          0x000203b0      0x140 c:/altera/13.1/nios2eds/bin/gnu/h-i686-mingw32/bin/../lib/gcc/nios2-elf/4.7.3/../../../../../H-i686-mingw32/nios2-elf/lib\libc.a(lib_a-stdio.o)
                0x000203b0                __sread
                0x00020404                __swrite
                0x0002048c                __sseek
                0x000204e8                __sclose
 .text          0x000204f0       0x6c c:/altera/13.1/nios2eds/bin/gnu/h-i686-mingw32/bin/../lib/gcc/nios2-elf/4.7.3/../../../../../H-i686-mingw32/nios2-elf/lib\libc.a(lib_a-writer.o)
                0x000204f0                _write_r
 .text          0x0002055c       0xbc c:/altera/13.1/nios2eds/bin/gnu/h-i686-mingw32/bin/../lib/gcc/nios2-elf/4.7.3/../../../../../H-i686-mingw32/nios2-elf/lib\libc.a(lib_a-callocr.o)
                0x0002055c                _calloc_r
 .text          0x00020618       0x64 c:/altera/13.1/nios2eds/bin/gnu/h-i686-mingw32/bin/../lib/gcc/nios2-elf/4.7.3/../../../../../H-i686-mingw32/nios2-elf/lib\libc.a(lib_a-closer.o)
                0x00020618                _close_r
 .text          0x0002067c      0x150 c:/altera/13.1/nios2eds/bin/gnu/h-i686-mingw32/bin/../lib/gcc/nios2-elf/4.7.3/../../../../../H-i686-mingw32/nios2-elf/lib\libc.a(lib_a-fclose.o)
                0x0002067c                _fclose_r
                0x000207b8                fclose
 .text          0x000207cc       0x68 c:/altera/13.1/nios2eds/bin/gnu/h-i686-mingw32/bin/../lib/gcc/nios2-elf/4.7.3/../../../../../H-i686-mingw32/nios2-elf/lib\libc.a(lib_a-fstatr.o)
                0x000207cc                _fstat_r
 .text          0x00020834        0x0 c:/altera/13.1/nios2eds/bin/gnu/h-i686-mingw32/bin/../lib/gcc/nios2-elf/4.7.3/../../../../../H-i686-mingw32/nios2-elf/lib\libc.a(lib_a-int_errno.o)
 .text          0x00020834       0x64 c:/altera/13.1/nios2eds/bin/gnu/h-i686-mingw32/bin/../lib/gcc/nios2-elf/4.7.3/../../../../../H-i686-mingw32/nios2-elf/lib\libc.a(lib_a-isattyr.o)
                0x00020834                _isatty_r
 .text          0x00020898       0x6c c:/altera/13.1/nios2eds/bin/gnu/h-i686-mingw32/bin/../lib/gcc/nios2-elf/4.7.3/../../../../../H-i686-mingw32/nios2-elf/lib\libc.a(lib_a-lseekr.o)
                0x00020898                _lseek_r
 .text          0x00020904       0x6c c:/altera/13.1/nios2eds/bin/gnu/h-i686-mingw32/bin/../lib/gcc/nios2-elf/4.7.3/../../../../../H-i686-mingw32/nios2-elf/lib\libc.a(lib_a-readr.o)
                0x00020904                _read_r
 .text          0x00020970      0x5c8 c:/altera/13.1/nios2eds/bin/gnu/h-i686-mingw32/bin/../lib/gcc/nios2-elf/4.7.3\libgcc.a(_udivdi3.o)
                0x00020970                __udivdi3
 .text          0x00020f38      0x58c c:/altera/13.1/nios2eds/bin/gnu/h-i686-mingw32/bin/../lib/gcc/nios2-elf/4.7.3\libgcc.a(_umoddi3.o)
                0x00020f38                __umoddi3
 .text          0x000214c4       0x5c c:/altera/13.1/nios2eds/bin/gnu/h-i686-mingw32/bin/../lib/gcc/nios2-elf/4.7.3\libgcc.a(_eq_df.o)
                0x000214c4                __eqdf2
 .text          0x00021520       0x5c c:/altera/13.1/nios2eds/bin/gnu/h-i686-mingw32/bin/../lib/gcc/nios2-elf/4.7.3\libgcc.a(_ne_df.o)
                0x00021520                __nedf2
 .text          0x0002157c       0x64 c:/altera/13.1/nios2eds/bin/gnu/h-i686-mingw32/bin/../lib/gcc/nios2-elf/4.7.3\libgcc.a(_gt_df.o)
                0x0002157c                __gtdf2
 .text          0x000215e0       0x5c c:/altera/13.1/nios2eds/bin/gnu/h-i686-mingw32/bin/../lib/gcc/nios2-elf/4.7.3\libgcc.a(_lt_df.o)
                0x000215e0                __ltdf2
 .text          0x0002163c       0xd4 c:/altera/13.1/nios2eds/bin/gnu/h-i686-mingw32/bin/../lib/gcc/nios2-elf/4.7.3\libgcc.a(_si_to_df.o)
                0x0002163c                __floatsidf
 .text          0x00021710      0x130 c:/altera/13.1/nios2eds/bin/gnu/h-i686-mingw32/bin/../lib/gcc/nios2-elf/4.7.3\libgcc.a(lib2-divmod.o)
                0x00021784                __divsi3
                0x000217d4                __modsi3
                0x00021830                __udivsi3
                0x00021838                __umodsi3
 .text          0x00021840      0x16c ../lwIP_NIOS_II_Example_bsp\libhal_bsp.a(alt_alarm_start.o)
                0x00021840                alt_alarm_start
 .text          0x000219ac      0x118 ../lwIP_NIOS_II_Example_bsp\libhal_bsp.a(alt_close.o)
                0x000219fc                close
 .text          0x00021ac4       0x2c ../lwIP_NIOS_II_Example_bsp\libhal_bsp.a(alt_dev.o)
 .text          0x00021af0        0x0 ../lwIP_NIOS_II_Example_bsp\libhal_bsp.a(alt_errno.o)
 .text          0x00021af0       0xfc ../lwIP_NIOS_II_Example_bsp\libhal_bsp.a(alt_fstat.o)
                0x00021b40                fstat
 .text          0x00021bec       0xf0 ../lwIP_NIOS_II_Example_bsp\libhal_bsp.a(alt_isatty.o)
                0x00021c3c                isatty
 .text          0x00021cdc       0xec ../lwIP_NIOS_II_Example_bsp\libhal_bsp.a(alt_load.o)
                0x00021d48                alt_load
 .text          0x00021dc8      0x120 ../lwIP_NIOS_II_Example_bsp\libhal_bsp.a(alt_lseek.o)
                0x00021e18                lseek
 .text          0x00021ee8       0x78 ../lwIP_NIOS_II_Example_bsp\libhal_bsp.a(alt_main.o)
                0x00021ee8                alt_main
 .text          0x00021f60       0x40 ../lwIP_NIOS_II_Example_bsp\libhal_bsp.a(alt_malloc_lock.o)
                0x00021f60                __malloc_lock
                0x00021f80                __malloc_unlock
 .text          0x00021fa0      0x140 ../lwIP_NIOS_II_Example_bsp\libhal_bsp.a(alt_read.o)
                0x00021ff0                read
 .text          0x000220e0       0x60 ../lwIP_NIOS_II_Example_bsp\libhal_bsp.a(alt_release_fd.o)
                0x000220e0                alt_release_fd
 .text          0x00022140       0x40 ../lwIP_NIOS_II_Example_bsp\libhal_bsp.a(alt_remap_uncached.o)
                0x00022140                alt_remap_uncached
 .text          0x00022180      0x108 ../lwIP_NIOS_II_Example_bsp\libhal_bsp.a(alt_sbrk.o)
                0x00022180                sbrk
 .text          0x00022288      0x1c8 ../lwIP_NIOS_II_Example_bsp\libhal_bsp.a(alt_tick.o)
                0x00022288                alt_alarm_stop
                0x0002234c                alt_tick
 .text          0x00022450       0x58 ../lwIP_NIOS_II_Example_bsp\libhal_bsp.a(alt_uncached_malloc.o)
                0x00022450                alt_uncached_malloc
 .text          0x000224a8       0x30 ../lwIP_NIOS_II_Example_bsp\libhal_bsp.a(alt_usleep.o)
                0x000224a8                usleep
 .text          0x000224d8      0x13c ../lwIP_NIOS_II_Example_bsp\libhal_bsp.a(alt_write.o)
                0x00022528                write
 .text          0x00022614      0x1b0 ../lwIP_NIOS_II_Example_bsp\libhal_bsp.a(alt_sys_init.o)
                0x0002264c                alt_irq_init
                0x0002268c                alt_sys_init
 .text          0x000227c4      0x894 ../lwIP_NIOS_II_Example_bsp\libhal_bsp.a(altera_avalon_cfi_flash.o)
                0x000227fc                alt_flash_cfi_init
                0x0002288c                alt_flash_cfi_write
                0x00022b38                alt_flash_cfi_get_info
                0x00022bc4                alt_flash_cfi_read
                0x00022c28                alt_write_value_to_flash
                0x00022d80                alt_flash_program_block
 .text          0x00023058     0x1430 ../lwIP_NIOS_II_Example_bsp\libhal_bsp.a(altera_avalon_cfi_flash_table.o)
                0x00023058                alt_read_query_entry_8bit
                0x00023094                alt_read_query_entry_16bit
                0x000230d4                alt_read_query_entry_32bit
                0x00023114                alt_write_flash_command_8bit_device_8bit_mode
                0x00023158                alt_write_flash_command_16bit_device_8bit_mode
                0x000231cc                alt_write_flash_command_32bit_device_8bit_mode
                0x00023218                alt_write_flash_command_16bit_device_16bit_mode
                0x00023260                alt_write_flash_command_32bit_device_16bit_mode
                0x000232ac                alt_write_flash_command_32bit_device_32bit_mode
                0x000232f8                alt_write_native_8bit
                0x00023330                alt_write_native_16bit
                0x00023368                alt_write_native_32bit
                0x0002339c                alt_set_flash_width_func
                0x00023560                alt_set_flash_algorithm_func
                0x0002367c                alt_read_cfi_table
                0x00023c44                alt_read_cfi_width
                0x000243b4                alt_check_primary_table
 .text          0x00024488      0x164 ../lwIP_NIOS_II_Example_bsp\libhal_bsp.a(altera_avalon_jtag_uart_fd.o)
                0x00024488                altera_avalon_jtag_uart_read_fd
                0x000244e8                altera_avalon_jtag_uart_write_fd
                0x00024548                altera_avalon_jtag_uart_close_fd
                0x00024598                altera_avalon_jtag_uart_ioctl_fd
 .text          0x000245ec      0x3d0 ../lwIP_NIOS_II_Example_bsp\libhal_bsp.a(altera_avalon_jtag_uart_init.o)
                0x000245ec                altera_avalon_jtag_uart_init
                0x00024954                altera_avalon_jtag_uart_close
 .text          0x000249bc       0xf4 ../lwIP_NIOS_II_Example_bsp\libhal_bsp.a(altera_avalon_jtag_uart_ioctl.o)
                0x000249bc                altera_avalon_jtag_uart_ioctl
 .text          0x00024ab0      0x244 ../lwIP_NIOS_II_Example_bsp\libhal_bsp.a(altera_avalon_jtag_uart_read.o)
                0x00024ab0                altera_avalon_jtag_uart_read
 .text          0x00024cf4      0x250 ../lwIP_NIOS_II_Example_bsp\libhal_bsp.a(altera_avalon_jtag_uart_write.o)
                0x00024cf4                altera_avalon_jtag_uart_write
 .text          0x00024f44      0xe8c ../lwIP_NIOS_II_Example_bsp\libhal_bsp.a(altera_avalon_lcd_16207.o)
                0x00025708                altera_avalon_lcd_16207_write
                0x00025c98                altera_avalon_lcd_16207_init
 .text          0x00025dd0       0x60 ../lwIP_NIOS_II_Example_bsp\libhal_bsp.a(altera_avalon_lcd_16207_fd.o)
                0x00025dd0                altera_avalon_lcd_16207_write_fd
 .text          0x00025e30      0xd2c ../lwIP_NIOS_II_Example_bsp\libhal_bsp.a(altera_avalon_sgdma.o)
                0x00025e80                alt_avalon_sgdma_do_async_transfer
                0x00025fa4                alt_avalon_sgdma_do_sync_transfer
                0x000260b4                alt_avalon_sgdma_construct_mem_to_mem_desc
                0x00026124                alt_avalon_sgdma_construct_mem_to_mem_desc_burst
                0x000261a4                alt_avalon_sgdma_construct_stream_to_mem_desc
                0x00026200                alt_avalon_sgdma_construct_stream_to_mem_desc_burst
                0x00026274                alt_avalon_sgdma_construct_mem_to_stream_desc
                0x000262f0                alt_avalon_sgdma_construct_mem_to_stream_desc_burst
                0x00026378                alt_avalon_sgdma_register_callback
                0x000263c8                alt_avalon_sgdma_start
                0x0002641c                alt_avalon_sgdma_stop
                0x00026474                alt_avalon_sgdma_check_descriptor_status
                0x000264d8                alt_avalon_sgdma_open
                0x00026528                alt_avalon_sgdma_construct_descriptor
                0x000265b0                alt_avalon_sgdma_enable_desc_poll
                0x00026630                alt_avalon_sgdma_disable_desc_poll
                0x00026690                alt_avalon_sgdma_construct_descriptor_burst
                0x00026ab8                alt_avalon_sgdma_init
 .text          0x00026b5c      0x128 ../lwIP_NIOS_II_Example_bsp\libhal_bsp.a(altera_avalon_timer_sc.o)
                0x00026bfc                alt_avalon_timer_sc_init
 .text          0x00026c84      0x140 ../lwIP_NIOS_II_Example_bsp\libhal_bsp.a(altera_avalon_timer_ts.o)
                0x00026c84                alt_timestamp_start
                0x00026d0c                alt_timestamp
                0x00026d9c                alt_timestamp_freq
 .text          0x00026dc4        0x0 ../lwIP_NIOS_II_Example_bsp\libhal_bsp.a(altera_avalon_timer_vars.o)
 .text          0x00026dc4     0x4fa8 ../lwIP_NIOS_II_Example_bsp\libhal_bsp.a(altera_avalon_tse.o)
                0x00026dc4                no_printf
                0x00026df0                tse_mac_initTransInfo2
                0x00026e50                tse_mac_sTxWrite
                0x00026f30                tse_mac_aRxRead
                0x00026fd4                tse_mac_SwReset
                0x0002705c                tse_mac_setMIImode
                0x000270b0                tse_mac_setGMIImode
                0x00027100                alt_tse_phy_add_profile
                0x000272e4                alt_tse_system_add_sys
                0x00027ce0                alt_tse_sys_enable_mdio_sharing
                0x00027e44                alt_tse_mac_get_common_speed
                0x00027e84                alt_tse_mac_set_common_speed
                0x00027ecc                alt_tse_get_system_index
                0x00027f38                alt_tse_get_mac_group_index
                0x00027fac                alt_tse_get_mac_info_index
                0x0002802c                alt_tse_get_mac_info
                0x00028104                alt_tse_mac_set_speed
                0x000281e4                alt_tse_mac_set_duplex
                0x00028270                getPHYSpeed
                0x00028ce4                alt_tse_phy_rd_mdio_addr
                0x00028d2c                alt_tse_phy_wr_mdio_addr
                0x00028d84                alt_tse_phy_wr_mdio_reg
                0x00028eb0                alt_tse_phy_rd_mdio_reg
                0x00028f7c                alt_tse_phy_add_profile_default
                0x00029214                alt_tse_phy_print_profile
                0x00029424                alt_tse_mac_group_init
                0x00029ac0                alt_tse_mac_get_phy
                0x00029edc                alt_tse_mac_associate_phy
                0x0002a11c                alt_tse_phy_cfg_pcs
                0x0002a244                alt_tse_phy_init
                0x0002a35c                alt_tse_phy_restart_an
                0x0002a520                alt_tse_phy_check_link
                0x0002a680                alt_tse_phy_get_cap
                0x0002ac18                alt_tse_phy_set_adv_1000
                0x0002add4                alt_tse_phy_set_adv_100
                0x0002b01c                alt_tse_phy_set_adv_10
                0x0002b1c4                alt_tse_phy_get_common_speed
                0x0002b4ec                alt_tse_phy_set_common_speed
                0x0002b9a4                marvell_phy_cfg
                0x0002ba3c                marvell_cfg_gmii
                0x0002bb20                marvell_cfg_sgmii
                0x0002bc04                marvell_cfg_rgmii
                0x0002bcf4                DP83848C_link_status_read
 .text          0x0002bd6c      0x110 ../lwIP_NIOS_II_Example_bsp\libhal_bsp.a(altera_avalon_uart_fd.o)
                0x0002bd6c                altera_avalon_uart_read_fd
                0x0002bdcc                altera_avalon_uart_write_fd
                0x0002be2c                altera_avalon_uart_close_fd
 .text          0x0002be7c      0x3a8 ../lwIP_NIOS_II_Example_bsp\libhal_bsp.a(altera_avalon_uart_init.o)
                0x0002be7c                altera_avalon_uart_init
                0x0002c1d0                altera_avalon_uart_close
 .text          0x0002c224      0x2ac ../lwIP_NIOS_II_Example_bsp\libhal_bsp.a(altera_avalon_uart_read.o)
                0x0002c274                altera_avalon_uart_read
 .text          0x0002c4d0      0x250 ../lwIP_NIOS_II_Example_bsp\libhal_bsp.a(altera_avalon_uart_write.o)
                0x0002c520                altera_avalon_uart_write
 .text          0x0002c720      0x200 ../lwIP_NIOS_II_Example_bsp\libhal_bsp.a(altera_vic_0_vector_tbl.o)
                0x0002c720                VIC_0_VECTOR_TABLE
 .text          0x0002c920       0x18 ../lwIP_NIOS_II_Example_bsp\libhal_bsp.a(altera_vic_funnel_non_preemptive.o)
                0x0002c920                alt_shadow_non_preemptive_interrupt
 .text          0x0002c938      0x13c ../lwIP_NIOS_II_Example_bsp\libhal_bsp.a(altera_vic_irq_init.o)
                0x0002c938                alt_vic_irq_init
 .text          0x0002ca74      0x158 ../lwIP_NIOS_II_Example_bsp\libhal_bsp.a(altera_vic_isr_register.o)
                0x0002ca74                alt_ic_isr_register
 .text          0x0002cbcc      0x128 ../lwIP_NIOS_II_Example_bsp\libhal_bsp.a(alt_busy_sleep.o)
                0x0002cbcc                alt_busy_sleep
 .text          0x0002ccf4       0x24 ../lwIP_NIOS_II_Example_bsp\libhal_bsp.a(alt_dcache_flush.o)
                0x0002ccf4                alt_dcache_flush
 .text          0x0002cd18       0x1c ../lwIP_NIOS_II_Example_bsp\libhal_bsp.a(alt_dcache_flush_all.o)
                0x0002cd18                alt_dcache_flush_all
 .text          0x0002cd34       0xf0 ../lwIP_NIOS_II_Example_bsp\libhal_bsp.a(alt_dev_llist_insert.o)
                0x0002cd84                alt_dev_llist_insert
 .text          0x0002ce24       0x5c ../lwIP_NIOS_II_Example_bsp\libhal_bsp.a(alt_do_ctors.o)
                0x0002ce24                _do_ctors
 .text          0x0002ce80       0x5c ../lwIP_NIOS_II_Example_bsp\libhal_bsp.a(alt_do_dtors.o)
                0x0002ce80                _do_dtors
 .text          0x0002cedc       0x90 ../lwIP_NIOS_II_Example_bsp\libhal_bsp.a(alt_find_dev.o)
                0x0002cedc                alt_find_dev
 .text          0x0002cf6c       0xb8 ../lwIP_NIOS_II_Example_bsp\libhal_bsp.a(alt_flash_dev.o)
                0x0002cf6c                alt_flash_open_dev
                0x0002cfd4                alt_flash_close_dev
 .text          0x0002d024       0x30 ../lwIP_NIOS_II_Example_bsp\libhal_bsp.a(alt_icache_flush_all.o)
                0x0002d024                alt_icache_flush_all
 .text          0x0002d054      0x138 ../lwIP_NIOS_II_Example_bsp\libhal_bsp.a(alt_io_redirect.o)
                0x0002d114                alt_io_redirect
 .text          0x0002d18c      0x270 ../lwIP_NIOS_II_Example_bsp\libhal_bsp.a(alt_open.o)
                0x0002d2a8                open
 .text          0x0002d3fc      0x460 ../lwIP_NIOS_II_Example_bsp\libhal_bsp.a(altera_avalon_cfi_flash_amd.o)
                0x0002d3fc                alt_program_amd
                0x0002d464                alt_erase_block_amd
 .text          0x0002d85c      0x438 ../lwIP_NIOS_II_Example_bsp\libhal_bsp.a(altera_avalon_cfi_flash_intel.o)
                0x0002d85c                alt_program_intel
                0x0002d8dc                alt_erase_block_intel
 .text          0x0002dc94      0x114 ../lwIP_NIOS_II_Example_bsp\libhal_bsp.a(alt_find_file.o)
                0x0002dc94                alt_find_file
 .text          0x0002dda8       0xb4 ../lwIP_NIOS_II_Example_bsp\libhal_bsp.a(alt_get_fd.o)
                0x0002dda8                alt_get_fd
 .text          0x0002de5c       0x8c ../lwIP_NIOS_II_Example_bsp\libhal_bsp.a(alt_icache_flush.o)
                0x0002de5c                alt_icache_flush
 .text          0x0002dee8       0x14 c:/altera/13.1/nios2eds/bin/gnu/h-i686-mingw32/bin/../lib/gcc/nios2-elf/4.7.3/../../../../../H-i686-mingw32/nios2-elf/lib\libc.a(lib_a-atexit.o)
                0x0002dee8                atexit
 .text          0x0002defc        0x0 c:/altera/13.1/nios2eds/bin/gnu/h-i686-mingw32/bin/../lib/gcc/nios2-elf/4.7.3/../../../../../H-i686-mingw32/nios2-elf/lib\libc.a(lib_a-ctype_.o)
 .text          0x0002defc       0x38 c:/altera/13.1/nios2eds/bin/gnu/h-i686-mingw32/bin/../lib/gcc/nios2-elf/4.7.3/../../../../../H-i686-mingw32/nios2-elf/lib\libc.a(lib_a-exit.o)
                0x0002defc                exit
 .text          0x0002df34       0x28 c:/altera/13.1/nios2eds/bin/gnu/h-i686-mingw32/bin/../lib/gcc/nios2-elf/4.7.3/../../../../../H-i686-mingw32/nios2-elf/lib\libc.a(lib_a-malloc.o)
                0x0002df34                malloc
                0x0002df48                free
 .text          0x0002df5c       0x94 c:/altera/13.1/nios2eds/bin/gnu/h-i686-mingw32/bin/../lib/gcc/nios2-elf/4.7.3/../../../../../H-i686-mingw32/nios2-elf/lib\libc.a(lib_a-strcpy.o)
                0x0002df5c                strcpy
 .text          0x0002dff0      0x130 c:/altera/13.1/nios2eds/bin/gnu/h-i686-mingw32/bin/../lib/gcc/nios2-elf/4.7.3/../../../../../H-i686-mingw32/nios2-elf/lib\libc.a(lib_a-__atexit.o)
                0x0002dff0                __register_exitproc
 .text          0x0002e120      0x1a0 c:/altera/13.1/nios2eds/bin/gnu/h-i686-mingw32/bin/../lib/gcc/nios2-elf/4.7.3/../../../../../H-i686-mingw32/nios2-elf/lib\libc.a(lib_a-__call_atexit.o)
                0x0002e120                __call_exitprocs
 .text          0x0002e2c0       0x3c ../lwIP_NIOS_II_Example_bsp\libhal_bsp.a(alt_exit.o)
                0x0002e2c0                _exit
 *(.gnu.warning.*)
 *(.fini)
                0x0002e2fc                PROVIDE (__etext, ABSOLUTE (.))
                0x0002e2fc                PROVIDE (_etext, ABSOLUTE (.))
                0x0002e2fc                PROVIDE (etext, ABSOLUTE (.))
 *(.eh_frame_hdr)
                0x0002e2fc                . = ALIGN (0x4)
                0x0002e2fc                PROVIDE (__preinit_array_start, ABSOLUTE (.))
 *(.preinit_array)
                0x0002e2fc                PROVIDE (__preinit_array_end, ABSOLUTE (.))
                0x0002e2fc                PROVIDE (__init_array_start, ABSOLUTE (.))
 *(.init_array)
                0x0002e2fc                PROVIDE (__init_array_end, ABSOLUTE (.))
                0x0002e2fc                PROVIDE (__fini_array_start, ABSOLUTE (.))
 *(.fini_array)
                0x0002e2fc                PROVIDE (__fini_array_end, ABSOLUTE (.))
 *(.eh_frame)
 *(.gcc_except_table .gcc_except_table.*)
 *(.dynamic)
                0x0002e2fc                PROVIDE (__CTOR_LIST__, ABSOLUTE (.))
 *(.ctors)
 *(SORT(.ctors.*))
                0x0002e2fc                PROVIDE (__CTOR_END__, ABSOLUTE (.))
                0x0002e2fc                PROVIDE (__DTOR_LIST__, ABSOLUTE (.))
 *(.dtors)
 *(SORT(.dtors.*))
                0x0002e2fc                PROVIDE (__DTOR_END__, ABSOLUTE (.))
 *(.jcr)
                0x0002e2fc                . = ALIGN (0x4)

.rodata         0x0002e2fc     0x5130
                0x0002e2fc                PROVIDE (__ram_rodata_start, ABSOLUTE (.))
                0x0002e2fc                . = ALIGN (0x4)
 *(.rodata .rodata.* .gnu.linkonce.r.*)
 .rodata        0x0002e2fc       0xb4 obj/default/drivers/alteraTseEthernetif.o
 .rodata        0x0002e3b0      0xc80 obj/default/drivers/fs.o
                0x0002f000                file_img_sics_gif
                0x0002f010                file_404_html
                0x0002f020                file_index_html
 .rodata        0x0002f030       0xa4 obj/default/drivers/httpd.o
 .rodata        0x0002f0d4      0x198 obj/default/drivers/lwip_tse_mac.o
 .rodata        0x0002f26c       0x20 obj/default/drivers/tse_my_system.o
 .rodata        0x0002f28c       0x84 obj/default/echo.o
 .rodata        0x0002f310       0x2c obj/default/histogram.o
 .rodata        0x0002f33c      0x464 obj/default/lwip/src/core/dhcp.o
 .rodata        0x0002f7a0      0x15c obj/default/lwip/src/core/ipv4/icmp.o
 .rodata        0x0002f8fc       0x58 obj/default/lwip/src/core/ipv4/inet_chksum.o
 .rodata        0x0002f954       0x7c obj/default/lwip/src/core/ipv4/ip.o
 .rodata        0x0002f9d0       0x54 obj/default/lwip/src/core/ipv4/ip_addr.o
 .rodata        0x0002fa24      0x17c obj/default/lwip/src/core/ipv4/ip_frag.o
 .rodata        0x0002fba0      0x1e0 obj/default/lwip/src/core/mem.o
 .rodata        0x0002fd80       0xc8 obj/default/lwip/src/core/memp.o
 .rodata        0x0002fe48       0x58 obj/default/lwip/src/core/netif.o
 .rodata        0x0002fea0      0x478 obj/default/lwip/src/core/pbuf.o
 .rodata        0x00030318       0x64 obj/default/lwip/src/core/raw.o
 .rodata        0x0003037c      0x478 obj/default/lwip/src/core/tcp.o
                0x000303f4                tcp_state_str
                0x00030420                tcp_backoff
                0x00030430                tcp_pcb_lists
 .rodata        0x000307f4      0x310 obj/default/lwip/src/core/tcp_in.o
 .rodata        0x00030b04      0x394 obj/default/lwip/src/core/tcp_out.o
 .rodata        0x00030e98       0xa0 obj/default/lwip/src/core/udp.o
 .rodata        0x00030f38      0x280 obj/default/lwip/src/netif/etharp.o
 .rodata        0x000311b8       0x6c obj/default/main.o
 .rodata        0x00031224       0x14 c:/altera/13.1/nios2eds/bin/gnu/h-i686-mingw32/bin/../lib/gcc/nios2-elf/4.7.3\libgcc.a(_thenan_df.o)
                0x00031224                __thenan_df
 .rodata        0x00031238      0x100 c:/altera/13.1/nios2eds/bin/gnu/h-i686-mingw32/bin/../lib/gcc/nios2-elf/4.7.3\libgcc.a(_clz.o)
                0x00031238                __clz_tab
 .rodata.str1.4
                0x00031338        0x2 c:/altera/13.1/nios2eds/bin/gnu/h-i686-mingw32/bin/../lib/gcc/nios2-elf/4.7.3/../../../../../H-i686-mingw32/nios2-elf/lib\libc.a(lib_a-impure.o)
                                  0x4 (size before relaxing)
 *fill*         0x0003133a        0x2 
 .rodata.str1.4
                0x0003133c        0x2 c:/altera/13.1/nios2eds/bin/gnu/h-i686-mingw32/bin/../lib/gcc/nios2-elf/4.7.3/../../../../../H-i686-mingw32/nios2-elf/lib\libc.a(lib_a-puts.o)
                                  0x4 (size before relaxing)
 *fill*         0x0003133e        0x2 
 .rodata.str1.4
                0x00031340       0x42 c:/altera/13.1/nios2eds/bin/gnu/h-i686-mingw32/bin/../lib/gcc/nios2-elf/4.7.3/../../../../../H-i686-mingw32/nios2-elf/lib\libc.a(lib_a-vfprintf.o)
                                 0x44 (size before relaxing)
 .rodata        0x00031382       0x20 c:/altera/13.1/nios2eds/bin/gnu/h-i686-mingw32/bin/../lib/gcc/nios2-elf/4.7.3/../../../../../H-i686-mingw32/nios2-elf/lib\libc.a(lib_a-vfprintf.o)
 *fill*         0x000313a2        0x2 
 .rodata.str1.4
                0x000313a4       0x10 c:/altera/13.1/nios2eds/bin/gnu/h-i686-mingw32/bin/../lib/gcc/nios2-elf/4.7.3/../../../../../H-i686-mingw32/nios2-elf/lib\libc.a(lib_a-dtoa.o)
                                 0x14 (size before relaxing)
 .rodata.str1.4
                0x000313b4       0x10 c:/altera/13.1/nios2eds/bin/gnu/h-i686-mingw32/bin/../lib/gcc/nios2-elf/4.7.3/../../../../../H-i686-mingw32/nios2-elf/lib\libc.a(lib_a-locale.o)
                                 0x18 (size before relaxing)
 .rodata        0x000313c4       0x30 c:/altera/13.1/nios2eds/bin/gnu/h-i686-mingw32/bin/../lib/gcc/nios2-elf/4.7.3/../../../../../H-i686-mingw32/nios2-elf/lib\libc.a(lib_a-locale.o)
 .rodata        0x000313f4      0x124 c:/altera/13.1/nios2eds/bin/gnu/h-i686-mingw32/bin/../lib/gcc/nios2-elf/4.7.3/../../../../../H-i686-mingw32/nios2-elf/lib\libc.a(lib_a-mprec.o)
                0x000313f4                __mprec_tinytens
                0x0003141c                __mprec_bigtens
                0x00031444                __mprec_tens
 .rodata        0x00031518        0xc ../lwIP_NIOS_II_Example_bsp\libhal_bsp.a(alt_dev.o)
 .rodata        0x00031524       0x10 ../lwIP_NIOS_II_Example_bsp\libhal_bsp.a(alt_main.o)
 .rodata        0x00031534       0x70 ../lwIP_NIOS_II_Example_bsp\libhal_bsp.a(alt_sys_init.o)
 .rodata        0x000315a4     0x1be4 ../lwIP_NIOS_II_Example_bsp\libhal_bsp.a(altera_avalon_tse.o)
 .rodata        0x00033188       0x20 ../lwIP_NIOS_II_Example_bsp\libhal_bsp.a(altera_vic_irq_init.o)
 .rodata        0x000331a8      0x281 c:/altera/13.1/nios2eds/bin/gnu/h-i686-mingw32/bin/../lib/gcc/nios2-elf/4.7.3/../../../../../H-i686-mingw32/nios2-elf/lib\libc.a(lib_a-ctype_.o)
                0x000331a8                _ctype_
 *(.rodata1)
                0x0003342c                . = ALIGN (0x4)
 *fill*         0x00033429        0x3 
                0x0003342c                PROVIDE (__ram_rodata_end, ABSOLUTE (.))
                0x0002e2fc                PROVIDE (__flash_rodata_start, LOADADDR (.rodata))

.rwdata         0x0003342c     0x2220 load address 0x0003564c
                0x0003342c                PROVIDE (__ram_rwdata_start, ABSOLUTE (.))
                0x0003342c                . = ALIGN (0x4)
 *(.got.plt)
 *(.got)
 *(.data1)
 *(.data .data.* .gnu.linkonce.d.*)
 .data          0x0003342c        0x0 ../lwIP_NIOS_II_Example_bsp/obj/HAL/src/crt0.o
 .data          0x0003342c        0x0 obj/default/drivers/alteraTseEthernetif.o
 .data          0x0003342c        0x0 obj/default/drivers/fs.o
 .data          0x0003342c        0x0 obj/default/drivers/fsdata.o
 .data          0x0003342c        0x0 obj/default/drivers/httpd.o
 .data          0x0003342c        0x0 obj/default/drivers/lwip_tse_mac.o
 .data          0x0003342c      0x240 obj/default/drivers/tse_my_system.o
                0x0003342c                tse_mac_device
 .data          0x0003366c        0x0 obj/default/echo.o
 .data          0x0003366c        0x0 obj/default/histogram.o
 .data          0x0003366c        0x0 obj/default/lwip/src/api/api_lib.o
 .data          0x0003366c        0x0 obj/default/lwip/src/api/api_msg.o
 .data          0x0003366c        0x0 obj/default/lwip/src/api/err.o
 .data          0x0003366c        0x0 obj/default/lwip/src/api/netbuf.o
 .data          0x0003366c        0x0 obj/default/lwip/src/api/netdb.o
 .data          0x0003366c        0x0 obj/default/lwip/src/api/netifapi.o
 .data          0x0003366c        0x0 obj/default/lwip/src/api/sockets.o
 .data          0x0003366c        0x0 obj/default/lwip/src/api/tcpip.o
 .data          0x0003366c        0x0 obj/default/lwip/src/core/def.o
 .data          0x0003366c        0x0 obj/default/lwip/src/core/dhcp.o
 .data          0x0003366c        0x0 obj/default/lwip/src/core/dns.o
 .data          0x0003366c        0x0 obj/default/lwip/src/core/init.o
 .data          0x0003366c        0x0 obj/default/lwip/src/core/ipv4/autoip.o
 .data          0x0003366c        0x0 obj/default/lwip/src/core/ipv4/icmp.o
 .data          0x0003366c        0x0 obj/default/lwip/src/core/ipv4/igmp.o
 .data          0x0003366c        0x0 obj/default/lwip/src/core/ipv4/inet.o
 .data          0x0003366c        0x0 obj/default/lwip/src/core/ipv4/inet_chksum.o
 .data          0x0003366c        0x0 obj/default/lwip/src/core/ipv4/ip.o
 .data          0x0003366c        0x0 obj/default/lwip/src/core/ipv4/ip_addr.o
 .data          0x0003366c        0x0 obj/default/lwip/src/core/ipv4/ip_frag.o
 .data          0x0003366c        0x0 obj/default/lwip/src/core/mem.o
 .data          0x0003366c        0x0 obj/default/lwip/src/core/memp.o
 .data          0x0003366c        0x0 obj/default/lwip/src/core/netif.o
 .data          0x0003366c        0x0 obj/default/lwip/src/core/pbuf.o
 .data          0x0003366c        0x0 obj/default/lwip/src/core/raw.o
 .data          0x0003366c        0x0 obj/default/lwip/src/core/snmp/asn1_dec.o
 .data          0x0003366c        0x0 obj/default/lwip/src/core/snmp/asn1_enc.o
 .data          0x0003366c        0x0 obj/default/lwip/src/core/snmp/mib2.o
 .data          0x0003366c        0x0 obj/default/lwip/src/core/snmp/mib_structs.o
 .data          0x0003366c        0x0 obj/default/lwip/src/core/snmp/msg_in.o
 .data          0x0003366c        0x0 obj/default/lwip/src/core/snmp/msg_out.o
 .data          0x0003366c        0x0 obj/default/lwip/src/core/stats.o
 .data          0x0003366c        0x0 obj/default/lwip/src/core/sys.o
 .data          0x0003366c        0x0 obj/default/lwip/src/core/tcp.o
 .data          0x0003366c        0x0 obj/default/lwip/src/core/tcp_in.o
 .data          0x0003366c        0x0 obj/default/lwip/src/core/tcp_out.o
 .data          0x0003366c        0x0 obj/default/lwip/src/core/timers.o
 .data          0x0003366c        0x0 obj/default/lwip/src/core/udp.o
 .data          0x0003366c        0x0 obj/default/lwip/src/netif/etharp.o
 .data          0x0003366c        0x0 obj/default/lwip/src/netif/ethernetif.o
 .data          0x0003366c        0x0 obj/default/lwip/src/netif/ppp/auth.o
 .data          0x0003366c        0x0 obj/default/lwip/src/netif/ppp/chap.o
 .data          0x0003366c        0x0 obj/default/lwip/src/netif/ppp/chpms.o
 .data          0x0003366c        0x0 obj/default/lwip/src/netif/ppp/fsm.o
 .data          0x0003366c        0x0 obj/default/lwip/src/netif/ppp/ipcp.o
 .data          0x0003366c        0x0 obj/default/lwip/src/netif/ppp/lcp.o
 .data          0x0003366c        0x0 obj/default/lwip/src/netif/ppp/magic.o
 .data          0x0003366c        0x0 obj/default/lwip/src/netif/ppp/md5.o
 .data          0x0003366c        0x0 obj/default/lwip/src/netif/ppp/pap.o
 .data          0x0003366c        0x0 obj/default/lwip/src/netif/ppp/ppp.o
 .data          0x0003366c        0x0 obj/default/lwip/src/netif/ppp/ppp_oe.o
 .data          0x0003366c        0x0 obj/default/lwip/src/netif/ppp/randm.o
 .data          0x0003366c        0x0 obj/default/lwip/src/netif/ppp/vj.o
 .data          0x0003366c        0x0 obj/default/lwip/src/netif/slipif.o
 .data          0x0003366c        0x0 obj/default/main.o
 .data          0x0003366c        0x0 c:/altera/13.1/nios2eds/bin/gnu/h-i686-mingw32/bin/../lib/gcc/nios2-elf/4.7.3\libgcc.a(_fixunsdfsi.o)
 .data          0x0003366c        0x0 c:/altera/13.1/nios2eds/bin/gnu/h-i686-mingw32/bin/../lib/gcc/nios2-elf/4.7.3\libgcc.a(_addsub_df.o)
 .data          0x0003366c        0x0 c:/altera/13.1/nios2eds/bin/gnu/h-i686-mingw32/bin/../lib/gcc/nios2-elf/4.7.3\libgcc.a(_mul_df.o)
 .data          0x0003366c        0x0 c:/altera/13.1/nios2eds/bin/gnu/h-i686-mingw32/bin/../lib/gcc/nios2-elf/4.7.3\libgcc.a(_div_df.o)
 .data          0x0003366c        0x0 c:/altera/13.1/nios2eds/bin/gnu/h-i686-mingw32/bin/../lib/gcc/nios2-elf/4.7.3\libgcc.a(_ge_df.o)
 .data          0x0003366c        0x0 c:/altera/13.1/nios2eds/bin/gnu/h-i686-mingw32/bin/../lib/gcc/nios2-elf/4.7.3\libgcc.a(_df_to_si.o)
 .data          0x0003366c        0x0 c:/altera/13.1/nios2eds/bin/gnu/h-i686-mingw32/bin/../lib/gcc/nios2-elf/4.7.3\libgcc.a(_thenan_df.o)
 .data          0x0003366c        0x0 c:/altera/13.1/nios2eds/bin/gnu/h-i686-mingw32/bin/../lib/gcc/nios2-elf/4.7.3\libgcc.a(_usi_to_df.o)
 .data          0x0003366c        0x0 c:/altera/13.1/nios2eds/bin/gnu/h-i686-mingw32/bin/../lib/gcc/nios2-elf/4.7.3\libgcc.a(_muldi3.o)
 .data          0x0003366c        0x0 c:/altera/13.1/nios2eds/bin/gnu/h-i686-mingw32/bin/../lib/gcc/nios2-elf/4.7.3\libgcc.a(_clzsi2.o)
 .data          0x0003366c        0x0 c:/altera/13.1/nios2eds/bin/gnu/h-i686-mingw32/bin/../lib/gcc/nios2-elf/4.7.3\libgcc.a(_pack_df.o)
 .data          0x0003366c        0x0 c:/altera/13.1/nios2eds/bin/gnu/h-i686-mingw32/bin/../lib/gcc/nios2-elf/4.7.3\libgcc.a(_unpack_df.o)
 .data          0x0003366c        0x0 c:/altera/13.1/nios2eds/bin/gnu/h-i686-mingw32/bin/../lib/gcc/nios2-elf/4.7.3\libgcc.a(_fpcmp_parts_df.o)
 .data          0x0003366c        0x0 c:/altera/13.1/nios2eds/bin/gnu/h-i686-mingw32/bin/../lib/gcc/nios2-elf/4.7.3\libgcc.a(_lshrdi3.o)
 .data          0x0003366c        0x0 c:/altera/13.1/nios2eds/bin/gnu/h-i686-mingw32/bin/../lib/gcc/nios2-elf/4.7.3\libgcc.a(_ashldi3.o)
 .data          0x0003366c        0x0 c:/altera/13.1/nios2eds/bin/gnu/h-i686-mingw32/bin/../lib/gcc/nios2-elf/4.7.3\libgcc.a(_clz.o)
 .data          0x0003366c      0x400 c:/altera/13.1/nios2eds/bin/gnu/h-i686-mingw32/bin/../lib/gcc/nios2-elf/4.7.3/../../../../../H-i686-mingw32/nios2-elf/lib\libc.a(lib_a-impure.o)
 .data          0x00033a6c        0x0 c:/altera/13.1/nios2eds/bin/gnu/h-i686-mingw32/bin/../lib/gcc/nios2-elf/4.7.3/../../../../../H-i686-mingw32/nios2-elf/lib\libc.a(lib_a-memcmp.o)
 .data          0x00033a6c        0x0 c:/altera/13.1/nios2eds/bin/gnu/h-i686-mingw32/bin/../lib/gcc/nios2-elf/4.7.3/../../../../../H-i686-mingw32/nios2-elf/lib\libc.a(lib_a-memcpy.o)
 .data          0x00033a6c        0x0 c:/altera/13.1/nios2eds/bin/gnu/h-i686-mingw32/bin/../lib/gcc/nios2-elf/4.7.3/../../../../../H-i686-mingw32/nios2-elf/lib\libc.a(lib_a-memset.o)
 .data          0x00033a6c        0x0 c:/altera/13.1/nios2eds/bin/gnu/h-i686-mingw32/bin/../lib/gcc/nios2-elf/4.7.3/../../../../../H-i686-mingw32/nios2-elf/lib\libc.a(lib_a-printf.o)
 .data          0x00033a6c        0x0 c:/altera/13.1/nios2eds/bin/gnu/h-i686-mingw32/bin/../lib/gcc/nios2-elf/4.7.3/../../../../../H-i686-mingw32/nios2-elf/lib\libc.a(lib_a-putc.o)
 .data          0x00033a6c        0x0 c:/altera/13.1/nios2eds/bin/gnu/h-i686-mingw32/bin/../lib/gcc/nios2-elf/4.7.3/../../../../../H-i686-mingw32/nios2-elf/lib\libc.a(lib_a-puts.o)
 .data          0x00033a6c        0x0 c:/altera/13.1/nios2eds/bin/gnu/h-i686-mingw32/bin/../lib/gcc/nios2-elf/4.7.3/../../../../../H-i686-mingw32/nios2-elf/lib\libc.a(lib_a-strcmp.o)
 .data          0x00033a6c        0x0 c:/altera/13.1/nios2eds/bin/gnu/h-i686-mingw32/bin/../lib/gcc/nios2-elf/4.7.3/../../../../../H-i686-mingw32/nios2-elf/lib\libc.a(lib_a-strlen.o)
 .data          0x00033a6c        0x0 c:/altera/13.1/nios2eds/bin/gnu/h-i686-mingw32/bin/../lib/gcc/nios2-elf/4.7.3/../../../../../H-i686-mingw32/nios2-elf/lib\libc.a(lib_a-strncmp.o)
 .data          0x00033a6c        0x0 c:/altera/13.1/nios2eds/bin/gnu/h-i686-mingw32/bin/../lib/gcc/nios2-elf/4.7.3/../../../../../H-i686-mingw32/nios2-elf/lib\libc.a(lib_a-vfprintf.o)
 .data          0x00033a6c        0x0 c:/altera/13.1/nios2eds/bin/gnu/h-i686-mingw32/bin/../lib/gcc/nios2-elf/4.7.3/../../../../../H-i686-mingw32/nios2-elf/lib\libc.a(lib_a-wbuf.o)
 .data          0x00033a6c        0x0 c:/altera/13.1/nios2eds/bin/gnu/h-i686-mingw32/bin/../lib/gcc/nios2-elf/4.7.3/../../../../../H-i686-mingw32/nios2-elf/lib\libc.a(lib_a-wsetup.o)
 .data          0x00033a6c        0x0 c:/altera/13.1/nios2eds/bin/gnu/h-i686-mingw32/bin/../lib/gcc/nios2-elf/4.7.3/../../../../../H-i686-mingw32/nios2-elf/lib\libc.a(lib_a-dtoa.o)
 .data          0x00033a6c        0x0 c:/altera/13.1/nios2eds/bin/gnu/h-i686-mingw32/bin/../lib/gcc/nios2-elf/4.7.3/../../../../../H-i686-mingw32/nios2-elf/lib\libc.a(lib_a-fflush.o)
 .data          0x00033a6c        0x0 c:/altera/13.1/nios2eds/bin/gnu/h-i686-mingw32/bin/../lib/gcc/nios2-elf/4.7.3/../../../../../H-i686-mingw32/nios2-elf/lib\libc.a(lib_a-findfp.o)
 .data          0x00033a6c        0x0 c:/altera/13.1/nios2eds/bin/gnu/h-i686-mingw32/bin/../lib/gcc/nios2-elf/4.7.3/../../../../../H-i686-mingw32/nios2-elf/lib\libc.a(lib_a-freer.o)
 .data          0x00033a6c        0x0 c:/altera/13.1/nios2eds/bin/gnu/h-i686-mingw32/bin/../lib/gcc/nios2-elf/4.7.3/../../../../../H-i686-mingw32/nios2-elf/lib\libc.a(lib_a-fvwrite.o)
 .data          0x00033a6c        0x0 c:/altera/13.1/nios2eds/bin/gnu/h-i686-mingw32/bin/../lib/gcc/nios2-elf/4.7.3/../../../../../H-i686-mingw32/nios2-elf/lib\libc.a(lib_a-fwalk.o)
 .data          0x00033a6c        0xc c:/altera/13.1/nios2eds/bin/gnu/h-i686-mingw32/bin/../lib/gcc/nios2-elf/4.7.3/../../../../../H-i686-mingw32/nios2-elf/lib\libc.a(lib_a-locale.o)
                0x00033a6c                __lc_ctype
 .data          0x00033a78        0x0 c:/altera/13.1/nios2eds/bin/gnu/h-i686-mingw32/bin/../lib/gcc/nios2-elf/4.7.3/../../../../../H-i686-mingw32/nios2-elf/lib\libc.a(lib_a-makebuf.o)
 .data          0x00033a78      0x408 c:/altera/13.1/nios2eds/bin/gnu/h-i686-mingw32/bin/../lib/gcc/nios2-elf/4.7.3/../../../../../H-i686-mingw32/nios2-elf/lib\libc.a(lib_a-mallocr.o)
                0x00033a78                __malloc_av_
 .data          0x00033e80        0x0 c:/altera/13.1/nios2eds/bin/gnu/h-i686-mingw32/bin/../lib/gcc/nios2-elf/4.7.3/../../../../../H-i686-mingw32/nios2-elf/lib\libc.a(lib_a-memchr.o)
 .data          0x00033e80        0x0 c:/altera/13.1/nios2eds/bin/gnu/h-i686-mingw32/bin/../lib/gcc/nios2-elf/4.7.3/../../../../../H-i686-mingw32/nios2-elf/lib\libc.a(lib_a-memmove.o)
 .data          0x00033e80        0x0 c:/altera/13.1/nios2eds/bin/gnu/h-i686-mingw32/bin/../lib/gcc/nios2-elf/4.7.3/../../../../../H-i686-mingw32/nios2-elf/lib\libc.a(lib_a-mprec.o)
 .data          0x00033e80        0x0 c:/altera/13.1/nios2eds/bin/gnu/h-i686-mingw32/bin/../lib/gcc/nios2-elf/4.7.3/../../../../../H-i686-mingw32/nios2-elf/lib\libc.a(lib_a-reallocr.o)
 .data          0x00033e80        0x0 c:/altera/13.1/nios2eds/bin/gnu/h-i686-mingw32/bin/../lib/gcc/nios2-elf/4.7.3/../../../../../H-i686-mingw32/nios2-elf/lib\libc.a(lib_a-s_isinfd.o)
 .data          0x00033e80        0x0 c:/altera/13.1/nios2eds/bin/gnu/h-i686-mingw32/bin/../lib/gcc/nios2-elf/4.7.3/../../../../../H-i686-mingw32/nios2-elf/lib\libc.a(lib_a-s_isnand.o)
 .data          0x00033e80        0x0 c:/altera/13.1/nios2eds/bin/gnu/h-i686-mingw32/bin/../lib/gcc/nios2-elf/4.7.3/../../../../../H-i686-mingw32/nios2-elf/lib\libc.a(lib_a-sbrkr.o)
 .data          0x00033e80        0x0 c:/altera/13.1/nios2eds/bin/gnu/h-i686-mingw32/bin/../lib/gcc/nios2-elf/4.7.3/../../../../../H-i686-mingw32/nios2-elf/lib\libc.a(lib_a-stdio.o)
 .data          0x00033e80        0x0 c:/altera/13.1/nios2eds/bin/gnu/h-i686-mingw32/bin/../lib/gcc/nios2-elf/4.7.3/../../../../../H-i686-mingw32/nios2-elf/lib\libc.a(lib_a-writer.o)
 .data          0x00033e80        0x0 c:/altera/13.1/nios2eds/bin/gnu/h-i686-mingw32/bin/../lib/gcc/nios2-elf/4.7.3/../../../../../H-i686-mingw32/nios2-elf/lib\libc.a(lib_a-callocr.o)
 .data          0x00033e80        0x0 c:/altera/13.1/nios2eds/bin/gnu/h-i686-mingw32/bin/../lib/gcc/nios2-elf/4.7.3/../../../../../H-i686-mingw32/nios2-elf/lib\libc.a(lib_a-closer.o)
 .data          0x00033e80        0x0 c:/altera/13.1/nios2eds/bin/gnu/h-i686-mingw32/bin/../lib/gcc/nios2-elf/4.7.3/../../../../../H-i686-mingw32/nios2-elf/lib\libc.a(lib_a-fclose.o)
 .data          0x00033e80        0x0 c:/altera/13.1/nios2eds/bin/gnu/h-i686-mingw32/bin/../lib/gcc/nios2-elf/4.7.3/../../../../../H-i686-mingw32/nios2-elf/lib\libc.a(lib_a-fstatr.o)
 .data          0x00033e80        0x0 c:/altera/13.1/nios2eds/bin/gnu/h-i686-mingw32/bin/../lib/gcc/nios2-elf/4.7.3/../../../../../H-i686-mingw32/nios2-elf/lib\libc.a(lib_a-int_errno.o)
 .data          0x00033e80        0x0 c:/altera/13.1/nios2eds/bin/gnu/h-i686-mingw32/bin/../lib/gcc/nios2-elf/4.7.3/../../../../../H-i686-mingw32/nios2-elf/lib\libc.a(lib_a-isattyr.o)
 .data          0x00033e80        0x0 c:/altera/13.1/nios2eds/bin/gnu/h-i686-mingw32/bin/../lib/gcc/nios2-elf/4.7.3/../../../../../H-i686-mingw32/nios2-elf/lib\libc.a(lib_a-lseekr.o)
 .data          0x00033e80        0x0 c:/altera/13.1/nios2eds/bin/gnu/h-i686-mingw32/bin/../lib/gcc/nios2-elf/4.7.3/../../../../../H-i686-mingw32/nios2-elf/lib\libc.a(lib_a-readr.o)
 .data          0x00033e80        0x0 c:/altera/13.1/nios2eds/bin/gnu/h-i686-mingw32/bin/../lib/gcc/nios2-elf/4.7.3\libgcc.a(_udivdi3.o)
 .data          0x00033e80        0x0 c:/altera/13.1/nios2eds/bin/gnu/h-i686-mingw32/bin/../lib/gcc/nios2-elf/4.7.3\libgcc.a(_umoddi3.o)
 .data          0x00033e80        0x0 c:/altera/13.1/nios2eds/bin/gnu/h-i686-mingw32/bin/../lib/gcc/nios2-elf/4.7.3\libgcc.a(_eq_df.o)
 .data          0x00033e80        0x0 c:/altera/13.1/nios2eds/bin/gnu/h-i686-mingw32/bin/../lib/gcc/nios2-elf/4.7.3\libgcc.a(_ne_df.o)
 .data          0x00033e80        0x0 c:/altera/13.1/nios2eds/bin/gnu/h-i686-mingw32/bin/../lib/gcc/nios2-elf/4.7.3\libgcc.a(_gt_df.o)
 .data          0x00033e80        0x0 c:/altera/13.1/nios2eds/bin/gnu/h-i686-mingw32/bin/../lib/gcc/nios2-elf/4.7.3\libgcc.a(_lt_df.o)
 .data          0x00033e80        0x0 c:/altera/13.1/nios2eds/bin/gnu/h-i686-mingw32/bin/../lib/gcc/nios2-elf/4.7.3\libgcc.a(_si_to_df.o)
 .data          0x00033e80        0x0 c:/altera/13.1/nios2eds/bin/gnu/h-i686-mingw32/bin/../lib/gcc/nios2-elf/4.7.3\libgcc.a(lib2-divmod.o)
 .data          0x00033e80        0x0 ../lwIP_NIOS_II_Example_bsp\libhal_bsp.a(alt_alarm_start.o)
 .data          0x00033e80        0x0 ../lwIP_NIOS_II_Example_bsp\libhal_bsp.a(alt_close.o)
 .data          0x00033e80      0x1a8 ../lwIP_NIOS_II_Example_bsp\libhal_bsp.a(alt_dev.o)
                0x00033e80                alt_dev_null
                0x00033ea8                alt_fd_list
 .data          0x00034028        0x0 ../lwIP_NIOS_II_Example_bsp\libhal_bsp.a(alt_errno.o)
 .data          0x00034028        0x0 ../lwIP_NIOS_II_Example_bsp\libhal_bsp.a(alt_fstat.o)
 .data          0x00034028        0x0 ../lwIP_NIOS_II_Example_bsp\libhal_bsp.a(alt_isatty.o)
 .data          0x00034028        0x0 ../lwIP_NIOS_II_Example_bsp\libhal_bsp.a(alt_load.o)
 .data          0x00034028        0x0 ../lwIP_NIOS_II_Example_bsp\libhal_bsp.a(alt_lseek.o)
 .data          0x00034028        0x0 ../lwIP_NIOS_II_Example_bsp\libhal_bsp.a(alt_main.o)
 .data          0x00034028        0x0 ../lwIP_NIOS_II_Example_bsp\libhal_bsp.a(alt_malloc_lock.o)
 .data          0x00034028        0x0 ../lwIP_NIOS_II_Example_bsp\libhal_bsp.a(alt_read.o)
 .data          0x00034028        0x0 ../lwIP_NIOS_II_Example_bsp\libhal_bsp.a(alt_release_fd.o)
 .data          0x00034028        0x0 ../lwIP_NIOS_II_Example_bsp\libhal_bsp.a(alt_remap_uncached.o)
 .data          0x00034028        0x0 ../lwIP_NIOS_II_Example_bsp\libhal_bsp.a(alt_sbrk.o)
 .data          0x00034028        0x0 ../lwIP_NIOS_II_Example_bsp\libhal_bsp.a(alt_tick.o)
 .data          0x00034028        0x0 ../lwIP_NIOS_II_Example_bsp\libhal_bsp.a(alt_uncached_malloc.o)
 .data          0x00034028        0x0 ../lwIP_NIOS_II_Example_bsp\libhal_bsp.a(alt_usleep.o)
 .data          0x00034028        0x0 ../lwIP_NIOS_II_Example_bsp\libhal_bsp.a(alt_write.o)
 .data          0x00034028     0x15a0 ../lwIP_NIOS_II_Example_bsp\libhal_bsp.a(alt_sys_init.o)
 .data          0x000355c8        0x0 ../lwIP_NIOS_II_Example_bsp\libhal_bsp.a(altera_avalon_cfi_flash.o)
 .data          0x000355c8        0x0 ../lwIP_NIOS_II_Example_bsp\libhal_bsp.a(altera_avalon_cfi_flash_table.o)
 .data          0x000355c8        0x0 ../lwIP_NIOS_II_Example_bsp\libhal_bsp.a(altera_avalon_jtag_uart_fd.o)
 .data          0x000355c8        0x0 ../lwIP_NIOS_II_Example_bsp\libhal_bsp.a(altera_avalon_jtag_uart_init.o)
 .data          0x000355c8        0x0 ../lwIP_NIOS_II_Example_bsp\libhal_bsp.a(altera_avalon_jtag_uart_ioctl.o)
 .data          0x000355c8        0x0 ../lwIP_NIOS_II_Example_bsp\libhal_bsp.a(altera_avalon_jtag_uart_read.o)
 .data          0x000355c8        0x0 ../lwIP_NIOS_II_Example_bsp\libhal_bsp.a(altera_avalon_jtag_uart_write.o)
 .data          0x000355c8        0x0 ../lwIP_NIOS_II_Example_bsp\libhal_bsp.a(altera_avalon_lcd_16207.o)
 .data          0x000355c8        0x0 ../lwIP_NIOS_II_Example_bsp\libhal_bsp.a(altera_avalon_lcd_16207_fd.o)
 .data          0x000355c8        0x0 ../lwIP_NIOS_II_Example_bsp\libhal_bsp.a(altera_avalon_sgdma.o)
 .data          0x000355c8        0x0 ../lwIP_NIOS_II_Example_bsp\libhal_bsp.a(altera_avalon_timer_sc.o)
 .data          0x000355c8        0x0 ../lwIP_NIOS_II_Example_bsp\libhal_bsp.a(altera_avalon_timer_ts.o)
 .data          0x000355c8        0x0 ../lwIP_NIOS_II_Example_bsp\libhal_bsp.a(altera_avalon_timer_vars.o)
 .data          0x000355c8        0x0 ../lwIP_NIOS_II_Example_bsp\libhal_bsp.a(altera_avalon_tse.o)
 .data          0x000355c8        0x0 ../lwIP_NIOS_II_Example_bsp\libhal_bsp.a(altera_avalon_uart_fd.o)
 .data          0x000355c8        0x0 ../lwIP_NIOS_II_Example_bsp\libhal_bsp.a(altera_avalon_uart_init.o)
 .data          0x000355c8        0x0 ../lwIP_NIOS_II_Example_bsp\libhal_bsp.a(altera_avalon_uart_read.o)
 .data          0x000355c8        0x0 ../lwIP_NIOS_II_Example_bsp\libhal_bsp.a(altera_avalon_uart_write.o)
 .data          0x000355c8        0x0 ../lwIP_NIOS_II_Example_bsp\libhal_bsp.a(altera_vic_0_vector_tbl.o)
 .data          0x000355c8        0x0 ../lwIP_NIOS_II_Example_bsp\libhal_bsp.a(altera_vic_funnel_non_preemptive.o)
 .data          0x000355c8        0x0 ../lwIP_NIOS_II_Example_bsp\libhal_bsp.a(altera_vic_irq_init.o)
 .data          0x000355c8        0x0 ../lwIP_NIOS_II_Example_bsp\libhal_bsp.a(altera_vic_isr_register.o)
 .data          0x000355c8        0x0 ../lwIP_NIOS_II_Example_bsp\libhal_bsp.a(alt_busy_sleep.o)
 .data          0x000355c8        0x0 ../lwIP_NIOS_II_Example_bsp\libhal_bsp.a(alt_dcache_flush.o)
 .data          0x000355c8        0x0 ../lwIP_NIOS_II_Example_bsp\libhal_bsp.a(alt_dcache_flush_all.o)
 .data          0x000355c8        0x0 ../lwIP_NIOS_II_Example_bsp\libhal_bsp.a(alt_dev_llist_insert.o)
 .data          0x000355c8        0x0 ../lwIP_NIOS_II_Example_bsp\libhal_bsp.a(alt_do_ctors.o)
 .data          0x000355c8        0x0 ../lwIP_NIOS_II_Example_bsp\libhal_bsp.a(alt_do_dtors.o)
 .data          0x000355c8        0x0 ../lwIP_NIOS_II_Example_bsp\libhal_bsp.a(alt_find_dev.o)
 .data          0x000355c8        0x0 ../lwIP_NIOS_II_Example_bsp\libhal_bsp.a(alt_flash_dev.o)
 .data          0x000355c8        0x0 ../lwIP_NIOS_II_Example_bsp\libhal_bsp.a(alt_icache_flush_all.o)
 .data          0x000355c8        0x0 ../lwIP_NIOS_II_Example_bsp\libhal_bsp.a(alt_io_redirect.o)
 .data          0x000355c8        0x0 ../lwIP_NIOS_II_Example_bsp\libhal_bsp.a(alt_open.o)
 .data          0x000355c8        0x0 ../lwIP_NIOS_II_Example_bsp\libhal_bsp.a(altera_avalon_cfi_flash_amd.o)
 .data          0x000355c8        0x0 ../lwIP_NIOS_II_Example_bsp\libhal_bsp.a(altera_avalon_cfi_flash_intel.o)
 .data          0x000355c8        0x0 ../lwIP_NIOS_II_Example_bsp\libhal_bsp.a(alt_find_file.o)
 .data          0x000355c8        0x0 ../lwIP_NIOS_II_Example_bsp\libhal_bsp.a(alt_get_fd.o)
 .data          0x000355c8        0x0 ../lwIP_NIOS_II_Example_bsp\libhal_bsp.a(alt_icache_flush.o)
 .data          0x000355c8        0x0 c:/altera/13.1/nios2eds/bin/gnu/h-i686-mingw32/bin/../lib/gcc/nios2-elf/4.7.3/../../../../../H-i686-mingw32/nios2-elf/lib\libc.a(lib_a-atexit.o)
 .data          0x000355c8        0x0 c:/altera/13.1/nios2eds/bin/gnu/h-i686-mingw32/bin/../lib/gcc/nios2-elf/4.7.3/../../../../../H-i686-mingw32/nios2-elf/lib\libc.a(lib_a-ctype_.o)
 .data          0x000355c8        0x0 c:/altera/13.1/nios2eds/bin/gnu/h-i686-mingw32/bin/../lib/gcc/nios2-elf/4.7.3/../../../../../H-i686-mingw32/nios2-elf/lib\libc.a(lib_a-exit.o)
 .data          0x000355c8        0x0 c:/altera/13.1/nios2eds/bin/gnu/h-i686-mingw32/bin/../lib/gcc/nios2-elf/4.7.3/../../../../../H-i686-mingw32/nios2-elf/lib\libc.a(lib_a-malloc.o)
 .data          0x000355c8        0x0 c:/altera/13.1/nios2eds/bin/gnu/h-i686-mingw32/bin/../lib/gcc/nios2-elf/4.7.3/../../../../../H-i686-mingw32/nios2-elf/lib\libc.a(lib_a-strcpy.o)
 .data          0x000355c8        0x0 c:/altera/13.1/nios2eds/bin/gnu/h-i686-mingw32/bin/../lib/gcc/nios2-elf/4.7.3/../../../../../H-i686-mingw32/nios2-elf/lib\libc.a(lib_a-__atexit.o)
 .data          0x000355c8        0x0 c:/altera/13.1/nios2eds/bin/gnu/h-i686-mingw32/bin/../lib/gcc/nios2-elf/4.7.3/../../../../../H-i686-mingw32/nios2-elf/lib\libc.a(lib_a-__call_atexit.o)
 .data          0x000355c8        0x0 ../lwIP_NIOS_II_Example_bsp\libhal_bsp.a(alt_exit.o)
                0x0003d5c8                _gp = ABSOLUTE ((. + 0x8000))
                0x0003d5c8                PROVIDE (gp, _gp)
 *(.rwdata .rwdata.*)
 *(.sdata .sdata.* .gnu.linkonce.s.*)
 .sdata         0x000355c8        0x4 obj/default/echo.o
                0x000355c8                histid
 .sdata         0x000355cc        0x4 obj/default/lwip/src/core/dhcp.o
 .sdata         0x000355d0        0x8 obj/default/lwip/src/core/ipv4/ip_addr.o
                0x000355d0                ip_addr_any
                0x000355d4                ip_addr_broadcast
 .sdata         0x000355d8       0x10 obj/default/lwip/src/core/tcp.o
                0x000355da                tcp_persist_backoff
 .sdata         0x000355e8        0x2 obj/default/lwip/src/core/udp.o
 .sdata         0x000355ea        0xc obj/default/lwip/src/netif/etharp.o
                0x000355ea                ethbroadcast
                0x000355f0                ethzero
 *fill*         0x000355f6        0x2 
 .sdata         0x000355f8        0x8 c:/altera/13.1/nios2eds/bin/gnu/h-i686-mingw32/bin/../lib/gcc/nios2-elf/4.7.3/../../../../../H-i686-mingw32/nios2-elf/lib\libc.a(lib_a-impure.o)
                0x000355f8                _global_impure_ptr
                0x000355fc                _impure_ptr
 .sdata         0x00035600        0x4 c:/altera/13.1/nios2eds/bin/gnu/h-i686-mingw32/bin/../lib/gcc/nios2-elf/4.7.3/../../../../../H-i686-mingw32/nios2-elf/lib\libc.a(lib_a-locale.o)
                0x00035600                __mb_cur_max
 .sdata         0x00035604        0x8 c:/altera/13.1/nios2eds/bin/gnu/h-i686-mingw32/bin/../lib/gcc/nios2-elf/4.7.3/../../../../../H-i686-mingw32/nios2-elf/lib\libc.a(lib_a-mallocr.o)
                0x00035604                __malloc_sbrk_base
                0x00035608                __malloc_trim_threshold
 .sdata         0x0003560c       0x14 ../lwIP_NIOS_II_Example_bsp\libhal_bsp.a(alt_dev.o)
                0x0003560c                alt_fs_list
                0x00035614                alt_dev_list
                0x0003561c                alt_max_fd
 .sdata         0x00035620        0x4 ../lwIP_NIOS_II_Example_bsp\libhal_bsp.a(alt_errno.o)
                0x00035620                alt_errno
 .sdata         0x00035624        0x4 ../lwIP_NIOS_II_Example_bsp\libhal_bsp.a(alt_sbrk.o)
 .sdata         0x00035628        0x8 ../lwIP_NIOS_II_Example_bsp\libhal_bsp.a(alt_tick.o)
                0x00035628                alt_alarm_list
 .sdata         0x00035630        0x4 ../lwIP_NIOS_II_Example_bsp\libhal_bsp.a(altera_avalon_lcd_16207.o)
 .sdata         0x00035634        0x8 ../lwIP_NIOS_II_Example_bsp\libhal_bsp.a(altera_avalon_sgdma.o)
                0x00035634                alt_sgdma_list
 .sdata         0x0003563c        0x1 ../lwIP_NIOS_II_Example_bsp\libhal_bsp.a(altera_avalon_tse.o)
                0x0003563c                max_mac_system
 *fill*         0x0003563d        0x3 
 .sdata         0x00035640        0x8 ../lwIP_NIOS_II_Example_bsp\libhal_bsp.a(alt_flash_dev.o)
                0x00035640                alt_flash_dev_list
 .sdata         0x00035648        0x4 c:/altera/13.1/nios2eds/bin/gnu/h-i686-mingw32/bin/../lib/gcc/nios2-elf/4.7.3/../../../../../H-i686-mingw32/nios2-elf/lib\libc.a(lib_a-ctype_.o)
                0x00035648                __ctype_ptr
 *(.sdata2 .sdata2.* .gnu.linkonce.s2.*)
                0x0003564c                . = ALIGN (0x4)
                0x0003564c                _edata = ABSOLUTE (.)
                0x0003564c                PROVIDE (edata, ABSOLUTE (.))
                0x0003564c                PROVIDE (__ram_rwdata_end, ABSOLUTE (.))
                0x0003564c                PROVIDE (__flash_rwdata_start, LOADADDR (.rwdata))

.bss            0x0003786c    0x499ac
                0x0003786c                __bss_start = ABSOLUTE (.)
                0x0003786c                PROVIDE (__sbss_start, ABSOLUTE (.))
                0x0003786c                PROVIDE (___sbss_start, ABSOLUTE (.))
 *(.dynsbss)
 *(.sbss .sbss.* .gnu.linkonce.sb.*)
 .sbss          0x0003786c        0x8 obj/default/echo.o
                0x0003786c                measuring_flg
                0x00037870                printed_flg
 .sbss          0x00037874        0x4 obj/default/histogram.o
                0x00037874                timestamp_freq
 .sbss          0x00037878       0x14 obj/default/lwip/src/core/ipv4/ip.o
                0x0003787c                current_iphdr_src
                0x00037880                current_netif
                0x00037884                current_iphdr_dest
                0x00037888                current_header
 .sbss          0x0003788c        0x8 obj/default/lwip/src/core/ipv4/ip_frag.o
 .sbss          0x00037894        0xc obj/default/lwip/src/core/mem.o
 .sbss          0x000378a0        0xc obj/default/lwip/src/core/netif.o
                0x000378a4                netif_list
                0x000378a8                netif_default
 .sbss          0x000378ac        0x1 obj/default/lwip/src/core/pbuf.o
                0x000378ac                pbuf_free_ooseq_pending
 *fill*         0x000378ad        0x3 
 .sbss          0x000378b0        0x4 obj/default/lwip/src/core/raw.o
 .sbss          0x000378b4       0x1c obj/default/lwip/src/core/tcp.o
                0x000378b6                tcp_active_pcbs_changed
                0x000378b8                tcp_active_pcbs
                0x000378bc                tcp_ticks
                0x000378c0                tcp_listen_pcbs
                0x000378c4                tcp_tmp_pcb
                0x000378c8                tcp_bound_pcbs
                0x000378cc                tcp_tw_pcbs
 .sbss          0x000378d0       0x20 obj/default/lwip/src/core/tcp_in.o
                0x000378ec                tcp_input_pcb
 .sbss          0x000378f0        0x4 obj/default/lwip/src/core/udp.o
                0x000378f0                udp_pcbs
 .sbss          0x000378f4        0x1 obj/default/lwip/src/netif/etharp.o
 *fill*         0x000378f5        0x3 
 .sbss          0x000378f8       0x14 obj/default/main.o
                0x00037908                lwipStaticIp
 .sbss          0x0003790c        0xc c:/altera/13.1/nios2eds/bin/gnu/h-i686-mingw32/bin/../lib/gcc/nios2-elf/4.7.3/../../../../../H-i686-mingw32/nios2-elf/lib\libc.a(lib_a-locale.o)
                0x0003790c                _PathLocale
                0x00037910                __mlocale_changed
                0x00037914                __nlocale_changed
 .sbss          0x00037918        0xc c:/altera/13.1/nios2eds/bin/gnu/h-i686-mingw32/bin/../lib/gcc/nios2-elf/4.7.3/../../../../../H-i686-mingw32/nios2-elf/lib\libc.a(lib_a-mallocr.o)
                0x00037918                __malloc_max_total_mem
                0x0003791c                __malloc_max_sbrked_mem
                0x00037920                __malloc_top_pad
 .sbss          0x00037924        0x4 c:/altera/13.1/nios2eds/bin/gnu/h-i686-mingw32/bin/../lib/gcc/nios2-elf/4.7.3/../../../../../H-i686-mingw32/nios2-elf/lib\libc.a(lib_a-int_errno.o)
                0x00037924                errno
 .sbss          0x00037928        0xc ../lwIP_NIOS_II_Example_bsp\libhal_bsp.a(alt_main.o)
                0x00037928                alt_argc
                0x0003792c                alt_argv
                0x00037930                alt_envp
 .sbss          0x00037934        0x8 ../lwIP_NIOS_II_Example_bsp\libhal_bsp.a(alt_tick.o)
                0x00037934                _alt_tick_rate
                0x00037938                _alt_nticks
 .sbss          0x0003793c        0x8 ../lwIP_NIOS_II_Example_bsp\libhal_bsp.a(altera_avalon_timer_vars.o)
                0x0003793c                altera_avalon_timer_ts_base
                0x00037940                altera_avalon_timer_ts_freq
 .sbss          0x00037944        0x4 ../lwIP_NIOS_II_Example_bsp\libhal_bsp.a(altera_avalon_tse.o)
                0x00037944                phy_profile_count
                0x00037945                mac_group_count
 .sbss          0x00037948        0x4 ../lwIP_NIOS_II_Example_bsp\libhal_bsp.a(altera_vic_irq_init.o)
                0x00037948                alt_vic_dev_list
 *(.sbss2 .sbss2.* .gnu.linkonce.sb2.*)
 *(.scommon)
                0x0003794c                PROVIDE (__sbss_end, ABSOLUTE (.))
                0x0003794c                PROVIDE (___sbss_end, ABSOLUTE (.))
 *(.dynbss)
 *(.bss .bss.* .gnu.linkonce.b.*)
 .bss           0x0003794c        0x0 ../lwIP_NIOS_II_Example_bsp/obj/HAL/src/crt0.o
 .bss           0x0003794c        0x0 obj/default/drivers/alteraTseEthernetif.o
 .bss           0x0003794c        0x0 obj/default/drivers/fs.o
 .bss           0x0003794c        0x0 obj/default/drivers/fsdata.o
 .bss           0x0003794c        0x0 obj/default/drivers/httpd.o
 .bss           0x0003794c        0x0 obj/default/drivers/lwip_tse_mac.o
 .bss           0x0003794c        0x0 obj/default/drivers/tse_my_system.o
 .bss           0x0003794c      0xfa4 obj/default/echo.o
                0x0003794c                histarea
 .bss           0x000388f0        0x0 obj/default/histogram.o
 .bss           0x000388f0        0x0 obj/default/lwip/src/api/api_lib.o
 .bss           0x000388f0        0x0 obj/default/lwip/src/api/api_msg.o
 .bss           0x000388f0        0x0 obj/default/lwip/src/api/err.o
 .bss           0x000388f0        0x0 obj/default/lwip/src/api/netbuf.o
 .bss           0x000388f0        0x0 obj/default/lwip/src/api/netdb.o
 .bss           0x000388f0        0x0 obj/default/lwip/src/api/netifapi.o
 .bss           0x000388f0        0x0 obj/default/lwip/src/api/sockets.o
 .bss           0x000388f0        0x0 obj/default/lwip/src/api/tcpip.o
 .bss           0x000388f0        0x0 obj/default/lwip/src/core/def.o
 .bss           0x000388f0        0x0 obj/default/lwip/src/core/dhcp.o
 .bss           0x000388f0        0x0 obj/default/lwip/src/core/dns.o