Archive member included because of file (symbol)

c:/altera/13.1/nios2eds/bin/gnu/h-i686-mingw32/bin/../lib/gcc/nios2-elf/4.7.3/../../../../../H-i686-mingw32/nios2-elf/lib\libc.a(lib_a-ctype_.o)
                              obj/default/network_utilities.o (__ctype_ptr)
c:/altera/13.1/nios2eds/bin/gnu/h-i686-mingw32/bin/../lib/gcc/nios2-elf/4.7.3/../../../../../H-i686-mingw32/nios2-elf/lib\libc.a(lib_a-fprintf.o)
                              obj/default/alt_error_handler.o (fprintf)
c:/altera/13.1/nios2eds/bin/gnu/h-i686-mingw32/bin/../lib/gcc/nios2-elf/4.7.3/../../../../../H-i686-mingw32/nios2-elf/lib\libc.a(lib_a-fwrite.o)
                              obj/default/alt_error_handler.o (fwrite)
c:/altera/13.1/nios2eds/bin/gnu/h-i686-mingw32/bin/../lib/gcc/nios2-elf/4.7.3/../../../../../H-i686-mingw32/nios2-elf/lib\libc.a(lib_a-getc.o)
                              obj/default/network_utilities.o (getc)
c:/altera/13.1/nios2eds/bin/gnu/h-i686-mingw32/bin/../lib/gcc/nios2-elf/4.7.3/../../../../../H-i686-mingw32/nios2-elf/lib\libc.a(lib_a-impure.o)
                              obj/default/alt_error_handler.o (_impure_ptr)
c:/altera/13.1/nios2eds/bin/gnu/h-i686-mingw32/bin/../lib/gcc/nios2-elf/4.7.3/../../../../../H-i686-mingw32/nios2-elf/lib\libc.a(lib_a-memcpy.o)
                              obj/default/simple_socket_server.o (memcpy)
c:/altera/13.1/nios2eds/bin/gnu/h-i686-mingw32/bin/../lib/gcc/nios2-elf/4.7.3/../../../../../H-i686-mingw32/nios2-elf/lib\libc.a(lib_a-memmove.o)
                              obj/default/simple_socket_server.o (memmove)
c:/altera/13.1/nios2eds/bin/gnu/h-i686-mingw32/bin/../lib/gcc/nios2-elf/4.7.3/../../../../../H-i686-mingw32/nios2-elf/lib\libc.a(lib_a-memset.o)
                              obj/default/simple_socket_server.o (memset)
c:/altera/13.1/nios2eds/bin/gnu/h-i686-mingw32/bin/../lib/gcc/nios2-elf/4.7.3/../../../../../H-i686-mingw32/nios2-elf/lib\libc.a(lib_a-perror.o)
                              obj/default/alt_error_handler.o (perror)
c:/altera/13.1/nios2eds/bin/gnu/h-i686-mingw32/bin/../lib/gcc/nios2-elf/4.7.3/../../../../../H-i686-mingw32/nios2-elf/lib\libc.a(lib_a-printf.o)
                              obj/default/alt_error_handler.o (printf)
c:/altera/13.1/nios2eds/bin/gnu/h-i686-mingw32/bin/../lib/gcc/nios2-elf/4.7.3/../../../../../H-i686-mingw32/nios2-elf/lib\libc.a(lib_a-putc.o)
                              obj/default/network_utilities.o (putc)
c:/altera/13.1/nios2eds/bin/gnu/h-i686-mingw32/bin/../lib/gcc/nios2-elf/4.7.3/../../../../../H-i686-mingw32/nios2-elf/lib\libc.a(lib_a-putchar.o)
                              obj/default/network_utilities.o (putchar)
c:/altera/13.1/nios2eds/bin/gnu/h-i686-mingw32/bin/../lib/gcc/nios2-elf/4.7.3/../../../../../H-i686-mingw32/nios2-elf/lib\libc.a(lib_a-puts.o)
                              obj/default/alt_error_handler.o (puts)
c:/altera/13.1/nios2eds/bin/gnu/h-i686-mingw32/bin/../lib/gcc/nios2-elf/4.7.3/../../../../../H-i686-mingw32/nios2-elf/lib\libc.a(lib_a-rget.o)
                              c:/altera/13.1/nios2eds/bin/gnu/h-i686-mingw32/bin/../lib/gcc/nios2-elf/4.7.3/../../../../../H-i686-mingw32/nios2-elf/lib\libc.a(lib_a-getc.o) (__srget_r)
c:/altera/13.1/nios2eds/bin/gnu/h-i686-mingw32/bin/../lib/gcc/nios2-elf/4.7.3/../../../../../H-i686-mingw32/nios2-elf/lib\libc.a(lib_a-sprintf.o)
                              obj/default/simple_socket_server.o (sprintf)
c:/altera/13.1/nios2eds/bin/gnu/h-i686-mingw32/bin/../lib/gcc/nios2-elf/4.7.3/../../../../../H-i686-mingw32/nios2-elf/lib\libc.a(lib_a-strchr.o)
                              obj/default/simple_socket_server.o (strchr)
c:/altera/13.1/nios2eds/bin/gnu/h-i686-mingw32/bin/../lib/gcc/nios2-elf/4.7.3/../../../../../H-i686-mingw32/nios2-elf/lib\libc.a(lib_a-strerror.o)
                              c:/altera/13.1/nios2eds/bin/gnu/h-i686-mingw32/bin/../lib/gcc/nios2-elf/4.7.3/../../../../../H-i686-mingw32/nios2-elf/lib\libc.a(lib_a-perror.o) (strerror)
c:/altera/13.1/nios2eds/bin/gnu/h-i686-mingw32/bin/../lib/gcc/nios2-elf/4.7.3/../../../../../H-i686-mingw32/nios2-elf/lib\libc.a(lib_a-strlen.o)
                              c:/altera/13.1/nios2eds/bin/gnu/h-i686-mingw32/bin/../lib/gcc/nios2-elf/4.7.3/../../../../../H-i686-mingw32/nios2-elf/lib\libc.a(lib_a-puts.o) (strlen)
c:/altera/13.1/nios2eds/bin/gnu/h-i686-mingw32/bin/../lib/gcc/nios2-elf/4.7.3/../../../../../H-i686-mingw32/nios2-elf/lib\libc.a(lib_a-u_strerr.o)
                              c:/altera/13.1/nios2eds/bin/gnu/h-i686-mingw32/bin/../lib/gcc/nios2-elf/4.7.3/../../../../../H-i686-mingw32/nios2-elf/lib\libc.a(lib_a-strerror.o) (_user_strerror)
c:/altera/13.1/nios2eds/bin/gnu/h-i686-mingw32/bin/../lib/gcc/nios2-elf/4.7.3/../../../../../H-i686-mingw32/nios2-elf/lib\libc.a(lib_a-vfprintf.o)
[...]
Memory Configuration

Name             Origin             Length             Attributes
sdram_BEFORE_EXCEPTION 0x00000000         0x00000020
sdram            0x00000020         0x01ffffe0
descriptor_memory 0x02001000         0x00001000
ext_flash        0x04000000         0x00800000
reset            0x05000000         0x00000020
sram             0x05000020         0x001fffe0
onchip_memory2   0x0a000000         0x00020000
*default*        0x00000000         0xffffffff

Linker script and memory map

LOAD ../sss_bsp//obj/HAL/src/crt0.o
LOAD obj/default/alt_error_handler.o
LOAD obj/default/iniche_init.o
LOAD obj/default/led.o
LOAD obj/default/network_utilities.o
LOAD obj/default/simple_socket_server.o
LOAD obj/default/tse_my_system.o
LOAD c:/altera/13.1/nios2eds/bin/gnu/h-i686-mingw32/bin/../lib/gcc/nios2-elf/4.7.3/../../../../../H-i686-mingw32/nios2-elf/lib\libstdc++.a
LOAD c:/altera/13.1/nios2eds/bin/gnu/h-i686-mingw32/bin/../lib/gcc/nios2-elf/4.7.3/../../../../../H-i686-mingw32/nios2-elf/lib\libm.a
LOAD c:/altera/13.1/nios2eds/bin/gnu/h-i686-mingw32/bin/../lib/gcc/nios2-elf/4.7.3\libgcc.a
START GROUP
LOAD c:/altera/13.1/nios2eds/bin/gnu/h-i686-mingw32/bin/../lib/gcc/nios2-elf/4.7.3/../../../../../H-i686-mingw32/nios2-elf/lib\libc.a
LOAD c:/altera/13.1/nios2eds/bin/gnu/h-i686-mingw32/bin/../lib/gcc/nios2-elf/4.7.3\libgcc.a
LOAD ../sss_bsp/\libucosii_bsp.a
END GROUP
LOAD c:/altera/13.1/nios2eds/bin/gnu/h-i686-mingw32/bin/../lib/gcc/nios2-elf/4.7.3\libgcc.a
                0x00000000                __alt_mem_sdram = 0x0
                0x02001000                __alt_mem_descriptor_memory = 0x2001000
                0x04000000                __alt_mem_ext_flash = 0x4000000
                0x05000000                __alt_mem_sram = 0x5000000
                0x0a000000                __alt_mem_onchip_memory2 = 0xa000000

.entry          0x05000000       0x20
 *(.entry)
 .entry         0x05000000       0x20 ../sss_bsp//obj/HAL/src/crt0.o
                0x05000000                __reset

.exceptions     0x00000020        0x0
                0x00000020                PROVIDE (__ram_exceptions_start, ABSOLUTE (.))
                0x00000020                . = ALIGN (0x20)
 *(.irq)
 *(.exceptions.entry.label)
 *(.exceptions.entry.user)
 *(.exceptions.entry.ecc_fatal)
 *(.exceptions.entry)
 *(.exceptions.irqtest.user)
 *(.exceptions.irqtest)
 *(.exceptions.irqhandler.user)
 *(.exceptions.irqhandler)
 *(.exceptions.irqreturn.user)
 *(.exceptions.irqreturn)
 *(.exceptions.notirq.label)
 *(.exceptions.notirq.user)
 *(.exceptions.notirq)
 *(.exceptions.soft.user)
 *(.exceptions.soft)
 *(.exceptions.unknown.user)
 *(.exceptions.unknown)
 *(.exceptions.exit.label)
 *(.exceptions.exit.user)
 *(.exceptions.exit)
 *(.exceptions)
                0x00000020                PROVIDE (__ram_exceptions_end, ABSOLUTE (.))
                0x00000020                PROVIDE (__flash_exceptions_start, LOADADDR (.exceptions))

.text           0x00000020    0x4acdc
                0x00000020                PROVIDE (stext, ABSOLUTE (.))
 *(.interp)
 *(.hash)
 *(.dynsym)
 *(.dynstr)
 *(.gnu.version)
 *(.gnu.version_d)
 *(.gnu.version_r)
 *(.rel.init)
 *(.rela.init)
 *(.rel.text .rel.text.* .rel.gnu.linkonce.t.*)
 *(.rela.text .rela.text.* .rela.gnu.linkonce.t.*)
 *(.rel.fini)
 *(.rela.fini)
 *(.rel.rodata .rel.rodata.* .rel.gnu.linkonce.r.*)
 *(.rela.rodata .rela.rodata.* .rela.gnu.linkonce.r.*)
 *(.rel.data .rel.data.* .rel.gnu.linkonce.d.*)
 *(.rela.data .rela.data.* .rela.gnu.linkonce.d.*)
 *(.rel.tdata .rel.tdata.* .rel.gnu.linkonce.td.*)
 *(.rela.tdata .rela.tdata.* .rela.gnu.linkonce.td.*)
 *(.rel.tbss .rel.tbss.* .rel.gnu.linkonce.tb.*)
 *(.rela.tbss .rela.tbss.* .rela.gnu.linkonce.tb.*)
 *(.rel.ctors)
 *(.rela.ctors)
 *(.rel.dtors)
 *(.rela.dtors)
 *(.rel.got)
 *(.rela.got)
 *(.rel.sdata .rel.sdata.* .rel.gnu.linkonce.s.*)
 *(.rela.sdata .rela.sdata.* .rela.gnu.linkonce.s.*)
 *(.rel.sbss .rel.sbss.* .rel.gnu.linkonce.sb.*)
 *(.rela.sbss .rela.sbss.* .rela.gnu.linkonce.sb.*)
 *(.rel.sdata2 .rel.sdata2.* .rel.gnu.linkonce.s2.*)
 *(.rela.sdata2 .rela.sdata2.* .rela.gnu.linkonce.s2.*)
 *(.rel.sbss2 .rel.sbss2.* .rel.gnu.linkonce.sb2.*)
 *(.rela.sbss2 .rela.sbss2.* .rela.gnu.linkonce.sb2.*)
 *(.rel.bss .rel.bss.* .rel.gnu.linkonce.b.*)
 *(.rela.bss .rela.bss.* .rela.gnu.linkonce.b.*)
 *(.rel.plt)
 *(.rela.plt)
 *(.rel.dyn)
 *(.init)
 *(.plt)
 *(.text .stub .text.* .gnu.linkonce.t.*)
 .text          0x00000020       0x7c ../sss_bsp//obj/HAL/src/crt0.o
                0x00000020                _start
 .text          0x0000009c      0xc04 obj/default/alt_error_handler.o
                0x0000009c                alt_uCOSIIErrorHandler
                0x000006e4                alt_NetworkErrorHandler
                0x000009a4                alt_SSSErrorHandler
 .text          0x00000ca0       0xf8 obj/default/iniche_init.o
                0x00000ca0                SSSInitialTask
                0x00000d18                main
 .text          0x00000d98      0x368 obj/default/led.o
                0x00000d98                led_bit_toggle
                0x00000e88                LED7SegLightshowTask
                0x00000f0c                LEDManagementTask
 .text          0x00001100      0x834 obj/default/network_utilities.o
                0x00001100                get_mac_addr
                0x00001154                get_ip_addr
                0x000011b0                get_serial_number
                0x00001380                generate_and_store_mac_addr
                0x00001520                generate_mac_addr
                0x00001660                get_board_mac_addr
                0x00001808                FindLastFlashSectorOffset
 .text          0x00001934      0x9d0 obj/default/simple_socket_server.o
                0x00001934                SSSCreateOSDataStructs
                0x000019d4                SSSCreateTasks
                0x00001aa0                sss_reset_connection
                0x00001b10                sss_send_menu
                0x00001ce8                sss_handle_accept
                0x00001dac                sss_exec_command
                0x00001f5c                sss_handle_receive
                0x00002148                SSSSimpleSocketServerTask
 .text          0x00002304        0x0 obj/default/tse_my_system.o
 .text          0x00002304        0x0 c:/altera/13.1/nios2eds/bin/gnu/h-i686-mingw32/bin/../lib/gcc/nios2-elf/4.7.3/../../../../../H-i686-mingw32/nios2-elf/lib\libc.a(lib_a-ctype_.o)
 .text          0x00002304       0x4c c:/altera/13.1/nios2eds/bin/gnu/h-i686-mingw32/bin/../lib/gcc/nios2-elf/4.7.3/../../../../../H-i686-mingw32/nios2-elf/lib\libc.a(lib_a-fprintf.o)
                0x00002304                _fprintf_r
                0x0000232c                fprintf
 .text          0x00002350       0xe0 c:/altera/13.1/nios2eds/bin/gnu/h-i686-mingw32/bin/../lib/gcc/nios2-elf/4.7.3/../../../../../H-i686-mingw32/nios2-elf/lib\libc.a(lib_a-fwrite.o)
                0x00002350                _fwrite_r
                0x000023f0                fwrite
 .text          0x00002430       0xf8 c:/altera/13.1/nios2eds/bin/gnu/h-i686-mingw32/bin/../lib/gcc/nios2-elf/4.7.3/../../../../../H-i686-mingw32/nios2-elf/lib\libc.a(lib_a-getc.o)
                0x00002430                _getc_r
                0x000024a0                getc
 .text          0x00002528        0x0 c:/altera/13.1/nios2eds/bin/gnu/h-i686-mingw32/bin/../lib/gcc/nios2-elf/4.7.3/../../../../../H-i686-mingw32/nios2-elf/lib\libc.a(lib_a-impure.o)
 .text          0x00002528       0xf8 c:/altera/13.1/nios2eds/bin/gnu/h-i686-mingw32/bin/../lib/gcc/nios2-elf/4.7.3/../../../../../H-i686-mingw32/nios2-elf/lib\libc.a(lib_a-memcpy.o)
                0x00002528                memcpy
 .text          0x00002620      0x128 c:/altera/13.1/nios2eds/bin/gnu/h-i686-mingw32/bin/../lib/gcc/nios2-elf/4.7.3/../../../../../H-i686-mingw32/nios2-elf/lib\libc.a(lib_a-memmove.o)
                0x00002620                memmove
 .text          0x00002748       0xdc c:/altera/13.1/nios2eds/bin/gnu/h-i686-mingw32/bin/../lib/gcc/nios2-elf/4.7.3/../../../../../H-i686-mingw32/nios2-elf/lib\libc.a(lib_a-memset.o)
                0x00002748                memset
 .text          0x00002824       0x84 c:/altera/13.1/nios2eds/bin/gnu/h-i686-mingw32/bin/../lib/gcc/nios2-elf/4.7.3/../../../../../H-i686-mingw32/nios2-elf/lib\libc.a(lib_a-perror.o)
                0x00002824                _perror_r
                0x00002894                perror
 .text          0x000028a8       0x68 c:/altera/13.1/nios2eds/bin/gnu/h-i686-mingw32/bin/../lib/gcc/nios2-elf/4.7.3/../../../../../H-i686-mingw32/nios2-elf/lib\libc.a(lib_a-printf.o)
                0x000028a8                _printf_r
                0x000028d4                printf
 .text          0x00002910      0x1ac c:/altera/13.1/nios2eds/bin/gnu/h-i686-mingw32/bin/../lib/gcc/nios2-elf/4.7.3/../../../../../H-i686-mingw32/nios2-elf/lib\libc.a(lib_a-putc.o)
                0x00002910                _putc_r
                0x000029cc                putc
 .text          0x00002abc       0x24 c:/altera/13.1/nios2eds/bin/gnu/h-i686-mingw32/bin/../lib/gcc/nios2-elf/4.7.3/../../../../../H-i686-mingw32/nios2-elf/lib\libc.a(lib_a-putchar.o)
                0x00002abc                _putchar_r
                0x00002ac4                putchar
 .text          0x00002ae0       0x98 c:/altera/13.1/nios2eds/bin/gnu/h-i686-mingw32/bin/../lib/gcc/nios2-elf/4.7.3/../../../../../H-i686-mingw32/nios2-elf/lib\libc.a(lib_a-puts.o)
                0x00002ae0                _puts_r
                0x00002b64                puts
 .text          0x00002b78       0x60 c:/altera/13.1/nios2eds/bin/gnu/h-i686-mingw32/bin/../lib/gcc/nios2-elf/4.7.3/../../../../../H-i686-mingw32/nios2-elf/lib\libc.a(lib_a-rget.o)
                0x00002b78                __srget_r
                0x00002bc4                __srget
 .text          0x00002bd8       0xc4 c:/altera/13.1/nios2eds/bin/gnu/h-i686-mingw32/bin/../lib/gcc/nios2-elf/4.7.3/../../../../../H-i686-mingw32/nios2-elf/lib\libc.a(lib_a-sprintf.o)
                0x00002bd8                _sprintf_r
                0x00002c30                sprintf
 .text          0x00002c9c       0xe8 c:/altera/13.1/nios2eds/bin/gnu/h-i686-mingw32/bin/../lib/gcc/nios2-elf/4.7.3/../../../../../H-i686-mingw32/nios2-elf/lib\libc.a(lib_a-strchr.o)
                0x00002c9c                strchr
 .text          0x00002d84      0x664 c:/altera/13.1/nios2eds/bin/gnu/h-i686-mingw32/bin/../lib/gcc/nios2-elf/4.7.3/../../../../../H-i686-mingw32/nios2-elf/lib\libc.a(lib_a-strerror.o)
                0x00002d84                strerror
 .text          0x000033e8       0x8c c:/altera/13.1/nios2eds/bin/gnu/h-i686-mingw32/bin/../lib/gcc/nios2-elf/4.7.3/../../../../../H-i686-mingw32/nios2-elf/lib\libc.a(lib_a-strlen.o)
                0x000033e8                strlen
 .text          0x00003474        0x8 c:/altera/13.1/nios2eds/bin/gnu/h-i686-mingw32/bin/../lib/gcc/nios2-elf/4.7.3/../../../../../H-i686-mingw32/nios2-elf/lib\libc.a(lib_a-u_strerr.o)
                0x00003474                _user_strerror
 .text          0x0000347c     0x1e50 c:/altera/13.1/nios2eds/bin/gnu/h-i686-mingw32/bin/../lib/gcc/nios2-elf/4.7.3/../../../../../H-i686-mingw32/nios2-elf/lib\libc.a(lib_a-vfprintf.o)
                0x000034b0                ___vfprintf_internal_r
                0x000052a8                __vfprintf_internal
 .text          0x000052cc      0x158 c:/altera/13.1/nios2eds/bin/gnu/h-i686-mingw32/bin/../lib/gcc/nios2-elf/4.7.3/../../../../../H-i686-mingw32/nios2-elf/lib\libc.a(lib_a-wbuf.o)
                0x000052cc                __swbuf_r
                0x00005408                __swbuf
 .text          0x00005424      0x174 c:/altera/13.1/nios2eds/bin/gnu/h-i686-mingw32/bin/../lib/gcc/nios2-elf/4.7.3/../../../../../H-i686-mingw32/nios2-elf/lib\libc.a(lib_a-wsetup.o)
                0x00005424                __swsetup_r
 .text          0x00005598     0x1824 c:/altera/13.1/nios2eds/bin/gnu/h-i686-mingw32/bin/../lib/gcc/nios2-elf/4.7.3/../../../../../H-i686-mingw32/nios2-elf/lib\libc.a(lib_a-dtoa.o)
                0x000057a0                _dtoa_r
 .text          0x00006dbc      0x218 c:/altera/13.1/nios2eds/bin/gnu/h-i686-mingw32/bin/../lib/gcc/nios2-elf/4.7.3/../../../../../H-i686-mingw32/nios2-elf/lib\libc.a(lib_a-fflush.o)
                0x00006dbc                _fflush_r
                0x00006fa4                fflush
 .text          0x00006fd4      0x2d8 c:/altera/13.1/nios2eds/bin/gnu/h-i686-mingw32/bin/../lib/gcc/nios2-elf/4.7.3/../../../../../H-i686-mingw32/nios2-elf/lib\libc.a(lib_a-findfp.o)
                0x00006fe4                _cleanup_r
                0x00006ff0                __sfmoreglue
                0x00007054                _cleanup
                0x00007064                __sinit
                0x00007170                __sfp
                0x0000726c                __sfp_lock_acquire
                0x00007270                __sfp_lock_release
                0x00007274                __sinit_lock_acquire
                0x00007278                __sinit_lock_release
                0x0000727c                __fp_lock_all
                0x00007294                __fp_unlock_all
 .text          0x000072ac       0xa4 c:/altera/13.1/nios2eds/bin/gnu/h-i686-mingw32/bin/../lib/gcc/nios2-elf/4.7.3/../../../../../H-i686-mingw32/nios2-elf/lib\libc.a(lib_a-fputc.o)
                0x000072ac                _fputc_r
                0x000072f0                fputc
 .text          0x00007350       0x90 c:/altera/13.1/nios2eds/bin/gnu/h-i686-mingw32/bin/../lib/gcc/nios2-elf/4.7.3/../../../../../H-i686-mingw32/nios2-elf/lib\libc.a(lib_a-fputs.o)
                0x00007350                _fputs_r
                0x000073c4                fputs
 .text          0x000073e0      0x40c c:/altera/13.1/nios2eds/bin/gnu/h-i686-mingw32/bin/../lib/gcc/nios2-elf/4.7.3/../../../../../H-i686-mingw32/nios2-elf/lib\libc.a(lib_a-freer.o)
                0x000073e0                _malloc_trim_r
                0x0000751c                _free_r
 .text          0x000077ec      0x4e4 c:/altera/13.1/nios2eds/bin/gnu/h-i686-mingw32/bin/../lib/gcc/nios2-elf/4.7.3/../../../../../H-i686-mingw32/nios2-elf/lib\libc.a(lib_a-fvwrite.o)
                0x000077ec                __sfvwrite_r
 .text          0x00007cd0      0x160 c:/altera/13.1/nios2eds/bin/gnu/h-i686-mingw32/bin/../lib/gcc/nios2-elf/4.7.3/../../../../../H-i686-mingw32/nios2-elf/lib\libc.a(lib_a-fwalk.o)
                0x00007cd0                _fwalk
                0x00007d78                _fwalk_reent
 .text          0x00007e30       0xdc c:/altera/13.1/nios2eds/bin/gnu/h-i686-mingw32/bin/../lib/gcc/nios2-elf/4.7.3/../../../../../H-i686-mingw32/nios2-elf/lib\libc.a(lib_a-locale.o)
                0x00007e30                _setlocale_r
                0x00007ecc                __locale_charset
                0x00007ed8                _localeconv_r
                0x00007ee4                setlocale
                0x00007f00                localeconv
 .text          0x00007f0c      0x1a8 c:/altera/13.1/nios2eds/bin/gnu/h-i686-mingw32/bin/../lib/gcc/nios2-elf/4.7.3/../../../../../H-i686-mingw32/nios2-elf/lib\libc.a(lib_a-makebuf.o)
                0x00007f0c                __smakebuf_r
 .text          0x000080b4      0x784 c:/altera/13.1/nios2eds/bin/gnu/h-i686-mingw32/bin/../lib/gcc/nios2-elf/4.7.3/../../../../../H-i686-mingw32/nios2-elf/lib\libc.a(lib_a-mallocr.o)
                0x000080b4                _malloc_r
 .text          0x00008838       0xf8 c:/altera/13.1/nios2eds/bin/gnu/h-i686-mingw32/bin/../lib/gcc/nios2-elf/4.7.3/../../../../../H-i686-mingw32/nios2-elf/lib\libc.a(lib_a-memchr.o)
                0x00008838                memchr
 .text          0x00008930      0xfa8 c:/altera/13.1/nios2eds/bin/gnu/h-i686-mingw32/bin/../lib/gcc/nios2-elf/4.7.3/../../../../../H-i686-mingw32/nios2-elf/lib\libc.a(lib_a-mprec.o)
                0x00008930                _Balloc
                0x000089d8                _Bfree
                0x00008a00                __multadd
                0x00008b14                __s2b
                0x00008c18                __hi0bits
                0x00008c80                __lo0bits
                0x00008d30                __i2b
                0x00008d6c                __multiply
                0x00008f4c                __pow5mult
                0x00009078                __lshift
                0x000091d4                __mcmp
                0x0000922c                __mdiff
                0x000093d4                __ulp
                0x00009434                __b2d
                0x0000957c                __d2b
                0x000096c0                __ratio
                0x00009764                _mprec_log10
                0x000097d8                __copybits
                0x00009854                __any_on
 .text          0x000098d8      0x5fc c:/altera/13.1/nios2eds/bin/gnu/h-i686-mingw32/bin/../lib/gcc/nios2-elf/4.7.3/../../../../../H-i686-mingw32/nios2-elf/lib\libc.a(lib_a-reallocr.o)
                0x000098d8                _realloc_r
 .text          0x00009ed4      0x208 c:/altera/13.1/nios2eds/bin/gnu/h-i686-mingw32/bin/../lib/gcc/nios2-elf/4.7.3/../../../../../H-i686-mingw32/nios2-elf/lib\libc.a(lib_a-refill.o)
                0x00009ef0                __srefill_r
 .text          0x0000a0dc       0x38 c:/altera/13.1/nios2eds/bin/gnu/h-i686-mingw32/bin/../lib/gcc/nios2-elf/4.7.3/../../../../../H-i686-mingw32/nios2-elf/lib\libc.a(lib_a-s_isinfd.o)
                0x0000a0dc                __isinfd
 .text          0x0000a114       0x2c c:/altera/13.1/nios2eds/bin/gnu/h-i686-mingw32/bin/../lib/gcc/nios2-elf/4.7.3/../../../../../H-i686-mingw32/nios2-elf/lib\libc.a(lib_a-s_isnand.o)
                0x0000a114                __isnand
 .text          0x0000a140       0x64 c:/altera/13.1/nios2eds/bin/gnu/h-i686-mingw32/bin/../lib/gcc/nios2-elf/4.7.3/../../../../../H-i686-mingw32/nios2-elf/lib\libc.a(lib_a-sbrkr.o)
                0x0000a140                _sbrk_r
 .text          0x0000a1a4      0x140 c:/altera/13.1/nios2eds/bin/gnu/h-i686-mingw32/bin/../lib/gcc/nios2-elf/4.7.3/../../../../../H-i686-mingw32/nios2-elf/lib\libc.a(lib_a-stdio.o)
                0x0000a1a4                __sread
                0x0000a1f8                __swrite
                0x0000a280                __sseek
                0x0000a2dc                __sclose
 .text          0x0000a2e4       0xa4 c:/altera/13.1/nios2eds/bin/gnu/h-i686-mingw32/bin/../lib/gcc/nios2-elf/4.7.3/../../../../../H-i686-mingw32/nios2-elf/lib\libc.a(lib_a-strcmp.o)
                0x0000a2e4                strcmp
 .text          0x0000a388       0x6c c:/altera/13.1/nios2eds/bin/gnu/h-i686-mingw32/bin/../lib/gcc/nios2-elf/4.7.3/../../../../../H-i686-mingw32/nios2-elf/lib\libc.a(lib_a-writer.o)
                0x0000a388                _write_r
 .text          0x0000a3f4       0xbc c:/altera/13.1/nios2eds/bin/gnu/h-i686-mingw32/bin/../lib/gcc/nios2-elf/4.7.3/../../../../../H-i686-mingw32/nios2-elf/lib\libc.a(lib_a-callocr.o)
                0x0000a3f4                _calloc_r
 .text          0x0000a4b0       0x64 c:/altera/13.1/nios2eds/bin/gnu/h-i686-mingw32/bin/../lib/gcc/nios2-elf/4.7.3/../../../../../H-i686-mingw32/nios2-elf/lib\libc.a(lib_a-closer.o)
                0x0000a4b0                _close_r
 .text          0x0000a514      0x150 c:/altera/13.1/nios2eds/bin/gnu/h-i686-mingw32/bin/../lib/gcc/nios2-elf/4.7.3/../../../../../H-i686-mingw32/nios2-elf/lib\libc.a(lib_a-fclose.o)
                0x0000a514                _fclose_r
                0x0000a650                fclose
 .text          0x0000a664       0x68 c:/altera/13.1/nios2eds/bin/gnu/h-i686-mingw32/bin/../lib/gcc/nios2-elf/4.7.3/../../../../../H-i686-mingw32/nios2-elf/lib\libc.a(lib_a-fstatr.o)
                0x0000a664                _fstat_r
 .text          0x0000a6cc        0x0 c:/altera/13.1/nios2eds/bin/gnu/h-i686-mingw32/bin/../lib/gcc/nios2-elf/4.7.3/../../../../../H-i686-mingw32/nios2-elf/lib\libc.a(lib_a-int_errno.o)
 .text          0x0000a6cc       0x64 c:/altera/13.1/nios2eds/bin/gnu/h-i686-mingw32/bin/../lib/gcc/nios2-elf/4.7.3/../../../../../H-i686-mingw32/nios2-elf/lib\libc.a(lib_a-isattyr.o)
                0x0000a6cc                _isatty_r
 .text          0x0000a730       0x6c c:/altera/13.1/nios2eds/bin/gnu/h-i686-mingw32/bin/../lib/gcc/nios2-elf/4.7.3/../../../../../H-i686-mingw32/nios2-elf/lib\libc.a(lib_a-lseekr.o)
                0x0000a730                _lseek_r
 .text          0x0000a79c       0x6c c:/altera/13.1/nios2eds/bin/gnu/h-i686-mingw32/bin/../lib/gcc/nios2-elf/4.7.3/../../../../../H-i686-mingw32/nios2-elf/lib\libc.a(lib_a-readr.o)
                0x0000a79c                _read_r
 .text          0x0000a808      0x5c8 c:/altera/13.1/nios2eds/bin/gnu/h-i686-mingw32/bin/../lib/gcc/nios2-elf/4.7.3\libgcc.a(_udivdi3.o)
                0x0000a808                __udivdi3
 .text          0x0000add0      0x58c c:/altera/13.1/nios2eds/bin/gnu/h-i686-mingw32/bin/../lib/gcc/nios2-elf/4.7.3\libgcc.a(_umoddi3.o)
                0x0000add0                __umoddi3
 .text          0x0000b35c      0x408 c:/altera/13.1/nios2eds/bin/gnu/h-i686-mingw32/bin/../lib/gcc/nios2-elf/4.7.3\libgcc.a(_addsub_df.o)
                0x0000b6b0                __adddf3
                0x0000b704                __subdf3
 .text          0x0000b764      0x2e4 c:/altera/13.1/nios2eds/bin/gnu/h-i686-mingw32/bin/../lib/gcc/nios2-elf/4.7.3\libgcc.a(_mul_df.o)
                0x0000b764                __muldf3
 .text          0x0000ba48      0x1b4 c:/altera/13.1/nios2eds/bin/gnu/h-i686-mingw32/bin/../lib/gcc/nios2-elf/4.7.3\libgcc.a(_div_df.o)
                0x0000ba48                __divdf3
 .text          0x0000bbfc       0x5c c:/altera/13.1/nios2eds/bin/gnu/h-i686-mingw32/bin/../lib/gcc/nios2-elf/4.7.3\libgcc.a(_eq_df.o)
                0x0000bbfc                __eqdf2
 .text          0x0000bc58       0x5c c:/altera/13.1/nios2eds/bin/gnu/h-i686-mingw32/bin/../lib/gcc/nios2-elf/4.7.3\libgcc.a(_ne_df.o)
                0x0000bc58                __nedf2
 .text          0x0000bcb4       0x64 c:/altera/13.1/nios2eds/bin/gnu/h-i686-mingw32/bin/../lib/gcc/nios2-elf/4.7.3\libgcc.a(_gt_df.o)
                0x0000bcb4                __gtdf2
 .text          0x0000bd18       0x64 c:/altera/13.1/nios2eds/bin/gnu/h-i686-mingw32/bin/../lib/gcc/nios2-elf/4.7.3\libgcc.a(_ge_df.o)
                0x0000bd18                __gedf2
 .text          0x0000bd7c       0x5c c:/altera/13.1/nios2eds/bin/gnu/h-i686-mingw32/bin/../lib/gcc/nios2-elf/4.7.3\libgcc.a(_lt_df.o)
                0x0000bd7c                __ltdf2
 .text          0x0000bdd8       0xd4 c:/altera/13.1/nios2eds/bin/gnu/h-i686-mingw32/bin/../lib/gcc/nios2-elf/4.7.3\libgcc.a(_si_to_df.o)
                0x0000bdd8                __floatsidf
 .text          0x0000beac       0xd4 c:/altera/13.1/nios2eds/bin/gnu/h-i686-mingw32/bin/../lib/gcc/nios2-elf/4.7.3\libgcc.a(_df_to_si.o)
                0x0000beac                __fixdfsi
 .text          0x0000bf80        0x0 c:/altera/13.1/nios2eds/bin/gnu/h-i686-mingw32/bin/../lib/gcc/nios2-elf/4.7.3\libgcc.a(_thenan_df.o)
 .text          0x0000bf80      0x11c c:/altera/13.1/nios2eds/bin/gnu/h-i686-mingw32/bin/../lib/gcc/nios2-elf/4.7.3\libgcc.a(_usi_to_df.o)
                0x0000bf80                __floatunsidf
 .text          0x0000c09c      0x130 c:/altera/13.1/nios2eds/bin/gnu/h-i686-mingw32/bin/../lib/gcc/nios2-elf/4.7.3\libgcc.a(lib2-divmod.o)
                0x0000c110                __divsi3
                0x0000c160                __modsi3
                0x0000c1bc                __udivsi3
                0x0000c1c4                __umodsi3
 .text          0x0000c1cc       0x60 c:/altera/13.1/nios2eds/bin/gnu/h-i686-mingw32/bin/../lib/gcc/nios2-elf/4.7.3\libgcc.a(_muldi3.o)
                0x0000c1cc                __muldi3
 .text          0x0000c22c        0x0 c:/altera/13.1/nios2eds/bin/gnu/h-i686-mingw32/bin/../lib/gcc/nios2-elf/4.7.3\libgcc.a(_clz.o)
 .text          0x0000c22c       0xac c:/altera/13.1/nios2eds/bin/gnu/h-i686-mingw32/bin/../lib/gcc/nios2-elf/4.7.3\libgcc.a(_clzsi2.o)
                0x0000c22c                __clzsi2
 .text          0x0000c2d8      0x224 c:/altera/13.1/nios2eds/bin/gnu/h-i686-mingw32/bin/../lib/gcc/nios2-elf/4.7.3\libgcc.a(_pack_df.o)
                0x0000c2d8                __pack_d
 .text          0x0000c4fc      0x104 c:/altera/13.1/nios2eds/bin/gnu/h-i686-mingw32/bin/../lib/gcc/nios2-elf/4.7.3\libgcc.a(_unpack_df.o)
                0x0000c4fc                __unpack_d
 .text          0x0000c600       0xd0 c:/altera/13.1/nios2eds/bin/gnu/h-i686-mingw32/bin/../lib/gcc/nios2-elf/4.7.3\libgcc.a(_fpcmp_parts_df.o)
                0x0000c600                __fpcmp_parts_d
 .text          0x0000c6d0       0x44 c:/altera/13.1/nios2eds/bin/gnu/h-i686-mingw32/bin/../lib/gcc/nios2-elf/4.7.3\libgcc.a(_lshrdi3.o)
                0x0000c6d0                __lshrdi3
 .text          0x0000c714       0x44 c:/altera/13.1/nios2eds/bin/gnu/h-i686-mingw32/bin/../lib/gcc/nios2-elf/4.7.3\libgcc.a(_ashldi3.o)
                0x0000c714                __ashldi3
 .text          0x0000c758       0xb8 ../sss_bsp/\libucosii_bsp.a(alt_flash_dev.o)
                0x0000c758                alt_flash_open_dev
                0x0000c7c0                alt_flash_close_dev
 .text          0x0000c810       0xfc ../sss_bsp/\libucosii_bsp.a(alt_fstat.o)
                0x0000c860                fstat
 .text          0x0000c90c       0xf0 ../sss_bsp/\libucosii_bsp.a(alt_isatty.o)
                0x0000c95c                isatty
 .text          0x0000c9fc       0xec ../sss_bsp/\libucosii_bsp.a(alt_load.o)
                0x0000ca68                alt_load
 .text          0x0000cae8      0x120 ../sss_bsp/\libucosii_bsp.a(alt_lseek.o)
                0x0000cb38                lseek
 .text          0x0000cc08       0xcc ../sss_bsp/\libucosii_bsp.a(alt_main.o)
                0x0000cc08                alt_main
 .text          0x0000ccd4      0x108 ../sss_bsp/\libucosii_bsp.a(alt_sbrk.o)
                0x0000ccd4                sbrk
 .text          0x0000cddc      0x118 ../sss_bsp/\libucosii_bsp.a(alt_env_lock.o)
                0x0000cddc                __env_lock
                0x0000ce94                __env_unlock
 .text          0x0000cef4      0x2c4 ../sss_bsp/\libucosii_bsp.a(alt_malloc_lock.o)
                0x0000cef4                __malloc_lock
                0x0000d060                __malloc_unlock
 .text          0x0000d1b8     0x2464 ../sss_bsp/\libucosii_bsp.a(os_core.o)
                0x0000d1b8                OSEventNameGet
                0x0000d304                OSEventNameSet
                0x0000d4a0                OSEventPendMulti
                0x0000dbb8                OSInit
                0x0000dc0c                OSIntEnter
                0x0000dcb4                OSIntExit
                0x0000ddd4                OSSchedLock
                0x0000de88                OSSchedUnlock
                0x0000e010                OSStart
                0x0000e07c                OSStatInit
                0x0000e180                OSTimeTick
                0x0000e3f8                OSVersion
                0x0000e418                OS_Dummy
                0x0000e434                OS_EventTaskRdy
                0x0000e5cc                OS_EventTaskWait
                0x0000e6d4                OS_EventTaskWaitMulti
                0x0000e81c                OS_EventTaskRemove
                0x0000e8cc                OS_EventTaskRemoveMulti
                0x0000e9c4                OS_EventWaitListInit
                0x0000ed90                OS_MemClr
                0x0000ede4                OS_MemCopy
                0x0000ee50                OS_Sched
                0x0000efb8                OS_StrCopy
                0x0000f034                OS_StrLen
                0x0000f088                OS_TaskIdle
                0x0000f110                OS_TaskStat
                0x0000f1f8                OS_TaskStatStkChk
                0x0000f2c0                OS_TCBInit
 .text          0x0000f61c      0x18c ../sss_bsp/\libucosii_bsp.a(os_dbg.o)
                0x0000f61c                OSDebugInit
 .text          0x0000f7a8     0x1e0c ../sss_bsp/\libucosii_bsp.a(os_flag.o)
                0x0000f7a8                OSFlagAccept
                0x0000fb8c                OSFlagCreate
                0x0000fd0c                OSFlagDel
                0x0001002c                OSFlagNameGet
                0x000101b4                OSFlagNameSet
                0x0001038c                OSFlagPend
                0x00010b9c                OSFlagPendGetFlagsRdy
                0x00010c30                OSFlagPost
                0x00011074                OSFlagQuery
                0x00011324                OS_FlagInit
                0x00011514                OS_FlagUnlink
 .text          0x000115b4      0x914 ../sss_bsp/\libucosii_bsp.a(os_mem.o)
                0x000115b4                OSMemCreate
                0x000117d4                OSMemGet
                0x0001191c                OSMemNameGet
                0x00011a40                OSMemNameSet
                0x00011bb4                OSMemPut
                0x00011ce4                OSMemQuery
                0x00011df8                OS_MemInit
 .text          0x00011ec8     0x1644 ../sss_bsp/\libucosii_bsp.a(os_q.o)
                0x00011ec8                OSQAccept
                0x00012034                OSQCreate
                0x000122b0                OSQDel
                0x00012630                OSQFlush
                0x00012714                OSQPend
                0x00012a94                OSQPendAbort
                0x00012c60                OSQPost
                0x00012e4c                OSQPostFront
                0x00013040                OSQPostOpt
                0x000132d0                OSQQuery
                0x00013460                OS_QInit
 .text          0x0001350c      0xde8 ../sss_bsp/\libucosii_bsp.a(os_sem.o)
                0x0001350c                OSSemAccept
                0x000135e8                OSSemCreate
                0x00013714                OSSemDel
                0x00013a34                OSSemPend
                0x00013d24                OSSemPendAbort
                0x00013ef0                OSSemPost
                0x00014084                OSSemQuery
                0x000141c8                OSSemSet
 .text          0x000142f4     0x2050 ../sss_bsp/\libucosii_bsp.a(os_task.o)
                0x000142f4                OSTaskChangePrio
                0x000148cc                OSTaskCreate
                0x00014b38                OSTaskCreateExt
                0x00014ddc                OSTaskDel
                0x00015268                OSTaskDelReq
                0x00015470                OSTaskNameGet
                0x0001569c                OSTaskNameSet
                0x00015910                OSTaskResume
                0x00015c0c                OSTaskStkChk
                0x00015e90                OSTaskSuspend
                0x00016124                OSTaskQuery
                0x000162d4                OS_TaskStkClr
 .text          0x00016344      0x794 ../sss_bsp/\libucosii_bsp.a(os_time.o)
                0x00016344                OSTimeDly
                0x000164b8                OSTimeDlyHMSM
                0x000166f0                OSTimeDlyResume
                0x000169b8                OSTimeGet
                0x00016a48                OSTimeSet
 .text          0x00016ad8      0x348 ../sss_bsp/\libucosii_bsp.a(alt_sys_init.o)
                0x00016b10                alt_irq_init
                0x00016b50                alt_sys_init
 .text          0x00016e20      0x894 ../sss_bsp/\libucosii_bsp.a(altera_avalon_cfi_flash.o)
                0x00016e58                alt_flash_cfi_init
                0x00016ee8                alt_flash_cfi_write
                0x00017194                alt_flash_cfi_get_info
                0x00017220                alt_flash_cfi_read
                0x00017284                alt_write_value_to_flash
                0x000173dc                alt_flash_program_block
 .text          0x000176b4     0x1430 ../sss_bsp/\libucosii_bsp.a(altera_avalon_cfi_flash_table.o)
                0x000176b4                alt_read_query_entry_8bit
                0x000176f0                alt_read_query_entry_16bit
                0x00017730                alt_read_query_entry_32bit
                0x00017770                alt_write_flash_command_8bit_device_8bit_mode
                0x000177b4                alt_write_flash_command_16bit_device_8bit_mode
                0x00017828                alt_write_flash_command_32bit_device_8bit_mode
                0x00017874                alt_write_flash_command_16bit_device_16bit_mode
                0x000178bc                alt_write_flash_command_32bit_device_16bit_mode
                0x00017908                alt_write_flash_command_32bit_device_32bit_mode
                0x00017954                alt_write_native_8bit
                0x0001798c                alt_write_native_16bit
                0x000179c4                alt_write_native_32bit
                0x000179f8                alt_set_flash_width_func
                0x00017bbc                alt_set_flash_algorithm_func
                0x00017cd8                alt_read_cfi_table
                0x000182a0                alt_read_cfi_width
                0x00018a10                alt_check_primary_table
 .text          0x00018ae4      0x164 ../sss_bsp/\libucosii_bsp.a(altera_avalon_jtag_uart_fd.o)
                0x00018ae4                altera_avalon_jtag_uart_read_fd
                0x00018b44                altera_avalon_jtag_uart_write_fd
                0x00018ba4                altera_avalon_jtag_uart_close_fd
                0x00018bf4                altera_avalon_jtag_uart_ioctl_fd
 .text          0x00018c48      0x55c ../sss_bsp/\libucosii_bsp.a(altera_avalon_jtag_uart_init.o)
                0x00018c48                altera_avalon_jtag_uart_init
                0x0001913c                altera_avalon_jtag_uart_close
 .text          0x000191a4       0xf4 ../sss_bsp/\libucosii_bsp.a(altera_avalon_jtag_uart_ioctl.o)
                0x000191a4                altera_avalon_jtag_uart_ioctl
 .text          0x00019298      0x2f0 ../sss_bsp/\libucosii_bsp.a(altera_avalon_jtag_uart_read.o)
                0x00019298                altera_avalon_jtag_uart_read
 .text          0x00019588      0x2fc ../sss_bsp/\libucosii_bsp.a(altera_avalon_jtag_uart_write.o)
                0x00019588                altera_avalon_jtag_uart_write
 .text          0x00019884      0xeec ../sss_bsp/\libucosii_bsp.a(altera_avalon_lcd_16207.o)
                0x0001a048                altera_avalon_lcd_16207_write
                0x0001a610                altera_avalon_lcd_16207_init
 .text          0x0001a770       0x60 ../sss_bsp/\libucosii_bsp.a(altera_avalon_lcd_16207_fd.o)
                0x0001a770                altera_avalon_lcd_16207_write_fd
 .text          0x0001a7d0      0xd2c ../sss_bsp/\libucosii_bsp.a(altera_avalon_sgdma.o)
                0x0001a820                alt_avalon_sgdma_do_async_transfer
                0x0001a944                alt_avalon_sgdma_do_sync_transfer
                0x0001aa54                alt_avalon_sgdma_construct_mem_to_mem_desc
                0x0001aac4                alt_avalon_sgdma_construct_mem_to_mem_desc_burst
                0x0001ab44                alt_avalon_sgdma_construct_stream_to_mem_desc
                0x0001aba0                alt_avalon_sgdma_construct_stream_to_mem_desc_burst
                0x0001ac14                alt_avalon_sgdma_construct_mem_to_stream_desc
                0x0001ac90                alt_avalon_sgdma_construct_mem_to_stream_desc_burst
                0x0001ad18                alt_avalon_sgdma_register_callback
                0x0001ad68                alt_avalon_sgdma_start
                0x0001adbc                alt_avalon_sgdma_stop
                0x0001ae14                alt_avalon_sgdma_check_descriptor_status
                0x0001ae78                alt_avalon_sgdma_open
                0x0001aec8                alt_avalon_sgdma_construct_descriptor
                0x0001af50                alt_avalon_sgdma_enable_desc_poll
                0x0001afd0                alt_avalon_sgdma_disable_desc_poll
                0x0001b030                alt_avalon_sgdma_construct_descriptor_burst
                0x0001b458                alt_avalon_sgdma_init
 .text          0x0001b4fc      0x128 ../sss_bsp/\libucosii_bsp.a(altera_avalon_timer_sc.o)
                0x0001b59c                alt_avalon_timer_sc_init
 .text          0x0001b624     0x4fa8 ../sss_bsp/\libucosii_bsp.a(altera_avalon_tse.o)
                0x0001b624                no_printf
                0x0001b650                tse_mac_initTransInfo2
                0x0001b6b0                tse_mac_sTxWrite
                0x0001b790                tse_mac_aRxRead
                0x0001b834                tse_mac_SwReset
                0x0001b8bc                tse_mac_setMIImode
                0x0001b910                tse_mac_setGMIImode
                0x0001b960                alt_tse_phy_add_profile
                0x0001bb44                alt_tse_system_add_sys
                0x0001c540                alt_tse_sys_enable_mdio_sharing
                0x0001c6a4                alt_tse_mac_get_common_speed
                0x0001c6e4                alt_tse_mac_set_common_speed
                0x0001c72c                alt_tse_get_system_index
                0x0001c798                alt_tse_get_mac_group_index
                0x0001c80c                alt_tse_get_mac_info_index
                0x0001c88c                alt_tse_get_mac_info
                0x0001c964                alt_tse_mac_set_speed
                0x0001ca44                alt_tse_mac_set_duplex
                0x0001cad0                getPHYSpeed
                0x0001d544                alt_tse_phy_rd_mdio_addr
                0x0001d58c                alt_tse_phy_wr_mdio_addr
                0x0001d5e4                alt_tse_phy_wr_mdio_reg
                0x0001d710                alt_tse_phy_rd_mdio_reg
                0x0001d7dc                alt_tse_phy_add_profile_default
                0x0001da74                alt_tse_phy_print_profile
                0x0001dc84                alt_tse_mac_group_init
                0x0001e320                alt_tse_mac_get_phy
                0x0001e73c                alt_tse_mac_associate_phy
                0x0001e97c                alt_tse_phy_cfg_pcs
                0x0001eaa4                alt_tse_phy_init
                0x0001ebbc                alt_tse_phy_restart_an
                0x0001ed80                alt_tse_phy_check_link
                0x0001eee0                alt_tse_phy_get_cap
                0x0001f478                alt_tse_phy_set_adv_1000
                0x0001f634                alt_tse_phy_set_adv_100
                0x0001f87c                alt_tse_phy_set_adv_10
                0x0001fa24                alt_tse_phy_get_common_speed
                0x0001fd4c                alt_tse_phy_set_common_speed
                0x00020204                marvell_phy_cfg
                0x0002029c                marvell_cfg_gmii
                0x00020380                marvell_cfg_sgmii
                0x00020464                marvell_cfg_rgmii
                0x00020554                DP83848C_link_status_read
 .text          0x000205cc      0x110 ../sss_bsp/\libucosii_bsp.a(altera_avalon_uart_fd.o)
                0x000205cc                altera_avalon_uart_read_fd
                0x0002062c                altera_avalon_uart_write_fd
                0x0002068c                altera_avalon_uart_close_fd
 .text          0x000206dc      0x518 ../sss_bsp/\libucosii_bsp.a(altera_avalon_uart_init.o)
                0x000206dc                altera_avalon_uart_init
                0x00020ba0                altera_avalon_uart_close
 .text          0x00020bf4      0x33c ../sss_bsp/\libucosii_bsp.a(altera_avalon_uart_read.o)
                0x00020c44                altera_avalon_uart_read
 .text          0x00020f30      0x2e0 ../sss_bsp/\libucosii_bsp.a(altera_avalon_uart_write.o)
                0x00020f80                altera_avalon_uart_write
 .text          0x00021210      0x200 ../sss_bsp/\libucosii_bsp.a(altera_vic_0_vector_tbl.o)
                0x00021210                VIC_0_VECTOR_TABLE
 .text          0x00021410       0x20 ../sss_bsp/\libucosii_bsp.a(altera_vic_funnel_non_preemptive.o)
                0x00021410                alt_shadow_non_preemptive_interrupt
 .text          0x00021430      0x13c ../sss_bsp/\libucosii_bsp.a(altera_vic_irq_init.o)
                0x00021430                alt_vic_irq_init
 .text          0x0002156c      0x158 ../sss_bsp/\libucosii_bsp.a(altera_vic_isr_register.o)
                0x0002156c                alt_ic_isr_register
 .text          0x000216c4     0x17dc ../sss_bsp/\libucosii_bsp.a(ins_tse_mac.o)
                0x000216c4                altera_eth_tse_init
                0x00021808                prep_tse_mac
                0x00021ab8                tse_mac_init
                0x0002253c                tse_mac_raw_send
                0x000228b8                tse_sgdmaRx_isr
                0x00022968                tse_sgdma_read_init
                0x00022b18                tse_mac_rcv
                0x00022d5c                tse_mac_stats
                0x00022d9c                tse_mac_close
 .text          0x00022ea0       0x48 ../sss_bsp/\libucosii_bsp.a(alt_iniche_close.o)
                0x00022ea0                close
 .text          0x00022ee8      0x144 ../sss_bsp/\libucosii_bsp.a(alt_iniche_dev.o)
                0x00022ee8                iniche_devices_init
 .text          0x0002302c       0x70 ../sss_bsp/\libucosii_bsp.a(alt_iniche_read.o)
                0x0002302c                read
 .text          0x0002309c       0x68 ../sss_bsp/\libucosii_bsp.a(alt_iniche_write.o)
                0x0002309c                write
 .text          0x00023104      0xe20 ../sss_bsp/\libucosii_bsp.a(ipnet.o)
                0x00023104                Netinit
                0x000236f4                fixup_subnet_mask
                0x0002384c                netclose
                0x00023930                pktdemux
                0x00023cdc                c_older
                0x00023d94                ip2mac
 .text          0x00023f24      0x460 ../sss_bsp/\libucosii_bsp.a(ipstart.o)
                0x00023f24                ip_startup
                0x000241c8                exit_hook
                0x00024234                ip_exit
                0x00024300                if_netnumber
 .text          0x00024384     0x10a8 ../sss_bsp/\libucosii_bsp.a(igmp_cmn.o)
                0x00024384                igmp_init
                0x00024474                igmp_input
                0x00024554                igmp_fasttimo
                0x00024778                igmp_send
                0x00024a20                igmp_joingroup
                0x00024c7c                igmp_leavegroup
                0x00024cf8                igmp_validate
                0x0002500c                igmp_print_stats
 .text          0x0002542c      0xa88 ../sss_bsp/\libucosii_bsp.a(bsdsock.o)
                0x0002542c                bsd_accept
                0x00025544                bsd_getpeername
                0x0002565c                bsd_getsockname
                0x00025774                bsd_i_sockoptlen
                0x000258b0                bsd_getsockopt
                0x000259b4                bsd_ioctl
                0x00025aa0                bsd_inet_ntoa
                0x00025ad4                bsd_recvfrom
                0x00025c10                bsd_select
                0x00025de0                bsd_setsockopt
 .text          0x00025eb4       0xfc ../sss_bsp/\libucosii_bsp.a(cksum.o)
                0x00025eb4                ccksum
                0x00025f5c                cksum
 .text          0x00025fb0      0xa54 ../sss_bsp/\libucosii_bsp.a(in_utils.o)
                0x00025fb0                do_trap
                0x00025fdc                nextarg
                0x00026058                hexdump
                0x00026198                print_ipad
                0x00026214                print_uptime
                0x00026350                panic
                0x00026394                print_eth
                0x000264ec                uslash
                0x00026568                ns_printf
                0x000266d4                std_out
                0x00026718                con_page
                0x000267f4                parse_args
 .text          0x00026a04      0x1b0 ../sss_bsp/\libucosii_bsp.a(netmain.o)
                0x00026a04                netmain
                0x00026ae4                tk_netmain
                0x00026b6c                tk_nettick
 .text          0x00026bb4      0x600 ../sss_bsp/\libucosii_bsp.a(tk_crnos.o)
                0x00026bb4                TK_OSTimeDly
                0x00026be0                TK_OSTaskResume
                0x00026c50                tcp_sleep
                0x00026df4                tcp_wakeup
                0x00026ef8                TK_OSTaskQuery
                0x00026f64                tk_yield
                0x00026f90                tk_stats
 .text          0x000271b4     0x30a8 ../sss_bsp/\libucosii_bsp.a(dhcpclnt.o)
                0x000271b4                dhc_get_srv_ipaddr
                0x0002723c                dhc_init
                0x000272ec                dhc_set_callback
                0x00027330                dhc_upcall
                0x00027ae4                dhc_buildheader
                0x00027cc8                dhc_discover
                0x000281ac                dhc_rx_offer
                0x00028290                dhc_request
                0x00028d8c                dhc_setip
                0x00029008                dhc_resetip
                0x000290ec                dhc_decline
                0x000292c0                dhc_extract_opts
                0x00029540                dhc_second
                0x00029e30                dhc_halt
                0x00029eb0                dhc_reclaim
                0x0002a06c                dhc_state_init
                0x0002a0c0                dhc_alldone
                0x0002a148                dhc_ifacedone
                0x0002a1b0                dhc_set_state
 .text          0x0002a25c       0xc0 ../sss_bsp/\libucosii_bsp.a(dhcputil.o)
                0x0002a25c                find_opt
 .text          0x0002a31c      0x778 ../sss_bsp/\libucosii_bsp.a(pktalloc.o)
                0x0002a31c                pk_init
                0x0002a5b0                pk_alloc
                0x0002a67c                pk_validate
                0x0002a908                pk_free
                0x0002a9b8                pk_get_max_intrsafe_buf_len
                0x0002a9d8                dump_buf_estats
 .text          0x0002aa94      0x264 ../sss_bsp/\libucosii_bsp.a(q.o)
                0x0002aa94                getq
                0x0002ab4c                putq
                0x0002abf8                qdel
 .text          0x0002acf8      0x2f0 ../sss_bsp/\libucosii_bsp.a(udp_open.o)
                0x0002acf8                udp_open
                0x0002af10                udp_close
 .text          0x0002afe8      0x194 ../sss_bsp/\libucosii_bsp.a(asm_cksum.o)
                0x0002afe8                asm_cksum
 .text          0x0002b17c      0x300 ../sss_bsp/\libucosii_bsp.a(brdutils.o)
                0x0002b17c                dtrap
                0x0002b1ac                kbhit
                0x0002b248                getch
                0x0002b2ac                clock_init
                0x0002b2e8                clock_c
                0x0002b304                cticks_hook
                0x0002b3b4                irq_Mask
                0x0002b410                irq_Unmask
 .text          0x0002b47c      0x4ac ../sss_bsp/\libucosii_bsp.a(osportco.o)
                0x0002b47c                LOCK_NET_RESOURCE
                0x0002b540                UNLOCK_NET_RESOURCE
                0x0002b5c4                TK_NEWTASK
                0x0002b7f4                wait_app_sem
                0x0002b8b0                post_app_sem
 .text          0x0002b928      0x540 ../sss_bsp/\libucosii_bsp.a(targnios.o)
                0x0002b928                alt_iniche_init
                0x0002bb24                pre_task_setup
                0x0002bb98                post_task_setup
                0x0002bbb8                prep_armintcp
                0x0002bbf0                calloc2
                0x0002bc24                npalloc
                0x0002bd10                npfree
                0x0002bdd0                ncpalloc
                0x0002be20                ncpfree
 .text          0x0002be68     0x18a0 ../sss_bsp/\libucosii_bsp.a(nptcp.o)
                0x0002be68                pffindtype
                0x0002bef8                pffindproto
                0x0002bfbc                m_getnbuf
                0x0002c144                m_free
                0x0002c25c                m_freem
                0x0002c29c                m_copy
                0x0002c58c                m_adj
                0x0002c75c                mbuf_len
                0x0002c7b0                dtom
                0x0002c84c                remque
                0x0002c8bc                insque
                0x0002c934                nptcp_init
                0x0002ca3c                tcp_rcv
                0x0002cc00                ip_output
                0x0002d1c4                in_broadcast
                0x0002d1fc                np_stripoptions
                0x0002d2f0                so_icmpdu
                0x0002d640                tcp_tick
 .text          0x0002d708      0x974 ../sss_bsp/\libucosii_bsp.a(rawsock.o)
                0x0002d708                rawip_lookup
                0x0002d76c                rawip_soinput
                0x0002d934                rawip_usrreq
 .text          0x0002e07c     0x15f8 ../sss_bsp/\libucosii_bsp.a(sockcall.o)
                0x0002e07c                DOMAIN_CHECK
                0x0002e0c8                t_socket
                0x0002e148                t_bind
                0x0002e2a4                t_listen
                0x0002e374                t_accept
                0x0002e5c0                t_connect
                0x0002e828                t_getpeername
                0x0002e86c                t_getsockname
                0x0002ea84                t_setsockopt
                0x0002ec38                t_getsockopt
                0x0002edbc                t_recv
                0x0002ee9c                t_recvfrom
                0x0002efd4                t_sendto
                0x0002f1c0                t_send
                0x0002f3c4                t_shutdown
                0x0002f494                t_socketclose
                0x0002f5dc                t_errno
 .text          0x0002f674     0x20d0 ../sss_bsp/\libucosii_bsp.a(socket.o)
                0x0002f674                socreate
                0x0002f828                sobind
                0x0002f884                solisten
                0x0002f954                sofree
                0x0002fa74                soclose
                0x0002fdc0                soabort
                0x0002fe10                soaccept
                0x0002fea8                soconnect
                0x0002ff60                sodisconnect
                0x0002fff8                sosend
                0x00030554                soreceive
                0x00030c94                soshutdown
                0x00030d2c                sorflush
                0x00030e24                sosetopt
                0x00031254                sogetopt
                0x000316fc                sohasoutofband
 .text          0x00031744     0x127c ../sss_bsp/\libucosii_bsp.a(socket2.o)
                0x00031744                soisconnecting
                0x000317b0                soisconnected
                0x000318b0                soisdisconnecting
                0x00031944                soisdisconnected
                0x00031a04                sonewconn
                0x00031c24                soqinsque
                0x00031ccc                soqremque
                0x00031dd4                socantsendmore
                0x00031e28                socantrcvmore
                0x00031e7c                sbselqueue
                0x00031eb4                sbwait
                0x00031f1c                sbwakeup
                0x00031fb0                soreserve
                0x00032038                sbreserve
                0x00032088                sbrelease
                0x000320d0                sbappend
                0x00032170                sbappendrecord
                0x00032248                sbappendaddr
                0x00032420                sbcompress
                0x000325f8                sbflush
                0x00032680                sbdrop
                0x00032838                sbdropend
                0x00032934                sbdroprecord
 .text          0x000329c0      0x888 ../sss_bsp/\libucosii_bsp.a(soselect.o)
                0x000329c0                t_select
                0x00032bac                sock_selscan
                0x00032ce8                sock_select
                0x00032ecc                in_pcbnotify
                0x00032f8c                tcp_notify
                0x00033008                ifd_clr
                0x000330f8                ifd_set
                0x0003316c                ifd_isset
                0x000331e4                ifd_get
 .text          0x00033248     0x2dc8 ../sss_bsp/\libucosii_bsp.a(tcp_in.o)
                0x00033248                tcp_reass
                0x00033654                tcp_input
                0x00035994                tcp_dooptions
                0x00035b14                tcp_pulloutofband
                0x00035c40                tcp_xmit_timer
                0x00035ecc                ip4_tcpmss
                0x00035f18                tcp_mss
 .text          0x00036010     0x11e0 ../sss_bsp/\libucosii_bsp.a(tcp_out.o)
                0x00036010                tcp_output
                0x0003702c                tcp_setpersist
 .text          0x000371f0      0x954 ../sss_bsp/\libucosii_bsp.a(tcp_subr.o)
                0x000371f0                tcp_init
                0x00037248                tcp_template
                0x00037350                tcp_respond
                0x0003775c                tcp_newtcpcb
                0x00037868                tcp_drop
                0x00037914                tcp_close
                0x00037a04                tcp_quench
                0x00037a4c                tcp_putseq
                0x00037acc                tcp_getseq
 .text          0x00037b44      0x750 ../sss_bsp/\libucosii_bsp.a(tcp_timr.o)
                0x00037b44                tcp_slowtimo
                0x00037dc8                tcp_canceltimers
                0x00037e24                tcp_timers
 .text          0x00038294      0x9a4 ../sss_bsp/\libucosii_bsp.a(tcp_usr.o)
                0x00038294                tcp_usrreq
                0x00038980                tcp_attach
                0x00038a98                tcp_disconnect
                0x00038b64                tcp_usrclosed
 .text          0x00038c38       0x40 ../sss_bsp/\libucosii_bsp.a(tcpport.o)
                0x00038c38                tcpinit
 .text          0x00038c78      0xbc4 ../sss_bsp/\libucosii_bsp.a(udpsock.o)
                0x00038c78                udp_lookup
                0x00038cdc                udp_soinput
                0x00038e7c                udp_usrreq
                0x000390bc                udp4_sockbind
                0x00039398                udp4_socksend
                0x00039714                udp4_sockaddr
 .text          0x0003983c      0x16c ../sss_bsp/\libucosii_bsp.a(alt_alarm_start.o)
                0x0003983c                alt_alarm_start
 .text          0x000399a8      0x118 ../sss_bsp/\libucosii_bsp.a(alt_close.o)
                0x000399f8                alt_close
 .text          0x00039ac0       0x24 ../sss_bsp/\libucosii_bsp.a(alt_dcache_flush.o)
                0x00039ac0                alt_dcache_flush
 .text          0x00039ae4       0x1c ../sss_bsp/\libucosii_bsp.a(alt_dcache_flush_all.o)
                0x00039ae4                alt_dcache_flush_all
 .text          0x00039b00       0x2c ../sss_bsp/\libucosii_bsp.a(alt_dev.o)
 .text          0x00039b2c       0xf0 ../sss_bsp/\libucosii_bsp.a(alt_dev_llist_insert.o)
                0x00039b7c                alt_dev_llist_insert
 .text          0x00039c1c       0x5c ../sss_bsp/\libucosii_bsp.a(alt_do_ctors.o)
                0x00039c1c                _do_ctors
 .text          0x00039c78       0x5c ../sss_bsp/\libucosii_bsp.a(alt_do_dtors.o)
                0x00039c78                _do_dtors
 .text          0x00039cd4        0x0 ../sss_bsp/\libucosii_bsp.a(alt_errno.o)
 .text          0x00039cd4       0x90 ../sss_bsp/\libucosii_bsp.a(alt_find_dev.o)
                0x00039cd4                alt_find_dev
 .text          0x00039d64       0x30 ../sss_bsp/\libucosii_bsp.a(alt_icache_flush_all.o)
                0x00039d64                alt_icache_flush_all
 .text          0x00039d94      0x138 ../sss_bsp/\libucosii_bsp.a(alt_io_redirect.o)
                0x00039e54                alt_io_redirect
 .text          0x00039ecc      0x270 ../sss_bsp/\libucosii_bsp.a(alt_open.o)
                0x00039fe8                open
 .text          0x0003a13c      0x140 ../sss_bsp/\libucosii_bsp.a(alt_read.o)
                0x0003a18c                alt_read
 .text          0x0003a27c       0x60 ../sss_bsp/\libucosii_bsp.a(alt_release_fd.o)
                0x0003a27c                alt_release_fd
 .text          0x0003a2dc       0x34 ../sss_bsp/\libucosii_bsp.a(alt_remap_cached.o)
                0x0003a2dc                alt_remap_cached
 .text          0x0003a310       0x40 ../sss_bsp/\libucosii_bsp.a(alt_remap_uncached.o)
                0x0003a310                alt_remap_uncached
 .text          0x0003a350      0x1c8 ../sss_bsp/\libucosii_bsp.a(alt_tick.o)
                0x0003a350                alt_alarm_stop
                0x0003a414                alt_tick
 .text          0x0003a518       0x58 ../sss_bsp/\libucosii_bsp.a(alt_uncached_malloc.o)
                0x0003a518                alt_uncached_malloc
 .text          0x0003a570      0x114 ../sss_bsp/\libucosii_bsp.a(alt_usleep.o)
                0x0003a570                usleep
 .text          0x0003a684      0x13c ../sss_bsp/\libucosii_bsp.a(alt_write.o)
                0x0003a6d4                alt_write
 .text          0x0003a7c0       0xd0 ../sss_bsp/\libucosii_bsp.a(os_cpu_a.o)
                0x0003a7c0                OSCtxSw
                0x0003a7c0                OSIntCtxSw
                0x0003a84c                OSStartHighRdy
                0x0003a86c                OSStartTsk
 .text          0x0003a890      0x408 ../sss_bsp/\libucosii_bsp.a(os_cpu_c.o)
                0x0003a890                OSTaskStkInit
                0x0003ab84                OSTaskCreateHook
                0x0003aba4                OSTaskDelHook
                0x0003abc4                OSTaskSwHook
                0x0003abe0                OSTaskStatHook
                0x0003abfc                OSTimeTickHook
                0x0003ac24                OSInitHookBegin
                0x0003ac40                OSInitHookEnd
                0x0003ac5c                OSTaskIdleHook
                0x0003ac78                OSTCBInitHook
 .text          0x0003ac98      0x460 ../sss_bsp/\libucosii_bsp.a(altera_avalon_cfi_flash_amd.o)
                0x0003ac98                alt_program_amd
                0x0003ad00                alt_erase_block_amd
 .text          0x0003b0f8      0x438 ../sss_bsp/\libucosii_bsp.a(altera_avalon_cfi_flash_intel.o)
                0x0003b0f8                alt_program_intel
                0x0003b178                alt_erase_block_intel
 .text          0x0003b530      0x464 ../sss_bsp/\libucosii_bsp.a(allports.o)
                0x0003b530                netmain_init
                0x0003b628                icmp_port_du
                0x0003b6b8                station_state
                0x0003b834                sysuptime
                0x0003b8cc                packet_check
                0x0003b91c                mcastlist
                0x0003b940                prep_modules
 .text          0x0003b994      0x558 ../sss_bsp/\libucosii_bsp.a(timeouts.o)
                0x0003b994                inet_timer
                0x0003bc94                in_timerset
                0x0003be50                in_timerkill
 .text          0x0003beec       0xac ../sss_bsp/\libucosii_bsp.a(tk_misc.o)
                0x0003beec                create_apptasks
                0x0003bf10                task_stats
 .text          0x0003bf98       0xa0 ../sss_bsp/\libucosii_bsp.a(alt_iniche_fcntl.o)
                0x0003bf98                fcntl
 .text          0x0003c038     0x14cc ../sss_bsp/\libucosii_bsp.a(et_arp.o)
                0x0003c038                etainit
                0x0003c080                et_send
                0x0003c20c                arp_free_pending
                0x0003c290                arp_send_pending
                0x0003c300                send_arp
                0x0003c758                find_oldest_arp
                0x0003c914                make_arp_entry
                0x0003ca14                arpReply
                0x0003ccd8                arprcv
                0x0003cf44                send_via_arp
                0x0003d0f0                cb_arpent_tmo
                0x0003d248                grat_arp
 .text          0x0003d504      0x270 ../sss_bsp/\libucosii_bsp.a(iface.o)
                0x0003d504                if_getbynum
                0x0003d580                isbcast
                0x0003d654                reg_type
                0x0003d6e4                if_killsocks
 .text          0x0003d774     0x2068 ../sss_bsp/\libucosii_bsp.a(ip.o)
                0x0003d774                ip_init
                0x0003d85c                ip_bldhead
                0x0003d9e0                ip_write_internal
                0x0003e120                ip_write
                0x0003e338                ip_write2
                0x0003e6b0                ip_raw_write
                0x0003e774                ip_fragment_lc
                0x0003eb8c                ip_fragment
                0x0003f13c                ip_mymach
                0x0003f1e4                ip_dump
                0x0003f48c                iproute
                0x0003f6ac                ip_copypkt
 .text          0x0003f7dc     0x1ca8 ../sss_bsp/\libucosii_bsp.a(ip_reasm.o)
                0x0003f7dc                ip_reasm_match_frag_with_ire
                0x0003f8a0                ip_reasm_determine_type_of_frag
                0x0003f970                ip_reasm_check_mem_useage
                0x0003fa04                ip_reasm_incr_mem_useage
                0x0003faa4                ip_reasm_decr_mem_useage
                0x0003fb3c                ip_reasm_process_first_fragment
                0x0003fdf4                ip_reassm
                0x0003fe7c                ip_reasm_compute_overlap
                0x000403e0                ip_reasm_process_subsequent_fragments
                0x00040910                ip_reasm_find_ire
                0x00040968                ip_reasm_copy_queued_fragments_into_reassy_buffer
                0x00040cb4                ip_reasm_process_timer_tick
                0x00040dd4                ip_reasm_delete_ire
                0x00040f88                ip_reasm_mark_compact_rfq
                0x000410b8                ipr_stats
                0x00041434                ip_reasm_send_icmp_timex
 .text          0x00041484      0xdbc ../sss_bsp/\libucosii_bsp.a(ipdemux.o)
                0x00041484                ip_rcv
                0x00041864                ip_rcv_phase2
                0x00041e40                ip_demux
 .text          0x00042240      0x2b8 ../sss_bsp/\libucosii_bsp.a(ipmc.o)
                0x00042240                in_addmulti
                0x0004238c                in_delmulti
                0x00042494                lookup_mcast
 .text          0x000424f8       0xd8 ../sss_bsp/\libucosii_bsp.a(ipport.o)
                0x000424f8                prep_ifaces
                0x00042580                netexit
                0x000425a8                evtmap_setup
 .text          0x000425d0      0x518 ../sss_bsp/\libucosii_bsp.a(ipraw.o)
                0x000425d0                ip_raw_open
                0x000426b0                ip_raw_close
                0x0004276c                ip_raw_input
                0x00042990                ip_raw_alloc
                0x00042a50                ip_raw_free
                0x00042a90                ip_raw_maxalloc
 .text          0x00042ae8      0x694 ../sss_bsp/\libucosii_bsp.a(iproute.o)
                0x00042ae8                rt_lookup
                0x00042c5c                add_route
                0x00043048                del_route
 .text          0x0004317c      0xda0 ../sss_bsp/\libucosii_bsp.a(udp.o)
                0x0004317c                udpdemux
                0x00043994                udp_send
                0x00043c34                udpswap
                0x00043d24                udp_socket
                0x00043df4                udp_alloc
                0x00043eb0                udp_maxalloc
                0x00043edc                udp_free
 .text          0x00043f1c      0x2cc ../sss_bsp/\libucosii_bsp.a(igmp.o)
                0x00043f1c                igmpv1_input
 .text          0x000441e8      0x74c ../sss_bsp/\libucosii_bsp.a(igmp2.o)
                0x000441e8                igmpv2_input
                0x00044330                igmpv2_process_report
                0x00044470                igmpv2_process_query
                0x000446ac                igmpv2_chk_set_timer
                0x000447f4                igmpv2_chk4_rtr_alert_opt
 .text          0x00044934      0x8ac ../sss_bsp/\libucosii_bsp.a(ipopt.o)
                0x00044934                IPADDR_TO_NETP
                0x00044a7c                ip_setmoptions
                0x00045048                ip_getmoptions
                0x0004515c                ip_freemoptions
 .text          0x000451e0      0x738 ../sss_bsp/\libucosii_bsp.a(u_mctest.o)
                0x000451e0                u_mctest_init
                0x00045210                u_mctest_run
 .text          0x00045918      0x3a4 ../sss_bsp/\libucosii_bsp.a(dhcsetup.o)
                0x00045918                dhc_setup
                0x00045ba8                dhc_main_ipset
 .text          0x00045cbc      0x3d0 ../sss_bsp/\libucosii_bsp.a(memdev.o)
                0x00045cbc                init_memdev
                0x00045d34                md_fopen
                0x00045d5c                md_fclose
                0x00045d7c                md_fread
                0x00045ed8                md_fwrite
                0x00045f50                md_fseek
                0x00045f7c                md_ftell
                0x00045fa0                md_fgetc
                0x00046068                md_unlink
 .text          0x0004608c      0x774 ../sss_bsp/\libucosii_bsp.a(parseip.o)
                0x0004608c                parse_ipad
                0x00046388                inet_addr
                0x000463e8                hextoa
                0x00046434                inet_pton
                0x000464c8                inet_ntop
                0x00046548                print46_addr
                0x000465a4                inet46_addr
                0x00046664                inet_setport
                0x000466cc                convert_ip
 .text          0x00046800      0x19c ../sss_bsp/\libucosii_bsp.a(tcpcksum.o)
                0x00046800                tcp_cksum
 .text          0x0004699c      0x874 ../sss_bsp/\libucosii_bsp.a(in_pcb.o)
                0x0004699c                in_pcballoc
                0x00046a24                in_pcbdetach
                0x00046a78                in_pcbbind
                0x00046c88                in_pcbconnect
                0x00046e64                in_pcbdisconnect
                0x00046ebc                in_setsockaddr
                0x00046f3c                in_setpeeraddr
                0x00046fbc                in_pcblookup
 .text          0x00047210     0x18e0 ../sss_bsp/\libucosii_bsp.a(vfsfiles.o)
                0x00047210                set_vfopen_error
                0x00047238                get_vfopen_error
                0x00047258                vf_alloc_and_link_vop
                0x000472c8                vf_alloc_buffer
                0x00047390                vf_free_buffer
                0x000473dc                vfopen_locked
                0x00047714                vfopen
                0x00047764                vfclose_locked
                0x00047920                vfclose
                0x00047960                vfflush
                0x000479a8                vfgets
                0x00047a80                vfeof
                0x00047ad0                vunlink_flag_open_files
                0x00047b28                vunlink
                0x00047d28                vfread
                0x00047eb4                vfwrite_locked
                0x00048260                vfwrite
                0x000482c0                vfseek
                0x0004840c                vftell
                0x0004851c                vgetc_locked
                0x00048614                vgetc
                0x0004865c                vfslookup_locked
                0x00048780                vfslookup
                0x000487c8                strippath
                0x0004899c                isvfile_locked
                0x000489f4                isvfile
                0x00048a3c                vferror
                0x00048a98                vclearerr
 .text          0x00048af0       0x24 ../sss_bsp/\libucosii_bsp.a(vfsport.o)
                0x00048af0                prep_vfs
 .text          0x00048b14      0x128 ../sss_bsp/\libucosii_bsp.a(alt_busy_sleep.o)
                0x00048b14                alt_busy_sleep
 .text          0x00048c3c      0x168 ../sss_bsp/\libucosii_bsp.a(alt_fcntl.o)
                0x00048c8c                alt_fcntl
 .text          0x00048da4      0x114 ../sss_bsp/\libucosii_bsp.a(alt_find_file.o)
                0x00048da4                alt_find_file
 .text          0x00048eb8       0xfc ../sss_bsp/\libucosii_bsp.a(alt_get_fd.o)
                0x00048eb8                alt_get_fd
 .text          0x00048fb4       0x8c ../sss_bsp/\libucosii_bsp.a(alt_icache_flush.o)
                0x00048fb4                alt_icache_flush
 .text          0x00049040     0x1288 ../sss_bsp/\libucosii_bsp.a(icmp.o)
                0x00049040                icmprcv
                0x00049c28                icmp_destun
                0x00049f3c                icmp_timex
                0x0004a278                icmp_du
 .text          0x0004a2c8       0x14 c:/altera/13.1/nios2eds/bin/gnu/h-i686-mingw32/bin/../lib/gcc/nios2-elf/4.7.3/../../../../../H-i686-mingw32/nios2-elf/lib\libc.a(lib_a-atexit.o)
                0x0004a2c8                atexit
 .text          0x0004a2dc       0x18 c:/altera/13.1/nios2eds/bin/gnu/h-i686-mingw32/bin/../lib/gcc/nios2-elf/4.7.3/../../../../../H-i686-mingw32/nios2-elf/lib\libc.a(lib_a-atoi.o)
                0x0004a2dc                atoi
                0x0004a2e8                _atoi_r
 .text          0x0004a2f4       0x1c c:/altera/13.1/nios2eds/bin/gnu/h-i686-mingw32/bin/../lib/gcc/nios2-elf/4.7.3/../../../../../H-i686-mingw32/nios2-elf/lib\libc.a(lib_a-calloc.o)
                0x0004a2f4                calloc
 .text          0x0004a310       0x38 c:/altera/13.1/nios2eds/bin/gnu/h-i686-mingw32/bin/../lib/gcc/nios2-elf/4.7.3/../../../../../H-i686-mingw32/nios2-elf/lib\libc.a(lib_a-exit.o)
                0x0004a310                exit
 .text          0x0004a348       0x28 c:/altera/13.1/nios2eds/bin/gnu/h-i686-mingw32/bin/../lib/gcc/nios2-elf/4.7.3/../../../../../H-i686-mingw32/nios2-elf/lib\libc.a(lib_a-malloc.o)
                0x0004a348                malloc
                0x0004a35c                free
 .text          0x0004a370       0x7c c:/altera/13.1/nios2eds/bin/gnu/h-i686-mingw32/bin/../lib/gcc/nios2-elf/4.7.3/../../../../../H-i686-mingw32/nios2-elf/lib\libc.a(lib_a-memcmp.o)
                0x0004a370                memcmp
 .text          0x0004a3ec       0x94 c:/altera/13.1/nios2eds/bin/gnu/h-i686-mingw32/bin/../lib/gcc/nios2-elf/4.7.3/../../../../../H-i686-mingw32/nios2-elf/lib\libc.a(lib_a-strcpy.o)
                0x0004a3ec                strcpy
 .text          0x0004a480       0xfc c:/altera/13.1/nios2eds/bin/gnu/h-i686-mingw32/bin/../lib/gcc/nios2-elf/4.7.3/../../../../../H-i686-mingw32/nios2-elf/lib\libc.a(lib_a-strncmp.o)
                0x0004a480                strncmp
 .text          0x0004a57c       0xb8 c:/altera/13.1/nios2eds/bin/gnu/h-i686-mingw32/bin/../lib/gcc/nios2-elf/4.7.3/../../../../../H-i686-mingw32/nios2-elf/lib\libc.a(lib_a-strncpy.o)
                0x0004a57c                strncpy
 .text          0x0004a634      0x288 c:/altera/13.1/nios2eds/bin/gnu/h-i686-mingw32/bin/../lib/gcc/nios2-elf/4.7.3/../../../../../H-i686-mingw32/nios2-elf/lib\libc.a(lib_a-strtol.o)
                0x0004a634                _strtol_r
                0x0004a898                strtol
 .text          0x0004a8bc       0x34 c:/altera/13.1/nios2eds/bin/gnu/h-i686-mingw32/bin/../lib/gcc/nios2-elf/4.7.3/../../../../../H-i686-mingw32/nios2-elf/lib\libc.a(lib_a-vprintf.o)
                0x0004a8bc                vprintf
                0x0004a8dc                _vprintf_r
 .text          0x0004a8f0       0x74 c:/altera/13.1/nios2eds/bin/gnu/h-i686-mingw32/bin/../lib/gcc/nios2-elf/4.7.3/../../../../../H-i686-mingw32/nios2-elf/lib\libc.a(lib_a-vsprintf.o)
                0x0004a8f0                _vsprintf_r
                0x0004a940                vsprintf
 .text          0x0004a964      0x130 c:/altera/13.1/nios2eds/bin/gnu/h-i686-mingw32/bin/../lib/gcc/nios2-elf/4.7.3/../../../../../H-i686-mingw32/nios2-elf/lib\libc.a(lib_a-__atexit.o)
                0x0004a964                __register_exitproc
 .text          0x0004aa94      0x1a0 c:/altera/13.1/nios2eds/bin/gnu/h-i686-mingw32/bin/../lib/gcc/nios2-elf/4.7.3/../../../../../H-i686-mingw32/nios2-elf/lib\libc.a(lib_a-__call_atexit.o)
                0x0004aa94                __call_exitprocs
 .text          0x0004ac34       0x84 c:/altera/13.1/nios2eds/bin/gnu/h-i686-mingw32/bin/../lib/gcc/nios2-elf/4.7.3\libgcc.a(_fixunsdfsi.o)
                0x0004ac34                __fixunsdfsi
 .text          0x0004acb8       0x44 ../sss_bsp/\libucosii_bsp.a(alt_exit.o)
                0x0004acb8                _exit
 *(.gnu.warning.*)
 *(.fini)
                0x0004acfc                PROVIDE (__etext, ABSOLUTE (.))
                0x0004acfc                PROVIDE (_etext, ABSOLUTE (.))
                0x0004acfc                PROVIDE (etext, ABSOLUTE (.))
 *(.eh_frame_hdr)
                0x0004acfc                . = ALIGN (0x4)
                0x0004acfc                PROVIDE (__preinit_array_start, ABSOLUTE (.))
 *(.preinit_array)
                0x0004acfc                PROVIDE (__preinit_array_end, ABSOLUTE (.))
                0x0004acfc                PROVIDE (__init_array_start, ABSOLUTE (.))
 *(.init_array)
                0x0004acfc                PROVIDE (__init_array_end, ABSOLUTE (.))
                0x0004acfc                PROVIDE (__fini_array_start, ABSOLUTE (.))
 *(.fini_array)
                0x0004acfc                PROVIDE (__fini_array_end, ABSOLUTE (.))
 *(.eh_frame)
 *(.gcc_except_table .gcc_except_table.*)
 *(.dynamic)
                0x0004acfc                PROVIDE (__CTOR_LIST__, ABSOLUTE (.))
 *(.ctors)
 *(SORT(.ctors.*))
                0x0004acfc                PROVIDE (__CTOR_END__, ABSOLUTE (.))
                0x0004acfc                PROVIDE (__DTOR_LIST__, ABSOLUTE (.))
 *(.dtors)
 *(SORT(.dtors.*))
                0x0004acfc                PROVIDE (__DTOR_END__, ABSOLUTE (.))
 *(.jcr)
                0x0004acfc                . = ALIGN (0x4)

.rodata         0x0004acfc     0x5f4c
                0x0004acfc                PROVIDE (__ram_rodata_start, ABSOLUTE (.))
                0x0004acfc                . = ALIGN (0x4)
 *(.rodata .rodata.* .gnu.linkonce.r.*)
 .rodata        0x0004acfc      0xba4 obj/default/alt_error_handler.o
 .rodata        0x0004b8a0       0x3c obj/default/iniche_init.o
 .rodata        0x0004b8dc      0x230 obj/default/network_utilities.o
 .rodata        0x0004bb0c      0x2d4 obj/default/simple_socket_server.o
 .rodata        0x0004bde0       0x20 obj/default/tse_my_system.o
 .rodata        0x0004be00      0x281 c:/altera/13.1/nios2eds/bin/gnu/h-i686-mingw32/bin/../lib/gcc/nios2-elf/4.7.3/../../../../../H-i686-mingw32/nios2-elf/lib\libc.a(lib_a-ctype_.o)
                0x0004be00                _ctype_
 *fill*         0x0004c081        0x3 
 .rodata.str1.4
                0x0004c084        0x2 c:/altera/13.1/nios2eds/bin/gnu/h-i686-mingw32/bin/../lib/gcc/nios2-elf/4.7.3/../../../../../H-i686-mingw32/nios2-elf/lib\libc.a(lib_a-impure.o)
                                  0x4 (size before relaxing)
 *fill*         0x0004c086        0x2 
 .rodata.str1.4
                0x0004c088        0x3 c:/altera/13.1/nios2eds/bin/gnu/h-i686-mingw32/bin/../lib/gcc/nios2-elf/4.7.3/../../../../../H-i686-mingw32/nios2-elf/lib\libc.a(lib_a-perror.o)
                                  0x4 (size before relaxing)
 *fill*         0x0004c08b        0x1 
 .rodata.str1.4
                0x0004c08c        0x2 c:/altera/13.1/nios2eds/bin/gnu/h-i686-mingw32/bin/../lib/gcc/nios2-elf/4.7.3/../../../../../H-i686-mingw32/nios2-elf/lib\libc.a(lib_a-puts.o)
                                  0x4 (size before relaxing)
 *fill*         0x0004c08e        0x2 
 .rodata.str1.4
                0x0004c090      0x7a1 c:/altera/13.1/nios2eds/bin/gnu/h-i686-mingw32/bin/../lib/gcc/nios2-elf/4.7.3/../../../../../H-i686-mingw32/nios2-elf/lib\libc.a(lib_a-strerror.o)
                                0x7a8 (size before relaxing)
 *fill*         0x0004c831        0x3 
 .rodata.str1.4
                0x0004c834       0x42 c:/altera/13.1/nios2eds/bin/gnu/h-i686-mingw32/bin/../lib/gcc/nios2-elf/4.7.3/../../../../../H-i686-mingw32/nios2-elf/lib\libc.a(lib_a-vfprintf.o)
                                 0x44 (size before relaxing)
 .rodata        0x0004c876       0x20 c:/altera/13.1/nios2eds/bin/gnu/h-i686-mingw32/bin/../lib/gcc/nios2-elf/4.7.3/../../../../../H-i686-mingw32/nios2-elf/lib\libc.a(lib_a-vfprintf.o)
 *fill*         0x0004c896        0x2 
 .rodata.str1.4
                0x0004c898       0x10 c:/altera/13.1/nios2eds/bin/gnu/h-i686-mingw32/bin/../lib/gcc/nios2-elf/4.7.3/../../../../../H-i686-mingw32/nios2-elf/lib\libc.a(lib_a-dtoa.o)
                                 0x14 (size before relaxing)
 .rodata.str1.4
                0x0004c8a8       0x10 c:/altera/13.1/nios2eds/bin/gnu/h-i686-mingw32/bin/../lib/gcc/nios2-elf/4.7.3/../../../../../H-i686-mingw32/nios2-elf/lib\libc.a(lib_a-locale.o)
                                 0x18 (size before relaxing)
 .rodata        0x0004c8b8       0x30 c:/altera/13.1/nios2eds/bin/gnu/h-i686-mingw32/bin/../lib/gcc/nios2-elf/4.7.3/../../../../../H-i686-mingw32/nios2-elf/lib\libc.a(lib_a-locale.o)
 .rodata        0x0004c8e8      0x124 c:/altera/13.1/nios2eds/bin/gnu/h-i686-mingw32/bin/../lib/gcc/nios2-elf/4.7.3/../../../../../H-i686-mingw32/nios2-elf/lib\libc.a(lib_a-mprec.o)
                0x0004c8e8                __mprec_tinytens
                0x0004c910                __mprec_bigtens
                0x0004c938                __mprec_tens
 .rodata        0x0004ca0c       0x14 c:/altera/13.1/nios2eds/bin/gnu/h-i686-mingw32/bin/../lib/gcc/nios2-elf/4.7.3\libgcc.a(_thenan_df.o)
                0x0004ca0c                __thenan_df
 .rodata        0x0004ca20      0x100 c:/altera/13.1/nios2eds/bin/gnu/h-i686-mingw32/bin/../lib/gcc/nios2-elf/4.7.3\libgcc.a(_clz.o)
                0x0004ca20                __clz_tab
 .rodata        0x0004cb20       0x10 ../sss_bsp/\libucosii_bsp.a(alt_main.o)
 .rodata        0x0004cb30      0x120 ../sss_bsp/\libucosii_bsp.a(os_core.o)
                0x0004cb30                OSUnMapTbl
 .rodata        0x0004cc50       0x80 ../sss_bsp/\libucosii_bsp.a(alt_sys_init.o)
 .rodata        0x0004ccd0     0x1be4 ../sss_bsp/\libucosii_bsp.a(altera_avalon_tse.o)
 .rodata        0x0004e8b4       0x20 ../sss_bsp/\libucosii_bsp.a(altera_vic_irq_init.o)
 .rodata        0x0004e8d4      0x36c ../sss_bsp/\libucosii_bsp.a(ins_tse_mac.o)
 .rodata        0x0004ec40       0xd8 ../sss_bsp/\libucosii_bsp.a(ipnet.o)
 .rodata        0x0004ed18       0xec ../sss_bsp/\libucosii_bsp.a(ipstart.o)
 .rodata        0x0004ee04      0x54c ../sss_bsp/\libucosii_bsp.a(igmp_cmn.o)
 .rodata        0x0004f350       0xb8 ../sss_bsp/\libucosii_bsp.a(in_utils.o)
 .rodata        0x0004f408       0x34 ../sss_bsp/\libucosii_bsp.a(netmain.o)
 .rodata        0x0004f43c      0x1a8 ../sss_bsp/\libucosii_bsp.a(tk_crnos.o)
 .rodata        0x0004f5e4        0x8 ../sss_bsp/\libucosii_bsp.a(dhcpclnt.o)
 .rodata        0x0004f5ec      0x118 ../sss_bsp/\libucosii_bsp.a(pktalloc.o)
 .rodata        0x0004f704       0x84 ../sss_bsp/\libucosii_bsp.a(udp_open.o)
 .rodata        0x0004f788       0x2c ../sss_bsp/\libucosii_bsp.a(brdutils.o)
 .rodata        0x0004f7b4      0x26c ../sss_bsp/\libucosii_bsp.a(osportco.o)
 .rodata        0x0004fa20       0xa0 ../sss_bsp/\libucosii_bsp.a(targnios.o)
 .rodata        0x0004fac0       0x90 ../sss_bsp/\libucosii_bsp.a(nptcp.o)
 .rodata        0x0004fb50        0x8 ../sss_bsp/\libucosii_bsp.a(sockcall.o)
 .rodata        0x0004fb58       0x50 ../sss_bsp/\libucosii_bsp.a(socket.o)
 .rodata        0x0004fba8       0x40 ../sss_bsp/\libucosii_bsp.a(socket2.o)
 .rodata        0x0004fbe8       0x20 ../sss_bsp/\libucosii_bsp.a(tcp_in.o)
 .rodata        0x0004fc08       0x40 ../sss_bsp/\libucosii_bsp.a(tcp_out.o)
 .rodata        0x0004fc48       0x24 ../sss_bsp/\libucosii_bsp.a(tcp_subr.o)
 .rodata        0x0004fc6c       0x2c ../sss_bsp/\libucosii_bsp.a(tcp_usr.o)
 .rodata        0x0004fc98        0xc ../sss_bsp/\libucosii_bsp.a(alt_dev.o)
 .rodata        0x0004fca4        0x4 ../sss_bsp/\libucosii_bsp.a(os_cpu_c.o)
 .rodata        0x0004fca8      0x1d4 ../sss_bsp/\libucosii_bsp.a(allports.o)
 .rodata        0x0004fe7c       0x34 ../sss_bsp/\libucosii_bsp.a(tk_misc.o)
 .rodata        0x0004feb0       0x44 ../sss_bsp/\libucosii_bsp.a(et_arp.o)
 .rodata        0x0004fef4      0x1dc ../sss_bsp/\libucosii_bsp.a(ip.o)
 .rodata        0x000500d0      0x158 ../sss_bsp/\libucosii_bsp.a(ip_reasm.o)
 .rodata        0x00050228      0x120 ../sss_bsp/\libucosii_bsp.a(ipdemux.o)
 .rodata        0x00050348       0x34 ../sss_bsp/\libucosii_bsp.a(ipport.o)
 .rodata        0x0005037c       0x24 ../sss_bsp/\libucosii_bsp.a(ipraw.o)
 .rodata        0x000503a0       0x38 ../sss_bsp/\libucosii_bsp.a(iproute.o)
 .rodata        0x000503d8       0xe8 ../sss_bsp/\libucosii_bsp.a(udp.o)
 .rodata        0x000504c0      0x2b0 ../sss_bsp/\libucosii_bsp.a(u_mctest.o)
 .rodata        0x00050770       0xf8 ../sss_bsp/\libucosii_bsp.a(dhcsetup.o)
 .rodata        0x00050868       0x94 ../sss_bsp/\libucosii_bsp.a(parseip.o)
 .rodata        0x000508fc       0x34 ../sss_bsp/\libucosii_bsp.a(vfsfiles.o)
 .rodata        0x00050930      0x318 ../sss_bsp/\libucosii_bsp.a(icmp.o)
 *(.rodata1)
                0x00050c48                . = ALIGN (0x4)
                0x00050c48                PROVIDE (__ram_rodata_end, ABSOLUTE (.))
                0x0004acfc                PROVIDE (__flash_rodata_start, LOADADDR (.rodata))

.rwdata         0x00050c48     0x2438 load address 0x00053080
                0x00050c48                PROVIDE (__ram_rwdata_start, ABSOLUTE (.))
                0x00050c48                . = ALIGN (0x4)
 *(.got.plt)
 *(.got)
 *(.data1)
 *(.data .data.* .gnu.linkonce.d.*)
 .data          0x00050c48        0x0 ../sss_bsp//obj/HAL/src/crt0.o
 .data          0x00050c48        0x0 obj/default/alt_error_handler.o
 .data          0x00050c48       0x18 obj/default/iniche_init.o
                0x00050c48                ssstask
 .data          0x00050c60        0x0 obj/default/led.o
 .data          0x00050c60        0x0 obj/default/network_utilities.o
 .data          0x00050c60        0x0 obj/default/simple_socket_server.o
 .data          0x00050c60      0x120 obj/default/tse_my_system.o
                0x00050c60                tse_mac_device
 .data          0x00050d80        0x0 c:/altera/13.1/nios2eds/bin/gnu/h-i686-mingw32/bin/../lib/gcc/nios2-elf/4.7.3/../../../../../H-i686-mingw32/nios2-elf/lib\libc.a(lib_a-ctype_.o)
 .data          0x00050d80        0x0 c:/altera/13.1/nios2eds/bin/gnu/h-i686-mingw32/bin/../lib/gcc/nios2-elf/4.7.3/../../../../../H-i686-mingw32/nios2-elf/lib\libc.a(lib_a-fprintf.o)
 .data          0x00050d80        0x0 c:/altera/13.1/nios2eds/bin/gnu/h-i686-mingw32/bin/../lib/gcc/nios2-elf/4.7.3/../../../../../H-i686-mingw32/nios2-elf/lib\libc.a(lib_a-fwrite.o)
 .data          0x00050d80        0x0 c:/altera/13.1/nios2eds/bin/gnu/h-i686-mingw32/bin/../lib/gcc/nios2-elf/4.7.3/../../../../../H-i686-mingw32/nios2-elf/lib\libc.a(lib_a-getc.o)
 .data          0x00050d80      0x400 c:/altera/13.1/nios2eds/bin/gnu/h-i686-mingw32/bin/../lib/gcc/nios2-elf/4.7.3/../../../../../H-i686-mingw32/nios2-elf/lib\libc.a(lib_a-impure.o)
 .data          0x00051180        0x0 c:/altera/13.1/nios2eds/bin/gnu/h-i686-mingw32/bin/../lib/gcc/nios2-elf/4.7.3/../../../../../H-i686-mingw32/nios2-elf/lib\libc.a(lib_a-memcpy.o)
 .data          0x00051180        0x0 c:/altera/13.1/nios2eds/bin/gnu/h-i686-mingw32/bin/../lib/gcc/nios2-elf/4.7.3/../../../../../H-i686-mingw32/nios2-elf/lib\libc.a(lib_a-memmove.o)
 .data          0x00051180        0x0 c:/altera/13.1/nios2eds/bin/gnu/h-i686-mingw32/bin/../lib/gcc/nios2-elf/4.7.3/../../../../../H-i686-mingw32/nios2-elf/lib\libc.a(lib_a-memset.o)
 .data          0x00051180        0x0 c:/altera/13.1/nios2eds/bin/gnu/h-i686-mingw32/bin/../lib/gcc/nios2-elf/4.7.3/../../../../../H-i686-mingw32/nios2-elf/lib\libc.a(lib_a-perror.o)
 .data          0x00051180        0x0 c:/altera/13.1/nios2eds/bin/gnu/h-i686-mingw32/bin/../lib/gcc/nios2-elf/4.7.3/../../../../../H-i686-mingw32/nios2-elf/lib\libc.a(lib_a-printf.o)
 .data          0x00051180        0x0 c:/altera/13.1/nios2eds/bin/gnu/h-i686-mingw32/bin/../lib/gcc/nios2-elf/4.7.3/../../../../../H-i686-mingw32/nios2-elf/lib\libc.a(lib_a-putc.o)
 .data          0x00051180        0x0 c:/altera/13.1/nios2eds/bin/gnu/h-i686-mingw32/bin/../lib/gcc/nios2-elf/4.7.3/../../../../../H-i686-mingw32/nios2-elf/lib\libc.a(lib_a-putchar.o)
 .data          0x00051180        0x0 c:/altera/13.1/nios2eds/bin/gnu/h-i686-mingw32/bin/../lib/gcc/nios2-elf/4.7.3/../../../../../H-i686-mingw32/nios2-elf/lib\libc.a(lib_a-puts.o)
 .data          0x00051180        0x0 c:/altera/13.1/nios2eds/bin/gnu/h-i686-mingw32/bin/../lib/gcc/nios2-elf/4.7.3/../../../../../H-i686-mingw32/nios2-elf/lib\libc.a(lib_a-rget.o)
 .data          0x00051180        0x0 c:/altera/13.1/nios2eds/bin/gnu/h-i686-mingw32/bin/../lib/gcc/nios2-elf/4.7.3/../../../../../H-i686-mingw32/nios2-elf/lib\libc.a(lib_a-sprintf.o)
 .data          0x00051180        0x0 c:/altera/13.1/nios2eds/bin/gnu/h-i686-mingw32/bin/../lib/gcc/nios2-elf/4.7.3/../../../../../H-i686-mingw32/nios2-elf/lib\libc.a(lib_a-strchr.o)
 .data          0x00051180        0x0 c:/altera/13.1/nios2eds/bin/gnu/h-i686-mingw32/bin/../lib/gcc/nios2-elf/4.7.3/../../../../../H-i686-mingw32/nios2-elf/lib\libc.a(lib_a-strerror.o)
 .data          0x00051180        0x0 c:/altera/13.1/nios2eds/bin/gnu/h-i686-mingw32/bin/../lib/gcc/nios2-elf/4.7.3/../../../../../H-i686-mingw32/nios2-elf/lib\libc.a(lib_a-strlen.o)
 .data          0x00051180        0x0 c:/altera/13.1/nios2eds/bin/gnu/h-i686-mingw32/bin/../lib/gcc/nios2-elf/4.7.3/../../../../../H-i686-mingw32/nios2-elf/lib\libc.a(lib_a-u_strerr.o)
 .data          0x00051180        0x0 c:/altera/13.1/nios2eds/bin/gnu/h-i686-mingw32/bin/../lib/gcc/nios2-elf/4.7.3/../../../../../H-i686-mingw32/nios2-elf/lib\libc.a(lib_a-vfprintf.o)
 .data          0x00051180        0x0 c:/altera/13.1/nios2eds/bin/gnu/h-i686-mingw32/bin/../lib/gcc/nios2-elf/4.7.3/../../../../../H-i686-mingw32/nios2-elf/lib\libc.a(lib_a-wbuf.o)
 .data          0x00051180        0x0 c:/altera/13.1/nios2eds/bin/gnu/h-i686-mingw32/bin/../lib/gcc/nios2-elf/4.7.3/../../../../../H-i686-mingw32/nios2-elf/lib\libc.a(lib_a-wsetup.o)
 .data          0x00051180        0x0 c:/altera/13.1/nios2eds/bin/gnu/h-i686-mingw32/bin/../lib/gcc/nios2-elf/4.7.3/../../../../../H-i686-mingw32/nios2-elf/lib\libc.a(lib_a-dtoa.o)
 .data          0x00051180        0x0 c:/altera/13.1/nios2eds/bin/gnu/h-i686-mingw32/bin/../lib/gcc/nios2-elf/4.7.3/../../../../../H-i686-mingw32/nios2-elf/lib\libc.a(lib_a-fflush.o)
 .data          0x00051180        0x0 c:/altera/13.1/nios2eds/bin/gnu/h-i686-mingw32/bin/../lib/gcc/nios2-elf/4.7.3/../../../../../H-i686-mingw32/nios2-elf/lib\libc.a(lib_a-findfp.o)
 .data          0x00051180        0x0 c:/altera/13.1/nios2eds/bin/gnu/h-i686-mingw32/bin/../lib/gcc/nios2-elf/4.7.3/../../../../../H-i686-mingw32/nios2-elf/lib\libc.a(lib_a-fputc.o)
 .data          0x00051180        0x0 c:/altera/13.1/nios2eds/bin/gnu/h-i686-mingw32/bin/../lib/gcc/nios2-elf/4.7.3/../../../../../H-i686-mingw32/nios2-elf/lib\libc.a(lib_a-fputs.o)
 .data          0x00051180        0x0 c:/altera/13.1/nios2eds/bin/gnu/h-i686-mingw32/bin/../lib/gcc/nios2-elf/4.7.3/../../../../../H-i686-mingw32/nios2-elf/lib\libc.a(lib_a-freer.o)
 .data          0x00051180        0x0 c:/altera/13.1/nios2eds/bin/gnu/h-i686-mingw32/bin/../lib/gcc/nios2-elf/4.7.3/../../../../../H-i686-mingw32/nios2-elf/lib\libc.a(lib_a-fvwrite.o)
 .data          0x00051180        0x0 c:/altera/13.1/nios2eds/bin/gnu/h-i686-mingw32/bin/../lib/gcc/nios2-elf/4.7.3/../../../../../H-i686-mingw32/nios2-elf/lib\libc.a(lib_a-fwalk.o)
 .data          0x00051180        0xc c:/altera/13.1/nios2eds/bin/gnu/h-i686-mingw32/bin/../lib/gcc/nios2-elf/4.7.3/../../../../../H-i686-mingw32/nios2-elf/lib\libc.a(lib_a-locale.o)
                0x00051180                __lc_ctype
 .data          0x0005118c        0x0 c:/altera/13.1/nios2eds/bin/gnu/h-i686-mingw32/bin/../lib/gcc/nios2-elf/4.7.3/../../../../../H-i686-mingw32/nios2-elf/lib\libc.a(lib_a-makebuf.o)
 .data          0x0005118c      0x408 c:/altera/13.1/nios2eds/bin/gnu/h-i686-mingw32/bin/../lib/gcc/nios2-elf/4.7.3/../../../../../H-i686-mingw32/nios2-elf/lib\libc.a(lib_a-mallocr.o)
                0x0005118c                __malloc_av_
 .data          0x00051594        0x0 c:/altera/13.1/nios2eds/bin/gnu/h-i686-mingw32/bin/../lib/gcc/nios2-elf/4.7.3/../../../../../H-i686-mingw32/nios2-elf/lib\libc.a(lib_a-memchr.o)
 .data          0x00051594        0x0 c:/altera/13.1/nios2eds/bin/gnu/h-i686-mingw32/bin/../lib/gcc/nios2-elf/4.7.3/../../../../../H-i686-mingw32/nios2-elf/lib\libc.a(lib_a-mprec.o)
 .data          0x00051594        0x0 c:/altera/13.1/nios2eds/bin/gnu/h-i686-mingw32/bin/../lib/gcc/nios2-elf/4.7.3/../../../../../H-i686-mingw32/nios2-elf/lib\libc.a(lib_a-reallocr.o)
 .data          0x00051594        0x0 c:/altera/13.1/nios2eds/bin/gnu/h-i686-mingw32/bin/../lib/gcc/nios2-elf/4.7.3/../../../../../H-i686-mingw32/nios2-elf/lib\libc.a(lib_a-refill.o)
 .data          0x00051594        0x0 c:/altera/13.1/nios2eds/bin/gnu/h-i686-mingw32/bin/../lib/gcc/nios2-elf/4.7.3/../../../../../H-i686-mingw32/nios2-elf/lib\libc.a(lib_a-s_isinfd.o)
 .data          0x00051594        0x0 c:/altera/13.1/nios2eds/bin/gnu/h-i686-mingw32/bin/../lib/gcc/nios2-elf/4.7.3/../../../../../H-i686-mingw32/nios2-elf/lib\libc.a(lib_a-s_isnand.o)
 .data          0x00051594        0x0 c:/altera/13.1/nios2eds/bin/gnu/h-i686-mingw32/bin/../lib/gcc/nios2-elf/4.7.3/../../../../../H-i686-mingw32/nios2-elf/lib\libc.a(lib_a-sbrkr.o)
 .data          0x00051594        0x0 c:/altera/13.1/nios2eds/bin/gnu/h-i686-mingw32/bin/../lib/gcc/nios2-elf/4.7.3/../../../../../H-i686-mingw32/nios2-elf/lib\libc.a(lib_a-stdio.o)