Archive member included because of file (symbol)

c:/altera/13.1/nios2eds/bin/gnu/h-i686-mingw32/bin/../lib/gcc/nios2-elf/4.7.3/../../../../../H-i686-mingw32/nios2-elf/lib\libc.a(lib_a-memcpy.o)
                              obj/default/BasicWEB.o (memcpy)
c:/altera/13.1/nios2eds/bin/gnu/h-i686-mingw32/bin/../lib/gcc/nios2-elf/4.7.3/../../../../../H-i686-mingw32/nios2-elf/lib\libc.a(lib_a-memset.o)
                              obj/default/echo_server.o (memset)
c:/altera/13.1/nios2eds/bin/gnu/h-i686-mingw32/bin/../lib/gcc/nios2-elf/4.7.3/../../../../../H-i686-mingw32/nios2-elf/lib\libc.a(lib_a-perror.o)
                              obj/default/echo_server.o (perror)
c:/altera/13.1/nios2eds/bin/gnu/h-i686-mingw32/bin/../lib/gcc/nios2-elf/4.7.3/../../../../../H-i686-mingw32/nios2-elf/lib\libc.a(lib_a-printf.o)
                              obj/default/echo_server.o (printf)
c:/altera/13.1/nios2eds/bin/gnu/h-i686-mingw32/bin/../lib/gcc/nios2-elf/4.7.3/../../../../../H-i686-mingw32/nios2-elf/lib\libc.a(lib_a-puts.o)
                              obj/default/echo_server.o (puts)
c:/altera/13.1/nios2eds/bin/gnu/h-i686-mingw32/bin/../lib/gcc/nios2-elf/4.7.3/../../../../../H-i686-mingw32/nios2-elf/lib\libc.a(lib_a-sprintf.o)
                              obj/default/BasicWEB.o (sprintf)
c:/altera/13.1/nios2eds/bin/gnu/h-i686-mingw32/bin/../lib/gcc/nios2-elf/4.7.3/../../../../../H-i686-mingw32/nios2-elf/lib\libc.a(lib_a-strcat.o)
                              obj/default/BasicWEB.o (strcat)
c:/altera/13.1/nios2eds/bin/gnu/h-i686-mingw32/bin/../lib/gcc/nios2-elf/4.7.3/../../../../../H-i686-mingw32/nios2-elf/lib\libc.a(lib_a-strcpy.o)
                              c:/altera/13.1/nios2eds/bin/gnu/h-i686-mingw32/bin/../lib/gcc/nios2-elf/4.7.3/../../../../../H-i686-mingw32/nios2-elf/lib\libc.a(lib_a-strcat.o) (strcpy)
c:/altera/13.1/nios2eds/bin/gnu/h-i686-mingw32/bin/../lib/gcc/nios2-elf/4.7.3/../../../../../H-i686-mingw32/nios2-elf/lib\libc.a(lib_a-strerror.o)
                              c:/altera/13.1/nios2eds/bin/gnu/h-i686-mingw32/bin/../lib/gcc/nios2-elf/4.7.3/../../../../../H-i686-mingw32/nios2-elf/lib\libc.a(lib_a-perror.o) (strerror)
c:/altera/13.1/nios2eds/bin/gnu/h-i686-mingw32/bin/../lib/gcc/nios2-elf/4.7.3/../../../../../H-i686-mingw32/nios2-elf/lib\libc.a(lib_a-strlen.o)
                              obj/default/BasicWEB.o (strlen)
c:/altera/13.1/nios2eds/bin/gnu/h-i686-mingw32/bin/../lib/gcc/nios2-elf/4.7.3/../../../../../H-i686-mingw32/nios2-elf/lib\libc.a(lib_a-strncmp.o)
                              obj/default/BasicWEB.o (strncmp)
c:/altera/13.1/nios2eds/bin/gnu/h-i686-mingw32/bin/../lib/gcc/nios2-elf/4.7.3/../../../../../H-i686-mingw32/nios2-elf/lib\libc.a(lib_a-u_strerr.o)
                              c:/altera/13.1/nios2eds/bin/gnu/h-i686-mingw32/bin/../lib/gcc/nios2-elf/4.7.3/../../../../../H-i686-mingw32/nios2-elf/lib\libc.a(lib_a-strerror.o) (_user_strerror)
c:/altera/13.1/nios2eds/bin/gnu/h-i686-mingw32/bin/../lib/gcc/nios2-elf/4.7.3/../../../../../H-i686-mingw32/nios2-elf/lib\libc.a(lib_a-vfprintf.o)
                              c:/altera/13.1/nios2eds/bin/gnu/h-i686-mingw32/bin/../lib/gcc/nios2-elf/4.7.3/../../../../../H-i686-mingw32/nios2-elf/lib\libc.a(lib_a-printf.o) (___vfprintf_internal_r)
c:/altera/13.1/nios2eds/bin/gnu/h-i686-mingw32/bin/../lib/gcc/nios2-elf/4.7.3/../../../../../H-i686-mingw32/nios2-elf/lib\libc.a(lib_a-wsetup.o)
                              c:/altera/13.1/nios2eds/bin/gnu/h-i686-mingw32/bin/../lib/gcc/nios2-elf/4.7.3/../../../../../H-i686-mingw32/nios2-elf/lib\libc.a(lib_a-vfprintf.o) (__swsetup_r)
c:/altera/13.1/nios2eds/bin/gnu/h-i686-mingw32/bin/../lib/gcc/nios2-elf/4.7.3/../../../../../H-i686-mingw32/nios2-elf/lib\libc.a(lib_a-dtoa.o)
                              c:/altera/13.1/nios2eds/bin/gnu/h-i686-mingw32/bin/../lib/gcc/nios2-elf/4.7.3/../../../../../H-i686-mingw32/nios2-elf/lib\libc.a(lib_a-vfprintf.o) (_dtoa_r)
c:/altera/13.1/nios2eds/bin/gnu/h-i686-mingw32/bin/../lib/gcc/nios2-elf/4.7.3/../../../../../H-i686-mingw32/nios2-elf/lib\libc.a(lib_a-fflush.o)
                              c:/altera/13.1/nios2eds/bin/gnu/h-i686-mingw32/bin/../lib/gcc/nios2-elf/4.7.3/../../../../../H-i686-mingw32/nios2-elf/lib\libc.a(lib_a-vfprintf.o) (_fflush_r)
c:/altera/13.1/nios2eds/bin/gnu/h-i686-mingw32/bin/../lib/gcc/nios2-elf/4.7.3/../../../../../H-i686-mingw32/nios2-elf/lib\libc.a(lib_a-findfp.o)
                              c:/altera/13.1/nios2eds/bin/gnu/h-i686-mingw32/bin/../lib/gcc/nios2-elf/4.7.3/../../../../../H-i686-mingw32/nios2-elf/lib\libc.a(lib_a-vfprintf.o) (__sinit)
c:/altera/13.1/nios2eds/bin/gnu/h-i686-mingw32/bin/../lib/gcc/nios2-elf/4.7.3/../../../../../H-i686-mingw32/nios2-elf/lib\libc.a(lib_a-fputc.o)
                              c:/altera/13.1/nios2eds/bin/gnu/h-i686-mingw32/bin/../lib/gcc/nios2-elf/4.7.3/../../../../../H-i686-mingw32/nios2-elf/lib\libc.a(lib_a-perror.o) (fputc)
[...]
Memory Configuration

Name             Origin             Length             Attributes
sdram_BEFORE_EXCEPTION 0x00000000         0x00000020
sdram            0x00000020         0x01ffffe0
descriptor_memory 0x02001000         0x00001000
cfi_flash        0x04000000         0x00800000
reset            0x05000000         0x00000020
sram             0x05000020         0x001fffe0
onchip_memory2   0x0a000000         0x00020000
*default*        0x00000000         0xffffffff

Linker script and memory map

LOAD ../FreeLwIP_bsp//obj/HAL/src/crt0.o
LOAD obj/default/BasicWEB.o
LOAD obj/default/BlockQ.o
LOAD obj/default/GenQTest.o
LOAD obj/default/PollQ.o
LOAD obj/default/QPeek.o
LOAD obj/default/blocktim.o
LOAD obj/default/countsem.o
LOAD obj/default/death.o
LOAD obj/default/dynamic.o
LOAD obj/default/echo_server.o
LOAD obj/default/ethernet.o
LOAD obj/default/integer.o
LOAD obj/default/main.o
LOAD obj/default/recmutex.o
LOAD obj/default/semtest.o
LOAD c:/altera/13.1/nios2eds/bin/gnu/h-i686-mingw32/bin/../lib/gcc/nios2-elf/4.7.3/../../../../../H-i686-mingw32/nios2-elf/lib\libstdc++.a
LOAD c:/altera/13.1/nios2eds/bin/gnu/h-i686-mingw32/bin/../lib/gcc/nios2-elf/4.7.3/../../../../../H-i686-mingw32/nios2-elf/lib\libm.a
LOAD c:/altera/13.1/nios2eds/bin/gnu/h-i686-mingw32/bin/../lib/gcc/nios2-elf/4.7.3\libgcc.a
START GROUP
LOAD c:/altera/13.1/nios2eds/bin/gnu/h-i686-mingw32/bin/../lib/gcc/nios2-elf/4.7.3/../../../../../H-i686-mingw32/nios2-elf/lib\libc.a
LOAD c:/altera/13.1/nios2eds/bin/gnu/h-i686-mingw32/bin/../lib/gcc/nios2-elf/4.7.3\libgcc.a
LOAD ../FreeLwIP_bsp/\libfreertos_bsp.a
END GROUP
LOAD c:/altera/13.1/nios2eds/bin/gnu/h-i686-mingw32/bin/../lib/gcc/nios2-elf/4.7.3\libgcc.a
                0x00000000                __alt_mem_sdram = 0x0
                0x02001000                __alt_mem_descriptor_memory = 0x2001000
                0x04000000                __alt_mem_cfi_flash = 0x4000000
                0x05000000                __alt_mem_sram = 0x5000000
                0x0a000000                __alt_mem_onchip_memory2 = 0xa000000

.entry          0x05000000       0x20
 *(.entry)
 .entry         0x05000000       0x20 ../FreeLwIP_bsp//obj/HAL/src/crt0.o
                0x05000000                __reset

.exceptions     0x00000020      0x204
                0x00000020                PROVIDE (__ram_exceptions_start, ABSOLUTE (.))
                0x00000020                . = ALIGN (0x20)
 *(.irq)
 *(.exceptions.entry.label)
 *(.exceptions.entry.user)
 *(.exceptions.entry.ecc_fatal)
 *(.exceptions.entry)
 .exceptions.entry
                0x00000020       0xa0 ../FreeLwIP_bsp/\libfreertos_bsp.a(port_asm.o)
 *(.exceptions.irqtest.user)
 *(.exceptions.irqtest)
 .exceptions.irqtest
                0x000000c0       0x14 ../FreeLwIP_bsp/\libfreertos_bsp.a(port_asm.o)
 *(.exceptions.irqhandler.user)
 *(.exceptions.irqhandler)
 .exceptions.irqhandler
                0x000000d4        0x4 ../FreeLwIP_bsp/\libfreertos_bsp.a(port_asm.o)
 *(.exceptions.irqreturn.user)
 *(.exceptions.irqreturn)
 .exceptions.irqreturn
                0x000000d8       0xa0 ../FreeLwIP_bsp/\libfreertos_bsp.a(port_asm.o)
                0x000000d8                restore_sp_from_pxCurrentTCB
 *(.exceptions.notirq.label)
 *(.exceptions.notirq.user)
 *(.exceptions.notirq)
 *(.exceptions.soft.user)
 *(.exceptions.soft)
 .exceptions.soft
                0x00000178       0x38 ../FreeLwIP_bsp/\libfreertos_bsp.a(port_asm.o)
 *(.exceptions.unknown.user)
 *(.exceptions.unknown)
 *(.exceptions.exit.label)
 *(.exceptions.exit.user)
 *(.exceptions.exit)
 *(.exceptions)
 .exceptions    0x000001b0       0x74 ../FreeLwIP_bsp/\libfreertos_bsp.a(alt_instruction_exception_entry.o)
                0x000001b0                alt_instruction_exception_entry
                0x00000224                PROVIDE (__ram_exceptions_end, ABSOLUTE (.))
                0x00000020                PROVIDE (__flash_exceptions_start, LOADADDR (.exceptions))

.text           0x00000224    0x3f58c
                0x00000224                PROVIDE (stext, ABSOLUTE (.))
 *(.interp)
 *(.hash)
 *(.dynsym)
 *(.dynstr)
 *(.gnu.version)
 *(.gnu.version_d)
 *(.gnu.version_r)
 *(.rel.init)
 *(.rela.init)
 *(.rel.text .rel.text.* .rel.gnu.linkonce.t.*)
 *(.rela.text .rela.text.* .rela.gnu.linkonce.t.*)
 *(.rel.fini)
 *(.rela.fini)
 *(.rel.rodata .rel.rodata.* .rel.gnu.linkonce.r.*)
 *(.rela.rodata .rela.rodata.* .rela.gnu.linkonce.r.*)
 *(.rel.data .rel.data.* .rel.gnu.linkonce.d.*)
 *(.rela.data .rela.data.* .rela.gnu.linkonce.d.*)
 *(.rel.tdata .rel.tdata.* .rel.gnu.linkonce.td.*)
 *(.rela.tdata .rela.tdata.* .rela.gnu.linkonce.td.*)
 *(.rel.tbss .rel.tbss.* .rel.gnu.linkonce.tb.*)
 *(.rela.tbss .rela.tbss.* .rela.gnu.linkonce.tb.*)
 *(.rel.ctors)
 *(.rela.ctors)
 *(.rel.dtors)
 *(.rela.dtors)
 *(.rel.got)
 *(.rela.got)
 *(.rel.sdata .rel.sdata.* .rel.gnu.linkonce.s.*)
 *(.rela.sdata .rela.sdata.* .rela.gnu.linkonce.s.*)
 *(.rel.sbss .rel.sbss.* .rel.gnu.linkonce.sb.*)
 *(.rela.sbss .rela.sbss.* .rela.gnu.linkonce.sb.*)
 *(.rel.sdata2 .rel.sdata2.* .rel.gnu.linkonce.s2.*)
 *(.rela.sdata2 .rela.sdata2.* .rela.gnu.linkonce.s2.*)
 *(.rel.sbss2 .rel.sbss2.* .rel.gnu.linkonce.sb2.*)
 *(.rela.sbss2 .rela.sbss2.* .rela.gnu.linkonce.sb2.*)
 *(.rel.bss .rel.bss.* .rel.gnu.linkonce.b.*)
 *(.rela.bss .rela.bss.* .rela.gnu.linkonce.b.*)
 *(.rel.plt)
 *(.rela.plt)
 *(.rel.dyn)
 *(.init)
 *(.plt)
 *(.text .stub .text.* .gnu.linkonce.t.*)
 .text          0x00000224       0x7c ../FreeLwIP_bsp//obj/HAL/src/crt0.o
                0x00000224                _start
 .text          0x000002a0      0x260 obj/default/BasicWEB.o
                0x000002a0                vBasicWEBServer
 .text          0x00000500      0x50c obj/default/BlockQ.o
                0x00000500                vStartBlockingQueueTasks
                0x000008e4                xAreBlockingQueuesStillRunning
 .text          0x00000a0c      0x79c obj/default/GenQTest.o
                0x00000a0c                vStartGenericQueueTasks
                0x00001148                xAreGenericQueueTasksStillRunning
 .text          0x000011a8      0x260 obj/default/PollQ.o
                0x000011a8                vStartPolledQueueTasks
                0x000013c0                xArePollingQueuesStillRunning
 .text          0x00001408      0x568 obj/default/QPeek.o
                0x00001408                vStartQueuePeekTasks
                0x0000192c                xAreQueuePeekTasksStillRunning
 .text          0x00001970      0x648 obj/default/blocktim.o
                0x00001970                vCreateBlockTimeTasks
                0x00001f50                xAreBlockTimeTestTasksStillRunning
 .text          0x00001fb8      0x3dc obj/default/countsem.o
                0x00001fb8                vStartCountingSemaphoreTasks
                0x00002308                xAreCountingSemaphoreTasksStillRunning
 .text          0x00002394      0x254 obj/default/death.o
                0x00002394                vCreateSuicidalTasks
                0x00002560                xIsCreateTaskStillRunning
 .text          0x000025e8      0x404 obj/default/dynamic.o
                0x000025e8                vStartDynamicPriorityTasks
                0x00002984                xAreDynamicPriorityTasksStillRunning
 .text          0x000029ec      0x1d4 obj/default/echo_server.o
                0x000029ec                prvMySocketTest
 .text          0x00002bc0      0x5a8 obj/default/ethernet.o
                0x00002c20                InitNetwork
                0x00002e3c                xEthernetRun
                0x00002eec                get_mac_addr
                0x00003008                get_ip_addr
                0x000030c4                get_hostname
                0x000030fc                get_iface_name
                0x00003144                is_interface_active
 .text          0x00003168      0x1ac obj/default/integer.o
                0x00003168                vStartIntegerMathTasks
                0x00003298                xAreIntegerMathsTaskStillRunning
 .text          0x00003314      0x6c8 obj/default/main.o
                0x00003314                main
                0x00003430                vApplicationStackOverflowHook
                0x0000346c                vApplicationMallocFailedHook
                0x0000349c                _general_exception_handler
 .text          0x000039dc      0x3c8 obj/default/recmutex.o
                0x000039dc                vStartRecursiveMutexTasks
                0x00003d08                xAreRecursiveMutexTasksStillRunning
 .text          0x00003da4      0x44c obj/default/semtest.o
                0x00003da4                vStartSemaphoreTasks
                0x00004138                xAreSemaphoreTasksStillRunning
 .text          0x000041f0       0xf8 c:/altera/13.1/nios2eds/bin/gnu/h-i686-mingw32/bin/../lib/gcc/nios2-elf/4.7.3/../../../../../H-i686-mingw32/nios2-elf/lib\libc.a(lib_a-memcpy.o)
                0x000041f0                memcpy
 .text          0x000042e8       0xdc c:/altera/13.1/nios2eds/bin/gnu/h-i686-mingw32/bin/../lib/gcc/nios2-elf/4.7.3/../../../../../H-i686-mingw32/nios2-elf/lib\libc.a(lib_a-memset.o)
                0x000042e8                memset
 .text          0x000043c4       0x84 c:/altera/13.1/nios2eds/bin/gnu/h-i686-mingw32/bin/../lib/gcc/nios2-elf/4.7.3/../../../../../H-i686-mingw32/nios2-elf/lib\libc.a(lib_a-perror.o)
                0x000043c4                _perror_r
                0x00004434                perror
 .text          0x00004448       0x68 c:/altera/13.1/nios2eds/bin/gnu/h-i686-mingw32/bin/../lib/gcc/nios2-elf/4.7.3/../../../../../H-i686-mingw32/nios2-elf/lib\libc.a(lib_a-printf.o)
                0x00004448                _printf_r
                0x00004474                printf
 .text          0x000044b0       0x98 c:/altera/13.1/nios2eds/bin/gnu/h-i686-mingw32/bin/../lib/gcc/nios2-elf/4.7.3/../../../../../H-i686-mingw32/nios2-elf/lib\libc.a(lib_a-puts.o)
                0x000044b0                _puts_r
                0x00004534                puts
 .text          0x00004548       0xc4 c:/altera/13.1/nios2eds/bin/gnu/h-i686-mingw32/bin/../lib/gcc/nios2-elf/4.7.3/../../../../../H-i686-mingw32/nios2-elf/lib\libc.a(lib_a-sprintf.o)
                0x00004548                _sprintf_r
                0x000045a0                sprintf
 .text          0x0000460c       0x98 c:/altera/13.1/nios2eds/bin/gnu/h-i686-mingw32/bin/../lib/gcc/nios2-elf/4.7.3/../../../../../H-i686-mingw32/nios2-elf/lib\libc.a(lib_a-strcat.o)
                0x0000460c                strcat
 .text          0x000046a4       0x94 c:/altera/13.1/nios2eds/bin/gnu/h-i686-mingw32/bin/../lib/gcc/nios2-elf/4.7.3/../../../../../H-i686-mingw32/nios2-elf/lib\libc.a(lib_a-strcpy.o)
                0x000046a4                strcpy
 .text          0x00004738      0x664 c:/altera/13.1/nios2eds/bin/gnu/h-i686-mingw32/bin/../lib/gcc/nios2-elf/4.7.3/../../../../../H-i686-mingw32/nios2-elf/lib\libc.a(lib_a-strerror.o)
                0x00004738                strerror
 .text          0x00004d9c       0x8c c:/altera/13.1/nios2eds/bin/gnu/h-i686-mingw32/bin/../lib/gcc/nios2-elf/4.7.3/../../../../../H-i686-mingw32/nios2-elf/lib\libc.a(lib_a-strlen.o)
                0x00004d9c                strlen
 .text          0x00004e28       0xfc c:/altera/13.1/nios2eds/bin/gnu/h-i686-mingw32/bin/../lib/gcc/nios2-elf/4.7.3/../../../../../H-i686-mingw32/nios2-elf/lib\libc.a(lib_a-strncmp.o)
                0x00004e28                strncmp
 .text          0x00004f24        0x8 c:/altera/13.1/nios2eds/bin/gnu/h-i686-mingw32/bin/../lib/gcc/nios2-elf/4.7.3/../../../../../H-i686-mingw32/nios2-elf/lib\libc.a(lib_a-u_strerr.o)
                0x00004f24                _user_strerror
 .text          0x00004f2c     0x1e50 c:/altera/13.1/nios2eds/bin/gnu/h-i686-mingw32/bin/../lib/gcc/nios2-elf/4.7.3/../../../../../H-i686-mingw32/nios2-elf/lib\libc.a(lib_a-vfprintf.o)
                0x00004f60                ___vfprintf_internal_r
                0x00006d58                __vfprintf_internal
 .text          0x00006d7c      0x174 c:/altera/13.1/nios2eds/bin/gnu/h-i686-mingw32/bin/../lib/gcc/nios2-elf/4.7.3/../../../../../H-i686-mingw32/nios2-elf/lib\libc.a(lib_a-wsetup.o)
                0x00006d7c                __swsetup_r
 .text          0x00006ef0     0x1824 c:/altera/13.1/nios2eds/bin/gnu/h-i686-mingw32/bin/../lib/gcc/nios2-elf/4.7.3/../../../../../H-i686-mingw32/nios2-elf/lib\libc.a(lib_a-dtoa.o)
                0x000070f8                _dtoa_r
 .text          0x00008714      0x218 c:/altera/13.1/nios2eds/bin/gnu/h-i686-mingw32/bin/../lib/gcc/nios2-elf/4.7.3/../../../../../H-i686-mingw32/nios2-elf/lib\libc.a(lib_a-fflush.o)
                0x00008714                _fflush_r
                0x000088fc                fflush
 .text          0x0000892c      0x2d8 c:/altera/13.1/nios2eds/bin/gnu/h-i686-mingw32/bin/../lib/gcc/nios2-elf/4.7.3/../../../../../H-i686-mingw32/nios2-elf/lib\libc.a(lib_a-findfp.o)
                0x0000893c                _cleanup_r
                0x00008948                __sfmoreglue
                0x000089ac                _cleanup
                0x000089bc                __sinit
                0x00008ac8                __sfp
                0x00008bc4                __sfp_lock_acquire
                0x00008bc8                __sfp_lock_release
                0x00008bcc                __sinit_lock_acquire
                0x00008bd0                __sinit_lock_release
                0x00008bd4                __fp_lock_all
                0x00008bec                __fp_unlock_all
 .text          0x00008c04       0xa4 c:/altera/13.1/nios2eds/bin/gnu/h-i686-mingw32/bin/../lib/gcc/nios2-elf/4.7.3/../../../../../H-i686-mingw32/nios2-elf/lib\libc.a(lib_a-fputc.o)
                0x00008c04                _fputc_r
                0x00008c48                fputc
 .text          0x00008ca8       0x90 c:/altera/13.1/nios2eds/bin/gnu/h-i686-mingw32/bin/../lib/gcc/nios2-elf/4.7.3/../../../../../H-i686-mingw32/nios2-elf/lib\libc.a(lib_a-fputs.o)
                0x00008ca8                _fputs_r
                0x00008d1c                fputs
 .text          0x00008d38      0x40c c:/altera/13.1/nios2eds/bin/gnu/h-i686-mingw32/bin/../lib/gcc/nios2-elf/4.7.3/../../../../../H-i686-mingw32/nios2-elf/lib\libc.a(lib_a-freer.o)
                0x00008d38                _malloc_trim_r
                0x00008e74                _free_r
 .text          0x00009144      0x4e4 c:/altera/13.1/nios2eds/bin/gnu/h-i686-mingw32/bin/../lib/gcc/nios2-elf/4.7.3/../../../../../H-i686-mingw32/nios2-elf/lib\libc.a(lib_a-fvwrite.o)
                0x00009144                __sfvwrite_r
 .text          0x00009628      0x160 c:/altera/13.1/nios2eds/bin/gnu/h-i686-mingw32/bin/../lib/gcc/nios2-elf/4.7.3/../../../../../H-i686-mingw32/nios2-elf/lib\libc.a(lib_a-fwalk.o)
                0x00009628                _fwalk
                0x000096d0                _fwalk_reent
 .text          0x00009788        0x0 c:/altera/13.1/nios2eds/bin/gnu/h-i686-mingw32/bin/../lib/gcc/nios2-elf/4.7.3/../../../../../H-i686-mingw32/nios2-elf/lib\libc.a(lib_a-impure.o)
 .text          0x00009788       0xdc c:/altera/13.1/nios2eds/bin/gnu/h-i686-mingw32/bin/../lib/gcc/nios2-elf/4.7.3/../../../../../H-i686-mingw32/nios2-elf/lib\libc.a(lib_a-locale.o)
                0x00009788                _setlocale_r
                0x00009824                __locale_charset
                0x00009830                _localeconv_r
                0x0000983c                setlocale
                0x00009858                localeconv
 .text          0x00009864      0x1a8 c:/altera/13.1/nios2eds/bin/gnu/h-i686-mingw32/bin/../lib/gcc/nios2-elf/4.7.3/../../../../../H-i686-mingw32/nios2-elf/lib\libc.a(lib_a-makebuf.o)
                0x00009864                __smakebuf_r
 .text          0x00009a0c      0x784 c:/altera/13.1/nios2eds/bin/gnu/h-i686-mingw32/bin/../lib/gcc/nios2-elf/4.7.3/../../../../../H-i686-mingw32/nios2-elf/lib\libc.a(lib_a-mallocr.o)
                0x00009a0c                _malloc_r
 .text          0x0000a190       0xf8 c:/altera/13.1/nios2eds/bin/gnu/h-i686-mingw32/bin/../lib/gcc/nios2-elf/4.7.3/../../../../../H-i686-mingw32/nios2-elf/lib\libc.a(lib_a-memchr.o)
                0x0000a190                memchr
 .text          0x0000a288      0x128 c:/altera/13.1/nios2eds/bin/gnu/h-i686-mingw32/bin/../lib/gcc/nios2-elf/4.7.3/../../../../../H-i686-mingw32/nios2-elf/lib\libc.a(lib_a-memmove.o)
                0x0000a288                memmove
 .text          0x0000a3b0      0xfa8 c:/altera/13.1/nios2eds/bin/gnu/h-i686-mingw32/bin/../lib/gcc/nios2-elf/4.7.3/../../../../../H-i686-mingw32/nios2-elf/lib\libc.a(lib_a-mprec.o)
                0x0000a3b0                _Balloc
                0x0000a458                _Bfree
                0x0000a480                __multadd
                0x0000a594                __s2b
                0x0000a698                __hi0bits
                0x0000a700                __lo0bits
                0x0000a7b0                __i2b
                0x0000a7ec                __multiply
                0x0000a9cc                __pow5mult
                0x0000aaf8                __lshift
                0x0000ac54                __mcmp
                0x0000acac                __mdiff
                0x0000ae54                __ulp
                0x0000aeb4                __b2d
                0x0000affc                __d2b
                0x0000b140                __ratio
                0x0000b1e4                _mprec_log10
                0x0000b258                __copybits
                0x0000b2d4                __any_on
 .text          0x0000b358      0x1ac c:/altera/13.1/nios2eds/bin/gnu/h-i686-mingw32/bin/../lib/gcc/nios2-elf/4.7.3/../../../../../H-i686-mingw32/nios2-elf/lib\libc.a(lib_a-putc.o)
                0x0000b358                _putc_r
                0x0000b414                putc
 .text          0x0000b504      0x5fc c:/altera/13.1/nios2eds/bin/gnu/h-i686-mingw32/bin/../lib/gcc/nios2-elf/4.7.3/../../../../../H-i686-mingw32/nios2-elf/lib\libc.a(lib_a-reallocr.o)
                0x0000b504                _realloc_r
 .text          0x0000bb00       0x38 c:/altera/13.1/nios2eds/bin/gnu/h-i686-mingw32/bin/../lib/gcc/nios2-elf/4.7.3/../../../../../H-i686-mingw32/nios2-elf/lib\libc.a(lib_a-s_isinfd.o)
                0x0000bb00                __isinfd
 .text          0x0000bb38       0x2c c:/altera/13.1/nios2eds/bin/gnu/h-i686-mingw32/bin/../lib/gcc/nios2-elf/4.7.3/../../../../../H-i686-mingw32/nios2-elf/lib\libc.a(lib_a-s_isnand.o)
                0x0000bb38                __isnand
 .text          0x0000bb64       0x64 c:/altera/13.1/nios2eds/bin/gnu/h-i686-mingw32/bin/../lib/gcc/nios2-elf/4.7.3/../../../../../H-i686-mingw32/nios2-elf/lib\libc.a(lib_a-sbrkr.o)
                0x0000bb64                _sbrk_r
 .text          0x0000bbc8      0x140 c:/altera/13.1/nios2eds/bin/gnu/h-i686-mingw32/bin/../lib/gcc/nios2-elf/4.7.3/../../../../../H-i686-mingw32/nios2-elf/lib\libc.a(lib_a-stdio.o)
                0x0000bbc8                __sread
                0x0000bc1c                __swrite
                0x0000bca4                __sseek
                0x0000bd00                __sclose
 .text          0x0000bd08       0xa4 c:/altera/13.1/nios2eds/bin/gnu/h-i686-mingw32/bin/../lib/gcc/nios2-elf/4.7.3/../../../../../H-i686-mingw32/nios2-elf/lib\libc.a(lib_a-strcmp.o)
                0x0000bd08                strcmp
 .text          0x0000bdac      0x158 c:/altera/13.1/nios2eds/bin/gnu/h-i686-mingw32/bin/../lib/gcc/nios2-elf/4.7.3/../../../../../H-i686-mingw32/nios2-elf/lib\libc.a(lib_a-wbuf.o)
                0x0000bdac                __swbuf_r
                0x0000bee8                __swbuf
 .text          0x0000bf04       0x6c c:/altera/13.1/nios2eds/bin/gnu/h-i686-mingw32/bin/../lib/gcc/nios2-elf/4.7.3/../../../../../H-i686-mingw32/nios2-elf/lib\libc.a(lib_a-writer.o)
                0x0000bf04                _write_r
 .text          0x0000bf70       0xbc c:/altera/13.1/nios2eds/bin/gnu/h-i686-mingw32/bin/../lib/gcc/nios2-elf/4.7.3/../../../../../H-i686-mingw32/nios2-elf/lib\libc.a(lib_a-callocr.o)
                0x0000bf70                _calloc_r
 .text          0x0000c02c       0x64 c:/altera/13.1/nios2eds/bin/gnu/h-i686-mingw32/bin/../lib/gcc/nios2-elf/4.7.3/../../../../../H-i686-mingw32/nios2-elf/lib\libc.a(lib_a-closer.o)
                0x0000c02c                _close_r
 .text          0x0000c090      0x150 c:/altera/13.1/nios2eds/bin/gnu/h-i686-mingw32/bin/../lib/gcc/nios2-elf/4.7.3/../../../../../H-i686-mingw32/nios2-elf/lib\libc.a(lib_a-fclose.o)
                0x0000c090                _fclose_r
                0x0000c1cc                fclose
 .text          0x0000c1e0       0x68 c:/altera/13.1/nios2eds/bin/gnu/h-i686-mingw32/bin/../lib/gcc/nios2-elf/4.7.3/../../../../../H-i686-mingw32/nios2-elf/lib\libc.a(lib_a-fstatr.o)
                0x0000c1e0                _fstat_r
 .text          0x0000c248        0x0 c:/altera/13.1/nios2eds/bin/gnu/h-i686-mingw32/bin/../lib/gcc/nios2-elf/4.7.3/../../../../../H-i686-mingw32/nios2-elf/lib\libc.a(lib_a-int_errno.o)
 .text          0x0000c248       0x64 c:/altera/13.1/nios2eds/bin/gnu/h-i686-mingw32/bin/../lib/gcc/nios2-elf/4.7.3/../../../../../H-i686-mingw32/nios2-elf/lib\libc.a(lib_a-isattyr.o)
                0x0000c248                _isatty_r
 .text          0x0000c2ac       0x6c c:/altera/13.1/nios2eds/bin/gnu/h-i686-mingw32/bin/../lib/gcc/nios2-elf/4.7.3/../../../../../H-i686-mingw32/nios2-elf/lib\libc.a(lib_a-lseekr.o)
                0x0000c2ac                _lseek_r
 .text          0x0000c318       0x6c c:/altera/13.1/nios2eds/bin/gnu/h-i686-mingw32/bin/../lib/gcc/nios2-elf/4.7.3/../../../../../H-i686-mingw32/nios2-elf/lib\libc.a(lib_a-readr.o)
                0x0000c318                _read_r
 .text          0x0000c384      0x5c8 c:/altera/13.1/nios2eds/bin/gnu/h-i686-mingw32/bin/../lib/gcc/nios2-elf/4.7.3\libgcc.a(_udivdi3.o)
                0x0000c384                __udivdi3
 .text          0x0000c94c      0x58c c:/altera/13.1/nios2eds/bin/gnu/h-i686-mingw32/bin/../lib/gcc/nios2-elf/4.7.3\libgcc.a(_umoddi3.o)
                0x0000c94c                __umoddi3
 .text          0x0000ced8      0x408 c:/altera/13.1/nios2eds/bin/gnu/h-i686-mingw32/bin/../lib/gcc/nios2-elf/4.7.3\libgcc.a(_addsub_df.o)
                0x0000d22c                __adddf3
                0x0000d280                __subdf3
 .text          0x0000d2e0      0x2e4 c:/altera/13.1/nios2eds/bin/gnu/h-i686-mingw32/bin/../lib/gcc/nios2-elf/4.7.3\libgcc.a(_mul_df.o)
                0x0000d2e0                __muldf3
 .text          0x0000d5c4      0x1b4 c:/altera/13.1/nios2eds/bin/gnu/h-i686-mingw32/bin/../lib/gcc/nios2-elf/4.7.3\libgcc.a(_div_df.o)
                0x0000d5c4                __divdf3
 .text          0x0000d778       0x5c c:/altera/13.1/nios2eds/bin/gnu/h-i686-mingw32/bin/../lib/gcc/nios2-elf/4.7.3\libgcc.a(_eq_df.o)
                0x0000d778                __eqdf2
 .text          0x0000d7d4       0x5c c:/altera/13.1/nios2eds/bin/gnu/h-i686-mingw32/bin/../lib/gcc/nios2-elf/4.7.3\libgcc.a(_ne_df.o)
                0x0000d7d4                __nedf2
 .text          0x0000d830       0x64 c:/altera/13.1/nios2eds/bin/gnu/h-i686-mingw32/bin/../lib/gcc/nios2-elf/4.7.3\libgcc.a(_gt_df.o)
                0x0000d830                __gtdf2
 .text          0x0000d894       0x64 c:/altera/13.1/nios2eds/bin/gnu/h-i686-mingw32/bin/../lib/gcc/nios2-elf/4.7.3\libgcc.a(_ge_df.o)
                0x0000d894                __gedf2
 .text          0x0000d8f8       0x5c c:/altera/13.1/nios2eds/bin/gnu/h-i686-mingw32/bin/../lib/gcc/nios2-elf/4.7.3\libgcc.a(_lt_df.o)
                0x0000d8f8                __ltdf2
 .text          0x0000d954       0xd4 c:/altera/13.1/nios2eds/bin/gnu/h-i686-mingw32/bin/../lib/gcc/nios2-elf/4.7.3\libgcc.a(_si_to_df.o)
                0x0000d954                __floatsidf
 .text          0x0000da28       0xd4 c:/altera/13.1/nios2eds/bin/gnu/h-i686-mingw32/bin/../lib/gcc/nios2-elf/4.7.3\libgcc.a(_df_to_si.o)
                0x0000da28                __fixdfsi
 .text          0x0000dafc        0x0 c:/altera/13.1/nios2eds/bin/gnu/h-i686-mingw32/bin/../lib/gcc/nios2-elf/4.7.3\libgcc.a(_thenan_df.o)
 .text          0x0000dafc      0x11c c:/altera/13.1/nios2eds/bin/gnu/h-i686-mingw32/bin/../lib/gcc/nios2-elf/4.7.3\libgcc.a(_usi_to_df.o)
                0x0000dafc                __floatunsidf
 .text          0x0000dc18      0x130 c:/altera/13.1/nios2eds/bin/gnu/h-i686-mingw32/bin/../lib/gcc/nios2-elf/4.7.3\libgcc.a(lib2-divmod.o)
                0x0000dc8c                __divsi3
                0x0000dcdc                __modsi3
                0x0000dd38                __udivsi3
                0x0000dd40                __umodsi3
 .text          0x0000dd48       0x60 c:/altera/13.1/nios2eds/bin/gnu/h-i686-mingw32/bin/../lib/gcc/nios2-elf/4.7.3\libgcc.a(_muldi3.o)
                0x0000dd48                __muldi3
 .text          0x0000dda8        0x0 c:/altera/13.1/nios2eds/bin/gnu/h-i686-mingw32/bin/../lib/gcc/nios2-elf/4.7.3\libgcc.a(_clz.o)
 .text          0x0000dda8       0xac c:/altera/13.1/nios2eds/bin/gnu/h-i686-mingw32/bin/../lib/gcc/nios2-elf/4.7.3\libgcc.a(_clzsi2.o)
                0x0000dda8                __clzsi2
 .text          0x0000de54      0x224 c:/altera/13.1/nios2eds/bin/gnu/h-i686-mingw32/bin/../lib/gcc/nios2-elf/4.7.3\libgcc.a(_pack_df.o)
                0x0000de54                __pack_d
 .text          0x0000e078      0x104 c:/altera/13.1/nios2eds/bin/gnu/h-i686-mingw32/bin/../lib/gcc/nios2-elf/4.7.3\libgcc.a(_unpack_df.o)
                0x0000e078                __unpack_d
 .text          0x0000e17c       0xd0 c:/altera/13.1/nios2eds/bin/gnu/h-i686-mingw32/bin/../lib/gcc/nios2-elf/4.7.3\libgcc.a(_fpcmp_parts_df.o)
                0x0000e17c                __fpcmp_parts_d
 .text          0x0000e24c       0x44 c:/altera/13.1/nios2eds/bin/gnu/h-i686-mingw32/bin/../lib/gcc/nios2-elf/4.7.3\libgcc.a(_lshrdi3.o)
                0x0000e24c                __lshrdi3
 .text          0x0000e290       0x44 c:/altera/13.1/nios2eds/bin/gnu/h-i686-mingw32/bin/../lib/gcc/nios2-elf/4.7.3\libgcc.a(_ashldi3.o)
                0x0000e290                __ashldi3
 .text          0x0000e2d4      0x120 ../FreeLwIP_bsp/\libfreertos_bsp.a(alt_main.o)
                0x0000e2d4                pre_constructors
                0x0000e2f0                post_constructors
                0x0000e30c                alt_main
 .text          0x0000e3f4       0xa4 ../FreeLwIP_bsp/\libfreertos_bsp.a(alt_malloc_lock.o)
                0x0000e3f4                __malloc_lock
                0x0000e454                __malloc_unlock
 .text          0x0000e498       0x80 ../FreeLwIP_bsp/\libfreertos_bsp.a(heap_3.o)
                0x0000e498                pvPortMalloc
                0x0000e4d8                vPortFree
 .text          0x0000e518      0xffc ../FreeLwIP_bsp/\libfreertos_bsp.a(queue.o)
                0x0000e518                xQueueGenericReset
                0x0000e638                xQueueGenericCreate
                0x0000e704                xQueueCreateMutex
                0x0000e7dc                xQueueGiveMutexRecursive
                0x0000e864                xQueueTakeMutexRecursive
                0x0000e904                xQueueCreateCountingSemaphore
                0x0000e95c                xQueueGenericSend
                0x0000eb0c                xQueueGenericSendFromISR
                0x0000ebd8                xQueueGenericReceive
                0x0000ee24                xQueueReceiveFromISR
                0x0000eef4                uxQueueMessagesWaiting
                0x0000ef44                uxQueueMessagesWaitingFromISR
                0x0000ef74                vQueueDelete
                0x0000efb4                ucQueueGetQueueNumber
                0x0000efdc                vQueueSetQueueNumber
                0x0000f010                ucQueueGetQueueType
                0x0000f3a0                xQueueIsQueueEmptyFromISR
                0x0000f438                xQueueIsQueueFullFromISR
                0x0000f478                vQueueWaitForMessageRestricted
 .text          0x0000f514     0x1c54 ../FreeLwIP_bsp/\libfreertos_bsp.a(tasks.o)
                0x0000f514                xTaskGenericCreate
                0x0000f704                vTaskDelete
                0x0000f7dc                vTaskDelayUntil
                0x0000f8c0                vTaskDelay
                0x0000f934                uxTaskPriorityGet
                0x0000f99c                vTaskPrioritySet
                0x0000fb30                vTaskSuspend
                0x0000fc14                xTaskIsTaskSuspended
                0x0000fc80                vTaskResume
                0x0000fd5c                xTaskResumeFromISR
                0x0000fe40                vTaskStartScheduler
                0x0000fec8                vTaskEndScheduler
                0x0000fef8                vTaskSuspendAll
                0x0000ff20                xTaskResumeAll
                0x0001006c                xTaskGetTickCount
                0x000100b4                xTaskGetTickCountFromISR
                0x000100e0                uxTaskGetNumberOfTasks
                0x00010100                vTaskList
                0x0001024c                vTaskIncrementTick
                0x000103c0                vTaskSwitchContext
                0x000104f4                vTaskPlaceOnEventList
                0x00010584                vTaskPlaceOnEventListRestricted
                0x000105ec                xTaskRemoveFromEventList
                0x000106d8                vTaskSetTimeOutState
                0x00010710                xTaskCheckForTimeOut
                0x000107f4                vTaskMissedYield
                0x00010818                uxTaskGetTaskNumber
                0x00010860                vTaskSetTaskNumber
                0x00010df4                uxTaskGetStackHighWaterMark
                0x00010e94                xTaskGetCurrentTaskHandle
                0x00010ebc                xTaskGetSchedulerState
                0x00010f08                vTaskPriorityInherit
                0x00011004                vTaskPriorityDisinherit
                0x000110d0                vTaskEnterCritical
                0x00011110                vTaskExitCritical
 .text          0x00011168      0x8dc ../FreeLwIP_bsp/\libfreertos_bsp.a(timers.o)
                0x00011168                xTimerCreateTimerTask
                0x000111d4                xTimerCreate
                0x00011280                xTimerGenericCommand
                0x000119b4                xTimerIsTimerActive
                0x00011a14                pvTimerGetTimerID
 .text          0x00011a44       0x2c ../FreeLwIP_bsp/\libfreertos_bsp.a(alt_dev.o)
 .text          0x00011a70       0x5c ../FreeLwIP_bsp/\libfreertos_bsp.a(alt_do_ctors.o)
                0x00011a70                _do_ctors
 .text          0x00011acc       0x5c ../FreeLwIP_bsp/\libfreertos_bsp.a(alt_do_dtors.o)
                0x00011acc                _do_dtors
 .text          0x00011b28       0xfc ../FreeLwIP_bsp/\libfreertos_bsp.a(alt_fstat.o)
                0x00011b78                fstat
 .text          0x00011c24      0x138 ../FreeLwIP_bsp/\libfreertos_bsp.a(alt_io_redirect.o)
                0x00011ce4                alt_io_redirect
 .text          0x00011d5c       0xf0 ../FreeLwIP_bsp/\libfreertos_bsp.a(alt_isatty.o)
                0x00011dac                isatty
 .text          0x00011e4c       0xec ../FreeLwIP_bsp/\libfreertos_bsp.a(alt_load.o)
                0x00011eb8                alt_load
 .text          0x00011f38      0x120 ../FreeLwIP_bsp/\libfreertos_bsp.a(alt_lseek.o)
                0x00011f88                lseek
 .text          0x00012058      0x270 ../FreeLwIP_bsp/\libfreertos_bsp.a(alt_open.o)
                0x00012174                open
 .text          0x000122c8       0x60 ../FreeLwIP_bsp/\libfreertos_bsp.a(alt_release_fd.o)
                0x000122c8                alt_release_fd
 .text          0x00012328      0x108 ../FreeLwIP_bsp/\libfreertos_bsp.a(alt_sbrk.o)
                0x00012328                sbrk
 .text          0x00012430      0x108 ../FreeLwIP_bsp/\libfreertos_bsp.a(alt_usleep.o)
                0x00012430                usleep
 .text          0x00012538     0x10fc ../FreeLwIP_bsp/\libfreertos_bsp.a(api_lib.o)
                0x00012538                netconn_new_with_proto_and_callback
                0x000125f4                netconn_delete
                0x00012654                netconn_getaddr
                0x00012790                netconn_bind
                0x00012868                netconn_connect
                0x00012940                netconn_disconnect
                0x000129fc                netconn_listen_with_backlog
                0x00012ac8                netconn_accept
                0x00012f44                netconn_recv_tcp_pbuf
                0x00012fb8                netconn_recv
                0x00013160                netconn_recved
                0x000131dc                netconn_sendto
                0x0001325c                netconn_send
                0x00013324                netconn_write_partly
                0x00013594                netconn_close
                0x000135c8                netconn_shutdown
 .text          0x00013634     0x2470 ../FreeLwIP_bsp/\libfreertos_bsp.a(api_msg.o)
                0x0001414c                do_newconn
                0x000141a8                netconn_alloc
                0x000142d4                netconn_free
                0x00014720                do_delconn
                0x000148f8                do_bind
                0x00014ba8                do_connect
                0x00014de0                do_disconnect
                0x00014e60                do_listen
                0x00015058                do_send
                0x00015284                do_recv
                0x00015684                do_write
                0x00015798                do_getaddr
                0x00015974                do_close
 .text          0x00015aa4      0x5d4 ../FreeLwIP_bsp/\libfreertos_bsp.a(netbuf.o)
                0x00015aa4                netbuf_new
                0x00015b18                netbuf_delete
                0x00015b88                netbuf_alloc
                0x00015c4c                netbuf_free
                0x00015cd4                netbuf_ref
                0x00015dc8                netbuf_chain
                0x00015e84                netbuf_data
                0x00015f78                netbuf_next
                0x00016014                netbuf_first
 .text          0x00016078     0x3264 ../FreeLwIP_bsp/\libfreertos_bsp.a(sockets.o)
                0x00016078                lwip_socket_init
                0x000163c0                lwip_accept
                0x000166c0                lwip_bind
                0x00016810                lwip_close
                0x0001689c                lwip_connect
                0x00016a14                lwip_listen
                0x00016b24                lwip_recvfrom
                0x00016ff8                lwip_read
                0x00017044                lwip_recv
                0x00017094                lwip_send
                0x000171d4                lwip_sendto
                0x000173c8                lwip_socket
                0x00017510                lwip_write
                0x000178e0                lwip_select
                0x00018164                lwip_shutdown
                0x000183dc                lwip_getpeername
                0x00018420                lwip_getsockname
                0x00018464                lwip_getsockopt
                0x00018b20                lwip_setsockopt
                0x000190ec                lwip_ioctl
                0x000191d0                lwip_fcntl
 .text          0x000192dc      0x6e0 ../FreeLwIP_bsp/\libfreertos_bsp.a(tcpip.o)
                0x0001949c                tcpip_input
                0x0001954c                tcpip_callback_with_block
                0x0001961c                tcpip_timeout
                0x000196b8                tcpip_untimeout
                0x00019744                tcpip_apimsg
                0x000197b4                tcpip_callbackmsg_new
                0x00019824                tcpip_callbackmsg_delete
                0x00019858                tcpip_trycallback
                0x0001989c                tcpip_init
                0x00019944                pbuf_free_callback
                0x00019980                mem_free_callback
 .text          0x000199bc       0x48 ../FreeLwIP_bsp/\libfreertos_bsp.a(alt_lwip_close.o)
                0x000199bc                close
 .text          0x00019a04       0x6c ../FreeLwIP_bsp/\libfreertos_bsp.a(alt_lwip_read.o)
                0x00019a04                read
 .text          0x00019a70       0x64 ../FreeLwIP_bsp/\libfreertos_bsp.a(alt_lwip_write.o)
                0x00019a70                write
 .text          0x00019ad4      0x9b0 ../FreeLwIP_bsp/\libfreertos_bsp.a(lwip_main.o)
                0x00019ad4                lwip_initialize
                0x00019be4                lwip_wait_for_an
                0x00019ec4                get_mac_count
                0x00019ee4                get_mac_base
                0x00019f2c                get_netif
                0x00019f70                lwip_set_status_callback
                0x00019fa4                lwip_set_link_callback
                0x00019fd8                lwip_is_interface_up
                0x0001a19c                print_ipad
                0x0001a290                lwip_initialize_phys
 .text          0x0001a484      0xcd0 ../FreeLwIP_bsp/\libfreertos_bsp.a(lwip_tse_mac.o)
                0x0001a484                tse_mac_init
                0x0001acd4                tse_sgdma_read_init
                0x0001ad7c                tse_sgdma_rx_isr
                0x0001ae10                tse_mac_raw_send
                0x0001af7c                tse_mac_rcv
 .text          0x0001b154      0x850 ../FreeLwIP_bsp/\libfreertos_bsp.a(sys_arch.o)
                0x0001b154                sys_init
                0x0001b174                sys_now
                0x0001b1bc                sys_sem_new
                0x0001b29c                sys_sem_free
                0x0001b2f0                sys_sem_signal
                0x0001b334                sys_arch_sem_wait
                0x0001b420                sys_mutex_new
                0x0001b4dc                sys_mutex_lock
                0x0001b52c                sys_mutex_unlock
                0x0001b570                sys_mutex_free
                0x0001b5c4                sys_mbox_new
                0x0001b690                sys_mbox_free
                0x0001b6fc                sys_mbox_post
                0x0001b748                sys_mbox_trypost
                0x0001b7a8                sys_arch_mbox_fetch
                0x0001b8b0                sys_arch_mbox_tryfetch
                0x0001b91c                sys_thread_new
 .text          0x0001b9a4     0x32c8 ../FreeLwIP_bsp/\libfreertos_bsp.a(dhcp.o)
                0x0001be34                dhcp_coarse_tmr
                0x0001bee8                dhcp_fine_tmr
                0x0001c43c                dhcp_set_struct
                0x0001c484                dhcp_cleanup
                0x0001c4d0                dhcp_start
                0x0001c6c0                dhcp_inform
                0x0001c86c                dhcp_network_changed
                0x0001c914                dhcp_arp_reply
                0x0001cf34                dhcp_renew
                0x0001d390                dhcp_release
                0x0001d538                dhcp_stop
 .text          0x0001ec6c       0x48 ../FreeLwIP_bsp/\libfreertos_bsp.a(init.o)
                0x0001ec6c                lwip_init
 .text          0x0001ecb4      0xd8c ../FreeLwIP_bsp/\libfreertos_bsp.a(ip.o)
                0x0001ecb4                ip_route
                0x0001edc4                ip_input
                0x0001f308                ip_output_if
                0x0001f8bc                ip_output
                0x0001f970                ip_output_hinted
 .text          0x0001fa40      0x7c0 ../FreeLwIP_bsp/\libfreertos_bsp.a(ip_addr.o)
                0x0001fa40                ip4_addr_isbroadcast
                0x0001fb0c                ip4_addr_netmask_valid
                0x0001fbd0                ipaddr_addr
                0x0001fc14                ipaddr_aton
                0x00020014                ipaddr_ntoa
                0x00020050                ipaddr_ntoa_r
 .text          0x00020200     0x167c ../FreeLwIP_bsp/\libfreertos_bsp.a(ip_frag.o)
                0x00020200                ip_reass_tmr
                0x00020d7c                ip_reass
                0x00021420                ip_frag
 .text          0x0002187c      0x994 ../FreeLwIP_bsp/\libfreertos_bsp.a(mem.o)
                0x000219a0                mem_init
                0x00021a54                mem_free
                0x00021b60                mem_trim
                0x00021e68                mem_malloc
                0x00022198                mem_calloc
 .text          0x00022210      0x460 ../FreeLwIP_bsp/\libfreertos_bsp.a(memp.o)
                0x00022210                memp_init
                0x000223cc                memp_malloc
                0x00022590                memp_free
 .text          0x00022670      0x7e0 ../FreeLwIP_bsp/\libfreertos_bsp.a(netif.o)
                0x00022670                netif_init
                0x0002268c                netif_add
                0x0002277c                netif_set_addr
                0x000227d4                netif_remove
                0x000228ac                netif_find
                0x0002298c                netif_set_ipaddr
                0x00022ac0                netif_set_gw
                0x00022b04                netif_set_netmask
                0x00022b48                netif_set_default
                0x00022b70                netif_set_up
                0x00022c1c                netif_set_down
                0x00022cac                netif_set_status_callback
                0x00022ce4                netif_set_link_up
                0x00022da4                netif_set_link_down
                0x00022e18                netif_set_link_callback
 .text          0x00022e50     0x16cc ../FreeLwIP_bsp/\libfreertos_bsp.a(pbuf.o)
                0x00022fa0                pbuf_alloc
                0x00023310                pbuf_alloced_custom
                0x00023450                pbuf_realloc
                0x000235b0                pbuf_header
                0x00023760                pbuf_free
                0x000238a4                pbuf_clen
                0x000238f0                pbuf_ref
                0x00023950                pbuf_cat
                0x00023a20                pbuf_chain
                0x00023a60                pbuf_dechain
                0x00023afc                pbuf_copy
                0x00023d58                pbuf_copy_partial
                0x00023ef4                pbuf_take
                0x00024048                pbuf_coalesce
                0x000240d4                pbuf_fill_chksum
                0x000241e0                pbuf_get_at
                0x00024290                pbuf_memcmp
                0x000243b0                pbuf_memfind
                0x00024478                pbuf_strstr
 .text          0x0002451c      0x4f0 ../FreeLwIP_bsp/\libfreertos_bsp.a(raw.o)
                0x0002451c                raw_input
                0x00024654                raw_bind
                0x0002469c                raw_connect
                0x000246e4                raw_recv
                0x00024724                raw_sendto
                0x000248ac                raw_send
                0x000248f0                raw_remove
                0x0002498c                raw_new
 .text          0x00024a0c       0x1c ../FreeLwIP_bsp/\libfreertos_bsp.a(stats.o)
                0x00024a0c                stats_init
 .text          0x00024a28     0x2470 ../FreeLwIP_bsp/\libfreertos_bsp.a(tcp.o)
                0x00024a28                tcp_init
                0x00024a44                tcp_tmr
                0x00024de4                tcp_close
                0x00024e40                tcp_shutdown
                0x00024f30                tcp_abandon
                0x0002508c                tcp_abort
                0x000250c0                tcp_bind
                0x000252c0                tcp_listen_with_backlog
                0x00025528                tcp_update_rcv_ann_wnd
                0x00025618                tcp_recved
                0x000257a4                tcp_connect
                0x00025b34                tcp_slowtmr
                0x00026260                tcp_fasttmr
                0x00026358                tcp_process_refused_data
                0x000264a8                tcp_segs_free
                0x000264f8                tcp_seg_free
                0x00026550                tcp_setprio
                0x00026584                tcp_seg_copy
                0x000265ec                tcp_recv_null
                0x000267cc                tcp_alloc
                0x000269cc                tcp_new
                0x000269f8                tcp_arg
                0x00026a28                tcp_recv
                0x00026a58                tcp_sent
                0x00026a88                tcp_err
                0x00026ab8                tcp_accept
                0x00026ae8                tcp_poll
                0x00026b2c                tcp_pcb_purge
                0x00026c98                tcp_pcb_remove
                0x00026da0                tcp_next_iss
                0x00026dd0                tcp_eff_send_mss
                0x00026e5c                tcp_debug_state_str
 .text          0x00026e98     0x4320 ../FreeLwIP_bsp/\libfreertos_bsp.a(tcp_in.o)
                0x00026e98                tcp_input
 .text          0x0002b1b8     0x349c ../FreeLwIP_bsp/\libfreertos_bsp.a(tcp_out.o)
                0x0002b520                tcp_send_fin
                0x0002bc94                tcp_write
                0x0002c55c                tcp_enqueue_flags
                0x0002c848                tcp_send_empty_ack
                0x0002c9d0                tcp_output
                0x0002da30                tcp_rst
                0x0002dd8c                tcp_rexmit_rto
                0x0002de40                tcp_rexmit
                0x0002e0e8                tcp_rexmit_fast
                0x0002e20c                tcp_keepalive
                0x0002e38c                tcp_zero_window_probe
 .text          0x0002e654      0x5c8 ../FreeLwIP_bsp/\libfreertos_bsp.a(timers.o)
                0x0002e6bc                tcp_timer_needed
                0x0002e824                sys_timeouts_init
                0x0002e898                sys_timeout
                0x0002ea14                sys_untimeout
                0x0002eb04                sys_timeouts_mbox_fetch
 .text          0x0002ec1c     0x10b4 ../FreeLwIP_bsp/\libfreertos_bsp.a(udp.o)
                0x0002ec1c                udp_init
                0x0002ece4                udp_input
                0x0002f2a0                udp_send
                0x0002f2f4                udp_send_chksum
                0x0002f368                udp_sendto
                0x0002f3c0                udp_sendto_chksum
                0x0002f478                udp_sendto_if
                0x0002f4d8                udp_sendto_if_chksum
                0x0002f8ec                udp_bind
                0x0002fa48                udp_connect
                0x0002fb50                udp_disconnect
                0x0002fb9c                udp_recv
                0x0002fbdc                udp_remove
                0x0002fc78                udp_new
 .text          0x0002fcd0     0x1a88 ../FreeLwIP_bsp/\libfreertos_bsp.a(etharp.o)
                0x0002fdcc                etharp_tmr
                0x000304e8                etharp_cleanup_netif
                0x00030588                etharp_find_addr
                0x00030bc0                etharp_output
                0x00030eac                etharp_query
                0x0003149c                etharp_request
                0x00031510                ethernet_input
 .text          0x00031758      0x188 ../FreeLwIP_bsp/\libfreertos_bsp.a(alt_sys_init.o)
                0x00031790                alt_irq_init
                0x000317d0                alt_sys_init
 .text          0x000318e0      0x894 ../FreeLwIP_bsp/\libfreertos_bsp.a(altera_avalon_cfi_flash.o)
                0x00031918                alt_flash_cfi_init
                0x000319a8                alt_flash_cfi_write
                0x00031c54                alt_flash_cfi_get_info
                0x00031ce0                alt_flash_cfi_read
                0x00031d44                alt_write_value_to_flash
                0x00031e9c                alt_flash_program_block
 .text          0x00032174     0x1430 ../FreeLwIP_bsp/\libfreertos_bsp.a(altera_avalon_cfi_flash_table.o)
                0x00032174                alt_read_query_entry_8bit
                0x000321b0                alt_read_query_entry_16bit
                0x000321f0                alt_read_query_entry_32bit
                0x00032230                alt_write_flash_command_8bit_device_8bit_mode
                0x00032274                alt_write_flash_command_16bit_device_8bit_mode
                0x000322e8                alt_write_flash_command_32bit_device_8bit_mode
                0x00032334                alt_write_flash_command_16bit_device_16bit_mode
                0x0003237c                alt_write_flash_command_32bit_device_16bit_mode
                0x000323c8                alt_write_flash_command_32bit_device_32bit_mode
                0x00032414                alt_write_native_8bit
                0x0003244c                alt_write_native_16bit
                0x00032484                alt_write_native_32bit
                0x000324b8                alt_set_flash_width_func
                0x0003267c                alt_set_flash_algorithm_func
                0x00032798                alt_read_cfi_table
                0x00032d60                alt_read_cfi_width
                0x000334d0                alt_check_primary_table
 .text          0x000335a4      0x164 ../FreeLwIP_bsp/\libfreertos_bsp.a(altera_avalon_jtag_uart_fd.o)
                0x000335a4                altera_avalon_jtag_uart_read_fd
                0x00033604                altera_avalon_jtag_uart_write_fd
                0x00033664                altera_avalon_jtag_uart_close_fd
                0x000336b4                altera_avalon_jtag_uart_ioctl_fd
 .text          0x00033708      0x450 ../FreeLwIP_bsp/\libfreertos_bsp.a(altera_avalon_jtag_uart_init.o)
                0x00033708                altera_avalon_jtag_uart_init
                0x00033af0                altera_avalon_jtag_uart_close
 .text          0x00033b58       0xf4 ../FreeLwIP_bsp/\libfreertos_bsp.a(altera_avalon_jtag_uart_ioctl.o)
                0x00033b58                altera_avalon_jtag_uart_ioctl
 .text          0x00033c4c      0x28c ../FreeLwIP_bsp/\libfreertos_bsp.a(altera_avalon_jtag_uart_read.o)
                0x00033c4c                altera_avalon_jtag_uart_read
 .text          0x00033ed8      0x298 ../FreeLwIP_bsp/\libfreertos_bsp.a(altera_avalon_jtag_uart_write.o)
                0x00033ed8                altera_avalon_jtag_uart_write
 .text          0x00034170      0xf14 ../FreeLwIP_bsp/\libfreertos_bsp.a(altera_avalon_lcd_16207.o)
                0x00034934                altera_avalon_lcd_16207_write
                0x00034f0c                altera_avalon_lcd_16207_init
 .text          0x00035084       0x60 ../FreeLwIP_bsp/\libfreertos_bsp.a(altera_avalon_lcd_16207_fd.o)
                0x00035084                altera_avalon_lcd_16207_write_fd
 .text          0x000350e4      0xd2c ../FreeLwIP_bsp/\libfreertos_bsp.a(altera_avalon_sgdma.o)
                0x00035134                alt_avalon_sgdma_do_async_transfer
                0x00035258                alt_avalon_sgdma_do_sync_transfer
                0x00035368                alt_avalon_sgdma_construct_mem_to_mem_desc
                0x000353d8                alt_avalon_sgdma_construct_mem_to_mem_desc_burst
                0x00035458                alt_avalon_sgdma_construct_stream_to_mem_desc
                0x000354b4                alt_avalon_sgdma_construct_stream_to_mem_desc_burst
                0x00035528                alt_avalon_sgdma_construct_mem_to_stream_desc
                0x000355a4                alt_avalon_sgdma_construct_mem_to_stream_desc_burst
                0x0003562c                alt_avalon_sgdma_register_callback
                0x0003567c                alt_avalon_sgdma_start
                0x000356d0                alt_avalon_sgdma_stop
                0x00035728                alt_avalon_sgdma_check_descriptor_status
                0x0003578c                alt_avalon_sgdma_open
                0x000357dc                alt_avalon_sgdma_construct_descriptor
                0x00035864                alt_avalon_sgdma_enable_desc_poll
                0x000358e4                alt_avalon_sgdma_disable_desc_poll
                0x00035944                alt_avalon_sgdma_construct_descriptor_burst
                0x00035d6c                alt_avalon_sgdma_init
 .text          0x00035e10      0x128 ../FreeLwIP_bsp/\libfreertos_bsp.a(altera_avalon_timer_sc.o)
                0x00035eb0                alt_avalon_timer_sc_init
 .text          0x00035f38     0x4f90 ../FreeLwIP_bsp/\libfreertos_bsp.a(altera_avalon_tse.o)
                0x00035f38                no_printf
                0x00035f64                tse_mac_initTransInfo2
                0x00035fc4                tse_mac_sTxWrite
                0x000360a4                tse_mac_aRxRead
                0x00036148                tse_mac_SwReset
                0x000361d0                tse_mac_setMIImode
                0x00036224                tse_mac_setGMIImode
                0x00036274                alt_tse_phy_add_profile
                0x00036458                alt_tse_system_add_sys
                0x00036e54                alt_tse_sys_enable_mdio_sharing
                0x00036fb8                alt_tse_mac_get_common_speed
                0x00036ff8                alt_tse_mac_set_common_speed
                0x00037040                alt_tse_get_system_index
                0x000370ac                alt_tse_get_mac_group_index
                0x00037120                alt_tse_get_mac_info_index
                0x000371a0                alt_tse_get_mac_info
                0x00037278                alt_tse_mac_set_speed
                0x00037358                alt_tse_mac_set_duplex
                0x000373e4                getPHYSpeed
                0x00037e4c                alt_tse_phy_rd_mdio_addr
                0x00037e94                alt_tse_phy_wr_mdio_addr
                0x00037eec                alt_tse_phy_wr_mdio_reg
                0x00038018                alt_tse_phy_rd_mdio_reg
                0x000380e4                alt_tse_phy_add_profile_default
                0x0003837c                alt_tse_phy_print_profile
                0x0003858c                alt_tse_mac_group_init
                0x00038c28                alt_tse_mac_get_phy
                0x00039040                alt_tse_mac_associate_phy
                0x00039280                alt_tse_phy_cfg_pcs
                0x000393a8                alt_tse_phy_init
                0x000394c0                alt_tse_phy_restart_an
                0x00039684                alt_tse_phy_check_link
                0x000397e4                alt_tse_phy_get_cap
                0x00039d78                alt_tse_phy_set_adv_1000
                0x00039f34                alt_tse_phy_set_adv_100
                0x0003a17c                alt_tse_phy_set_adv_10
                0x0003a324                alt_tse_phy_get_common_speed
                0x0003a64c                alt_tse_phy_set_common_speed
                0x0003ab00                marvell_phy_cfg
                0x0003ab98                marvell_cfg_gmii
                0x0003ac7c                marvell_cfg_sgmii
                0x0003ad60                marvell_cfg_rgmii
                0x0003ae50                DP83848C_link_status_read
 .text          0x0003aec8        0x0 ../FreeLwIP_bsp/\libfreertos_bsp.a(altera_avalon_tse_system_info.o)
 .text          0x0003aec8      0x110 ../FreeLwIP_bsp/\libfreertos_bsp.a(altera_avalon_uart_fd.o)
                0x0003aec8                altera_avalon_uart_read_fd
                0x0003af28                altera_avalon_uart_write_fd
                0x0003af88                altera_avalon_uart_close_fd
 .text          0x0003afd8      0x450 ../FreeLwIP_bsp/\libfreertos_bsp.a(altera_avalon_uart_init.o)
                0x0003afd8                altera_avalon_uart_init
                0x0003b3d4                altera_avalon_uart_close
 .text          0x0003b428      0x2f4 ../FreeLwIP_bsp/\libfreertos_bsp.a(altera_avalon_uart_read.o)
                0x0003b478                altera_avalon_uart_read
 .text          0x0003b71c      0x298 ../FreeLwIP_bsp/\libfreertos_bsp.a(altera_avalon_uart_write.o)
                0x0003b76c                altera_avalon_uart_write
 .text          0x0003b9b4      0x200 ../FreeLwIP_bsp/\libfreertos_bsp.a(altera_vic_0_vector_tbl.o)
                0x0003b9b4                VIC_0_VECTOR_TABLE
 .text          0x0003bbb4       0x18 ../FreeLwIP_bsp/\libfreertos_bsp.a(altera_vic_funnel_non_preemptive.o)
                0x0003bbb4                alt_shadow_non_preemptive_interrupt
 .text          0x0003bbcc      0x13c ../FreeLwIP_bsp/\libfreertos_bsp.a(altera_vic_irq_init.o)
                0x0003bbcc                alt_vic_irq_init
 .text          0x0003bd08      0x158 ../FreeLwIP_bsp/\libfreertos_bsp.a(altera_vic_isr_register.o)
                0x0003bd08                alt_ic_isr_register
 .text          0x0003be60       0xa4 ../FreeLwIP_bsp/\libfreertos_bsp.a(alt_env_lock.o)
                0x0003be60                __env_lock
                0x0003bec0                __env_unlock
 .text          0x0003bf04      0x288 ../FreeLwIP_bsp/\libfreertos_bsp.a(list.o)
                0x0003bf04                vListInitialise
                0x0003bf68                vListInitialiseItem
                0x0003bf90                vListInsertEnd
                0x0003c028                vListInsert
                0x0003c0fc                vListRemove
 .text          0x0003c18c      0x244 ../FreeLwIP_bsp/\libfreertos_bsp.a(port.o)
                0x0003c1b4                enh_alt_irq_disable_all
                0x0003c200                enh_alt_irq_enable_all
                0x0003c264                pxPortInitialiseStack
                0x0003c354                xPortStartScheduler
                0x0003c380                vPortEndScheduler
                0x0003c39c                vPortSysTickHandler
 .text          0x0003c3d0        0x0 ../FreeLwIP_bsp/\libfreertos_bsp.a(port_asm.o)
 .text          0x0003c3d0      0x16c ../FreeLwIP_bsp/\libfreertos_bsp.a(alt_alarm_start.o)
                0x0003c3d0                alt_alarm_start
 .text          0x0003c53c      0x128 ../FreeLwIP_bsp/\libfreertos_bsp.a(alt_busy_sleep.o)
                0x0003c53c                alt_busy_sleep
 .text          0x0003c664      0x118 ../FreeLwIP_bsp/\libfreertos_bsp.a(alt_close.o)
                0x0003c6b4                alt_close
 .text          0x0003c77c       0x24 ../FreeLwIP_bsp/\libfreertos_bsp.a(alt_dcache_flush.o)
                0x0003c77c                alt_dcache_flush
 .text          0x0003c7a0       0x1c ../FreeLwIP_bsp/\libfreertos_bsp.a(alt_dcache_flush_all.o)
                0x0003c7a0                alt_dcache_flush_all
 .text          0x0003c7bc       0xf0 ../FreeLwIP_bsp/\libfreertos_bsp.a(alt_dev_llist_insert.o)
                0x0003c80c                alt_dev_llist_insert
 .text          0x0003c8ac        0x0 ../FreeLwIP_bsp/\libfreertos_bsp.a(alt_errno.o)
 .text          0x0003c8ac       0x90 ../FreeLwIP_bsp/\libfreertos_bsp.a(alt_find_dev.o)
                0x0003c8ac                alt_find_dev
 .text          0x0003c93c      0x114 ../FreeLwIP_bsp/\libfreertos_bsp.a(alt_find_file.o)
                0x0003c93c                alt_find_file
 .text          0x0003ca50       0xb8 ../FreeLwIP_bsp/\libfreertos_bsp.a(alt_flash_dev.o)
                0x0003ca50                alt_flash_open_dev
                0x0003cab8                alt_flash_close_dev
 .text          0x0003cb08      0x10c ../FreeLwIP_bsp/\libfreertos_bsp.a(alt_get_fd.o)
                0x0003cb08                alt_get_fd
 .text          0x0003cc14      0x1fc ../FreeLwIP_bsp/\libfreertos_bsp.a(alt_gettod.o)
                0x0003cc14                gettimeofday
 .text          0x0003ce10       0x30 ../FreeLwIP_bsp/\libfreertos_bsp.a(alt_icache_flush_all.o)
                0x0003ce10                alt_icache_flush_all
 .text          0x0003ce40       0xa0 ../FreeLwIP_bsp/\libfreertos_bsp.a(alt_instruction_exception_entry.o)
                0x0003ce40                alt_exception_cause_generated_bad_addr
 .text          0x0003cee0      0x140 ../FreeLwIP_bsp/\libfreertos_bsp.a(alt_read.o)
                0x0003cf30                alt_read
 .text          0x0003d020       0x40 ../FreeLwIP_bsp/\libfreertos_bsp.a(alt_remap_uncached.o)
                0x0003d020                alt_remap_uncached
 .text          0x0003d060      0x1c8 ../FreeLwIP_bsp/\libfreertos_bsp.a(alt_tick.o)
                0x0003d060                alt_alarm_stop
                0x0003d124                alt_tick
 .text          0x0003d228       0x58 ../FreeLwIP_bsp/\libfreertos_bsp.a(alt_uncached_malloc.o)
                0x0003d228                alt_uncached_malloc
 .text          0x0003d280      0x13c ../FreeLwIP_bsp/\libfreertos_bsp.a(alt_write.o)
                0x0003d2d0                alt_write
 .text          0x0003d3bc      0x4a8 ../FreeLwIP_bsp/\libfreertos_bsp.a(altera_tse_ethernetif.o)
                0x0003d59c                ethernetif_input
                0x0003d698                ethernetif_init
 .text          0x0003d864      0x800 ../FreeLwIP_bsp/\libfreertos_bsp.a(icmp.o)
                0x0003d864                icmp_input
                0x0003de14                icmp_dest_unreach
                0x0003de58                icmp_time_exceeded
 .text          0x0003e064      0x818 ../FreeLwIP_bsp/\libfreertos_bsp.a(inet_chksum.o)
                0x0003e2ac                inet_chksum_pseudo
                0x0003e4a4                inet_chksum_pseudo_partial
                0x0003e6d4                inet_chksum
                0x0003e718                inet_chksum_pbuf
                0x0003e824                lwip_chksum_copy
 .text          0x0003e87c      0x460 ../FreeLwIP_bsp/\libfreertos_bsp.a(altera_avalon_cfi_flash_amd.o)
                0x0003e87c                alt_program_amd
                0x0003e8e4                alt_erase_block_amd
 .text          0x0003ecdc      0x438 ../FreeLwIP_bsp/\libfreertos_bsp.a(altera_avalon_cfi_flash_intel.o)
                0x0003ecdc                alt_program_intel
                0x0003ed5c                alt_erase_block_intel
 .text          0x0003f114       0x8c ../FreeLwIP_bsp/\libfreertos_bsp.a(alt_icache_flush.o)
                0x0003f114                alt_icache_flush
 .text          0x0003f1a0       0x14 c:/altera/13.1/nios2eds/bin/gnu/h-i686-mingw32/bin/../lib/gcc/nios2-elf/4.7.3/../../../../../H-i686-mingw32/nios2-elf/lib\libc.a(lib_a-atexit.o)
                0x0003f1a0                atexit
 .text          0x0003f1b4        0x0 c:/altera/13.1/nios2eds/bin/gnu/h-i686-mingw32/bin/../lib/gcc/nios2-elf/4.7.3/../../../../../H-i686-mingw32/nios2-elf/lib\libc.a(lib_a-ctype_.o)
 .text          0x0003f1b4       0x10 c:/altera/13.1/nios2eds/bin/gnu/h-i686-mingw32/bin/../lib/gcc/nios2-elf/4.7.3/../../../../../H-i686-mingw32/nios2-elf/lib\libc.a(lib_a-errno.o)
                0x0003f1b4                __errno
 .text          0x0003f1c4       0x38 c:/altera/13.1/nios2eds/bin/gnu/h-i686-mingw32/bin/../lib/gcc/nios2-elf/4.7.3/../../../../../H-i686-mingw32/nios2-elf/lib\libc.a(lib_a-exit.o)
                0x0003f1c4                exit
 .text          0x0003f1fc       0x28 c:/altera/13.1/nios2eds/bin/gnu/h-i686-mingw32/bin/../lib/gcc/nios2-elf/4.7.3/../../../../../H-i686-mingw32/nios2-elf/lib\libc.a(lib_a-malloc.o)
                0x0003f1fc                malloc
                0x0003f210                free
 .text          0x0003f224       0x7c c:/altera/13.1/nios2eds/bin/gnu/h-i686-mingw32/bin/../lib/gcc/nios2-elf/4.7.3/../../../../../H-i686-mingw32/nios2-elf/lib\libc.a(lib_a-memcmp.o)
                0x0003f224                memcmp
 .text          0x0003f2a0      0x150 c:/altera/13.1/nios2eds/bin/gnu/h-i686-mingw32/bin/../lib/gcc/nios2-elf/4.7.3/../../../../../H-i686-mingw32/nios2-elf/lib\libc.a(lib_a-snprintf.o)
                0x0003f2a0                _snprintf_r
                0x0003f344                snprintf
 .text          0x0003f3f0       0xb8 c:/altera/13.1/nios2eds/bin/gnu/h-i686-mingw32/bin/../lib/gcc/nios2-elf/4.7.3/../../../../../H-i686-mingw32/nios2-elf/lib\libc.a(lib_a-strncpy.o)
                0x0003f3f0                strncpy
 .text          0x0003f4a8      0x130 c:/altera/13.1/nios2eds/bin/gnu/h-i686-mingw32/bin/../lib/gcc/nios2-elf/4.7.3/../../../../../H-i686-mingw32/nios2-elf/lib\libc.a(lib_a-__atexit.o)
                0x0003f4a8                __register_exitproc
 .text          0x0003f5d8      0x1a0 c:/altera/13.1/nios2eds/bin/gnu/h-i686-mingw32/bin/../lib/gcc/nios2-elf/4.7.3/../../../../../H-i686-mingw32/nios2-elf/lib\libc.a(lib_a-__call_atexit.o)
                0x0003f5d8                __call_exitprocs
 .text          0x0003f778       0x38 ../FreeLwIP_bsp/\libfreertos_bsp.a(alt_exit.o)
                0x0003f778                _exit
 *(.gnu.warning.*)
 *(.fini)
                0x0003f7b0                PROVIDE (__etext, ABSOLUTE (.))
                0x0003f7b0                PROVIDE (_etext, ABSOLUTE (.))
                0x0003f7b0                PROVIDE (etext, ABSOLUTE (.))
 *(.eh_frame_hdr)
                0x0003f7b0                . = ALIGN (0x4)
                0x0003f7b0                PROVIDE (__preinit_array_start, ABSOLUTE (.))
 *(.preinit_array)
                0x0003f7b0                PROVIDE (__preinit_array_end, ABSOLUTE (.))
                0x0003f7b0                PROVIDE (__init_array_start, ABSOLUTE (.))
 *(.init_array)
                0x0003f7b0                PROVIDE (__init_array_end, ABSOLUTE (.))
                0x0003f7b0                PROVIDE (__fini_array_start, ABSOLUTE (.))
 *(.fini_array)
                0x0003f7b0                PROVIDE (__fini_array_end, ABSOLUTE (.))
 *(.eh_frame)
 *(.gcc_except_table .gcc_except_table.*)
 *(.dynamic)
                0x0003f7b0                PROVIDE (__CTOR_LIST__, ABSOLUTE (.))
 *(.ctors)
 *(SORT(.ctors.*))
                0x0003f7b0                PROVIDE (__CTOR_END__, ABSOLUTE (.))
                0x0003f7b0                PROVIDE (__DTOR_LIST__, ABSOLUTE (.))
 *(.dtors)
 *(SORT(.dtors.*))
                0x0003f7b0                PROVIDE (__DTOR_END__, ABSOLUTE (.))
 *(.jcr)
                0x0003f7b0                . = ALIGN (0x4)

.rodata         0x0003f7b0     0x3d80
                0x0003f7b0                PROVIDE (__ram_rodata_start, ABSOLUTE (.))
                0x0003f7b0                . = ALIGN (0x4)
 *(.rodata .rodata.* .gnu.linkonce.r.*)
 .rodata        0x0003f7b0      0x154 obj/default/BasicWEB.o
 .rodata        0x0003f904       0x30 obj/default/BlockQ.o
 .rodata        0x0003f934       0x20 obj/default/GenQTest.o
 .rodata        0x0003f954       0x10 obj/default/PollQ.o
 .rodata        0x0003f964       0x20 obj/default/QPeek.o
 .rodata        0x0003f984       0x10 obj/default/blocktim.o
 .rodata        0x0003f994       0x10 obj/default/countsem.o
 .rodata        0x0003f9a4       0x18 obj/default/death.o
 .rodata        0x0003f9bc       0x28 obj/default/dynamic.o
 .rodata        0x0003f9e4       0xc8 obj/default/echo_server.o
 .rodata        0x0003faac      0x280 obj/default/ethernet.o
 .rodata        0x0003fd2c        0x8 obj/default/integer.o
 .rodata        0x0003fd34      0x188 obj/default/main.o
 .rodata        0x0003febc       0x18 obj/default/recmutex.o
 .rodata        0x0003fed4       0x20 obj/default/semtest.o
 .rodata.str1.4
                0x0003fef4        0x3 c:/altera/13.1/nios2eds/bin/gnu/h-i686-mingw32/bin/../lib/gcc/nios2-elf/4.7.3/../../../../../H-i686-mingw32/nios2-elf/lib\libc.a(lib_a-perror.o)
                                  0x4 (size before relaxing)
 *fill*         0x0003fef7        0x1 
 .rodata.str1.4
                0x0003fef8        0x2 c:/altera/13.1/nios2eds/bin/gnu/h-i686-mingw32/bin/../lib/gcc/nios2-elf/4.7.3/../../../../../H-i686-mingw32/nios2-elf/lib\libc.a(lib_a-puts.o)
                                  0x4 (size before relaxing)
 *fill*         0x0003fefa        0x2 
 .rodata.str1.4
                0x0003fefc      0x7a1 c:/altera/13.1/nios2eds/bin/gnu/h-i686-mingw32/bin/../lib/gcc/nios2-elf/4.7.3/../../../../../H-i686-mingw32/nios2-elf/lib\libc.a(lib_a-strerror.o)
                                0x7a8 (size before relaxing)
 *fill*         0x0004069d        0x3 
 .rodata.str1.4
                0x000406a0       0x42 c:/altera/13.1/nios2eds/bin/gnu/h-i686-mingw32/bin/../lib/gcc/nios2-elf/4.7.3/../../../../../H-i686-mingw32/nios2-elf/lib\libc.a(lib_a-vfprintf.o)
                                 0x44 (size before relaxing)
 .rodata        0x000406e2       0x20 c:/altera/13.1/nios2eds/bin/gnu/h-i686-mingw32/bin/../lib/gcc/nios2-elf/4.7.3/../../../../../H-i686-mingw32/nios2-elf/lib\libc.a(lib_a-vfprintf.o)
 *fill*         0x00040702        0x2 
 .rodata.str1.4
                0x00040704       0x10 c:/altera/13.1/nios2eds/bin/gnu/h-i686-mingw32/bin/../lib/gcc/nios2-elf/4.7.3/../../../../../H-i686-mingw32/nios2-elf/lib\libc.a(lib_a-dtoa.o)
                                 0x14 (size before relaxing)
 .rodata.str1.4
                0x00040714        0x2 c:/altera/13.1/nios2eds/bin/gnu/h-i686-mingw32/bin/../lib/gcc/nios2-elf/4.7.3/../../../../../H-i686-mingw32/nios2-elf/lib\libc.a(lib_a-impure.o)
                                  0x4 (size before relaxing)
 *fill*         0x00040716        0x2 
 .rodata.str1.4
                0x00040718       0x10 c:/altera/13.1/nios2eds/bin/gnu/h-i686-mingw32/bin/../lib/gcc/nios2-elf/4.7.3/../../../../../H-i686-mingw32/nios2-elf/lib\libc.a(lib_a-locale.o)
                                 0x18 (size before relaxing)
 .rodata        0x00040728       0x30 c:/altera/13.1/nios2eds/bin/gnu/h-i686-mingw32/bin/../lib/gcc/nios2-elf/4.7.3/../../../../../H-i686-mingw32/nios2-elf/lib\libc.a(lib_a-locale.o)
 .rodata        0x00040758      0x124 c:/altera/13.1/nios2eds/bin/gnu/h-i686-mingw32/bin/../lib/gcc/nios2-elf/4.7.3/../../../../../H-i686-mingw32/nios2-elf/lib\libc.a(lib_a-mprec.o)
                0x00040758                __mprec_tinytens
                0x00040780                __mprec_bigtens
                0x000407a8                __mprec_tens
 .rodata        0x0004087c       0x14 c:/altera/13.1/nios2eds/bin/gnu/h-i686-mingw32/bin/../lib/gcc/nios2-elf/4.7.3\libgcc.a(_thenan_df.o)
                0x0004087c                __thenan_df
 .rodata        0x00040890      0x100 c:/altera/13.1/nios2eds/bin/gnu/h-i686-mingw32/bin/../lib/gcc/nios2-elf/4.7.3\libgcc.a(_clz.o)
                0x00040890                __clz_tab
 .rodata        0x00040990       0x10 ../FreeLwIP_bsp/\libfreertos_bsp.a(alt_main.o)
 .rodata        0x000409a0       0x30 ../FreeLwIP_bsp/\libfreertos_bsp.a(tasks.o)
 .rodata        0x000409d0        0x8 ../FreeLwIP_bsp/\libfreertos_bsp.a(timers.o)
 .rodata        0x000409d8        0xc ../FreeLwIP_bsp/\libfreertos_bsp.a(alt_dev.o)
 .rodata        0x000409e4      0x264 ../FreeLwIP_bsp/\libfreertos_bsp.a(api_lib.o)
 .rodata        0x00040c48       0x60 ../FreeLwIP_bsp/\libfreertos_bsp.a(api_msg.o)
 .rodata        0x00040ca8      0x128 ../FreeLwIP_bsp/\libfreertos_bsp.a(netbuf.o)
 .rodata        0x00040dd0       0xe4 ../FreeLwIP_bsp/\libfreertos_bsp.a(sockets.o)
 .rodata        0x00040eb4       0x10 ../FreeLwIP_bsp/\libfreertos_bsp.a(tcpip.o)
 .rodata        0x00040ec4      0x13c ../FreeLwIP_bsp/\libfreertos_bsp.a(lwip_main.o)
 .rodata        0x00041000      0x190 ../FreeLwIP_bsp/\libfreertos_bsp.a(dhcp.o)
 .rodata        0x00041190       0xa4 ../FreeLwIP_bsp/\libfreertos_bsp.a(memp.o)
 .rodata        0x00041234      0x184 ../FreeLwIP_bsp/\libfreertos_bsp.a(pbuf.o)
 .rodata        0x000413b8      0x184 ../FreeLwIP_bsp/\libfreertos_bsp.a(tcp.o)
                0x00041430                tcp_state_str
                0x0004145c                tcp_backoff
                0x0004146c                tcp_pcb_lists
 .rodata        0x0004153c       0x7c ../FreeLwIP_bsp/\libfreertos_bsp.a(tcp_out.o)
 .rodata        0x000415b8       0x58 ../FreeLwIP_bsp/\libfreertos_bsp.a(etharp.o)
 .rodata        0x00041610       0x70 ../FreeLwIP_bsp/\libfreertos_bsp.a(alt_sys_init.o)
 .rodata        0x00041680     0x1be4 ../FreeLwIP_bsp/\libfreertos_bsp.a(altera_avalon_tse.o)
 .rodata        0x00043264       0x20 ../FreeLwIP_bsp/\libfreertos_bsp.a(altera_avalon_tse_system_info.o)
 .rodata        0x00043284       0x20 ../FreeLwIP_bsp/\libfreertos_bsp.a(altera_vic_irq_init.o)
 .rodata        0x000432a4        0x8 ../FreeLwIP_bsp/\libfreertos_bsp.a(altera_tse_ethernetif.o)
 .rodata        0x000432ac      0x281 c:/altera/13.1/nios2eds/bin/gnu/h-i686-mingw32/bin/../lib/gcc/nios2-elf/4.7.3/../../../../../H-i686-mingw32/nios2-elf/lib\libc.a(lib_a-ctype_.o)
                0x000432ac                _ctype_
 *(.rodata1)
                0x00043530                . = ALIGN (0x4)
 *fill*         0x0004352d        0x3 
                0x00043530                PROVIDE (__ram_rodata_end, ABSOLUTE (.))
                0x0003f7b0                PROVIDE (__flash_rodata_start, LOADADDR (.rodata))

.rwdata         0x00043530     0x224c load address 0x0004577c
                0x00043530                PROVIDE (__ram_rwdata_start, ABSOLUTE (.))
                0x00043530                . = ALIGN (0x4)
 *(.got.plt)
 *(.got)
 *(.data1)
 *(.data .data.* .gnu.linkonce.d.*)
 .data          0x00043530        0x0 ../FreeLwIP_bsp//obj/HAL/src/crt0.o
 .data          0x00043530        0x0 obj/default/BasicWEB.o
 .data          0x00043530        0x0 obj/default/BlockQ.o
 .data          0x00043530        0x0 obj/default/GenQTest.o
 .data          0x00043530        0x0 obj/default/PollQ.o
 .data          0x00043530        0x0 obj/default/QPeek.o
 .data          0x00043530        0x0 obj/default/blocktim.o
 .data          0x00043530        0x0 obj/default/countsem.o
 .data          0x00043530        0x0 obj/default/death.o
 .data          0x00043530        0x0 obj/default/dynamic.o
 .data          0x00043530        0x0 obj/default/echo_server.o
 .data          0x00043530        0x0 obj/default/ethernet.o
 .data          0x00043530        0x0 obj/default/integer.o
 .data          0x00043530        0x0 obj/default/main.o
 .data          0x00043530        0x0 obj/default/recmutex.o
 .data          0x00043530        0x0 obj/default/semtest.o
 .data          0x00043530        0x0 c:/altera/13.1/nios2eds/bin/gnu/h-i686-mingw32/bin/../lib/gcc/nios2-elf/4.7.3/../../../../../H-i686-mingw32/nios2-elf/lib\libc.a(lib_a-memcpy.o)
 .data          0x00043530        0x0 c:/altera/13.1/nios2eds/bin/gnu/h-i686-mingw32/bin/../lib/gcc/nios2-elf/4.7.3/../../../../../H-i686-mingw32/nios2-elf/lib\libc.a(lib_a-memset.o)
 .data          0x00043530        0x0 c:/altera/13.1/nios2eds/bin/gnu/h-i686-mingw32/bin/../lib/gcc/nios2-elf/4.7.3/../../../../../H-i686-mingw32/nios2-elf/lib\libc.a(lib_a-perror.o)
 .data          0x00043530        0x0 c:/altera/13.1/nios2eds/bin/gnu/h-i686-mingw32/bin/../lib/gcc/nios2-elf/4.7.3/../../../../../H-i686-mingw32/nios2-elf/lib\libc.a(lib_a-printf.o)
 .data          0x00043530        0x0 c:/altera/13.1/nios2eds/bin/gnu/h-i686-mingw32/bin/../lib/gcc/nios2-elf/4.7.3/../../../../../H-i686-mingw32/nios2-elf/lib\libc.a(lib_a-puts.o)
 .data          0x00043530        0x0 c:/altera/13.1/nios2eds/bin/gnu/h-i686-mingw32/bin/../lib/gcc/nios2-elf/4.7.3/../../../../../H-i686-mingw32/nios2-elf/lib\libc.a(lib_a-sprintf.o)
 .data          0x00043530        0x0 c:/altera/13.1/nios2eds/bin/gnu/h-i686-mingw32/bin/../lib/gcc/nios2-elf/4.7.3/../../../../../H-i686-mingw32/nios2-elf/lib\libc.a(lib_a-strcat.o)
 .data          0x00043530        0x0 c:/altera/13.1/nios2eds/bin/gnu/h-i686-mingw32/bin/../lib/gcc/nios2-elf/4.7.3/../../../../../H-i686-mingw32/nios2-elf/lib\libc.a(lib_a-strcpy.o)
 .data          0x00043530        0x0 c:/altera/13.1/nios2eds/bin/gnu/h-i686-mingw32/bin/../lib/gcc/nios2-elf/4.7.3/../../../../../H-i686-mingw32/nios2-elf/lib\libc.a(lib_a-strerror.o)
 .data          0x00043530        0x0 c:/altera/13.1/nios2eds/bin/gnu/h-i686-mingw32/bin/../lib/gcc/nios2-elf/4.7.3/../../../../../H-i686-mingw32/nios2-elf/lib\libc.a(lib_a-strlen.o)
 .data          0x00043530        0x0 c:/altera/13.1/nios2eds/bin/gnu/h-i686-mingw32/bin/../lib/gcc/nios2-elf/4.7.3/../../../../../H-i686-mingw32/nios2-elf/lib\libc.a(lib_a-strncmp.o)
 .data          0x00043530        0x0 c:/altera/13.1/nios2eds/bin/gnu/h-i686-mingw32/bin/../lib/gcc/nios2-elf/4.7.3/../../../../../H-i686-mingw32/nios2-elf/lib\libc.a(lib_a-u_strerr.o)
 .data          0x00043530        0x0 c:/altera/13.1/nios2eds/bin/gnu/h-i686-mingw32/bin/../lib/gcc/nios2-elf/4.7.3/../../../../../H-i686-mingw32/nios2-elf/lib\libc.a(lib_a-vfprintf.o)
 .data          0x00043530        0x0 c:/altera/13.1/nios2eds/bin/gnu/h-i686-mingw32/bin/../lib/gcc/nios2-elf/4.7.3/../../../../../H-i686-mingw32/nios2-elf/lib\libc.a(lib_a-wsetup.o)
 .data          0x00043530        0x0 c:/altera/13.1/nios2eds/bin/gnu/h-i686-mingw32/bin/../lib/gcc/nios2-elf/4.7.3/../../../../../H-i686-mingw32/nios2-elf/lib\libc.a(lib_a-dtoa.o)
 .data          0x00043530        0x0 c:/altera/13.1/nios2eds/bin/gnu/h-i686-mingw32/bin/../lib/gcc/nios2-elf/4.7.3/../../../../../H-i686-mingw32/nios2-elf/lib\libc.a(lib_a-fflush.o)
 .data          0x00043530        0x0 c:/altera/13.1/nios2eds/bin/gnu/h-i686-mingw32/bin/../lib/gcc/nios2-elf/4.7.3/../../../../../H-i686-mingw32/nios2-elf/lib\libc.a(lib_a-findfp.o)
 .data          0x00043530        0x0 c:/altera/13.1/nios2eds/bin/gnu/h-i686-mingw32/bin/../lib/gcc/nios2-elf/4.7.3/../../../../../H-i686-mingw32/nios2-elf/lib\libc.a(lib_a-fputc.o)
 .data          0x00043530        0x0 c:/altera/13.1/nios2eds/bin/gnu/h-i686-mingw32/bin/../lib/gcc/nios2-elf/4.7.3/../../../../../H-i686-mingw32/nios2-elf/lib\libc.a(lib_a-fputs.o)
 .data          0x00043530        0x0 c:/altera/13.1/nios2eds/bin/gnu/h-i686-mingw32/bin/../lib/gcc/nios2-elf/4.7.3/../../../../../H-i686-mingw32/nios2-elf/lib\libc.a(lib_a-freer.o)
 .data          0x00043530        0x0 c:/altera/13.1/nios2eds/bin/gnu/h-i686-mingw32/bin/../lib/gcc/nios2-elf/4.7.3/../../../../../H-i686-mingw32/nios2-elf/lib\libc.a(lib_a-fvwrite.o)
 .data          0x00043530        0x0 c:/altera/13.1/nios2eds/bin/gnu/h-i686-mingw32/bin/../lib/gcc/nios2-elf/4.7.3/../../../../../H-i686-mingw32/nios2-elf/lib\libc.a(lib_a-fwalk.o)
 .data          0x00043530      0x400 c:/altera/13.1/nios2eds/bin/gnu/h-i686-mingw32/bin/../lib/gcc/nios2-elf/4.7.3/../../../../../H-i686-mingw32/nios2-elf/lib\libc.a(lib_a-impure.o)
 .data          0x00043930        0xc c:/altera/13.1/nios2eds/bin/gnu/h-i686-mingw32/bin/../lib/gcc/nios2-elf/4.7.3/../../../../../H-i686-mingw32/nios2-elf/lib\libc.a(lib_a-locale.o)
                0x00043930                __lc_ctype
 .data          0x0004393c        0x0 c:/altera/13.1/nios2eds/bin/gnu/h-i686-mingw32/bin/../lib/gcc/nios2-elf/4.7.3/../../../../../H-i686-mingw32/nios2-elf/lib\libc.a(lib_a-makebuf.o)
 .data          0x0004393c      0x408 c:/altera/13.1/nios2eds/bin/gnu/h-i686-mingw32/bin/../lib/gcc/nios2-elf/4.7.3/../../../../../H-i686-mingw32/nios2-elf/lib\libc.a(lib_a-mallocr.o)
                0x0004393c                __malloc_av_
 .data          0x00043d44        0x0 c:/altera/13.1/nios2eds/bin/gnu/h-i686-mingw32/bin/../lib/gcc/nios2-elf/4.7.3/../../../../../H-i686-mingw32/nios2-elf/lib\libc.a(lib_a-memchr.o)
 .data          0x00043d44        0x0 c:/altera/13.1/nios2eds/bin/gnu/h-i686-mingw32/bin/../lib/gcc/nios2-elf/4.7.3/../../../../../H-i686-mingw32/nios2-elf/lib\libc.a(lib_a-memmove.o)
 .data          0x00043d44        0x0 c:/altera/13.1/nios2eds/bin/gnu/h-i686-mingw32/bin/../lib/gcc/nios2-elf/4.7.3/../../../../../H-i686-mingw32/nios2-elf/lib\libc.a(lib_a-mprec.o)
 .data          0x00043d44        0x0 c:/altera/13.1/nios2eds/bin/gnu/h-i686-mingw32/bin/../lib/gcc/nios2-elf/4.7.3/../../../../../H-i686-mingw32/nios2-elf/lib\libc.a(lib_a-putc.o)
 .data          0x00043d44        0x0 c:/altera/13.1/nios2eds/bin/gnu/h-i686-mingw32/bin/../lib/gcc/nios2-elf/4.7.3/../../../../../H-i686-mingw32/nios2-elf/lib\libc.a(lib_a-reallocr.o)
 .data          0x00043d44        0x0 c:/altera/13.1/nios2eds/bin/gnu/h-i686-mingw32/bin/../lib/gcc/nios2-elf/4.7.3/../../../../../H-i686-mingw32/nios2-elf/lib\libc.a(lib_a-s_isinfd.o)
 .data          0x00043d44        0x0 c:/altera/13.1/nios2eds/bin/gnu/h-i686-mingw32/bin/../lib/gcc/nios2-elf/4.7.3/../../../../../H-i686-mingw32/nios2-elf/lib\libc.a(lib_a-s_isnand.o)
 .data          0x00043d44        0x0 c:/altera/13.1/nios2eds/bin/gnu/h-i686-mingw32/bin/../lib/gcc/nios2-elf/4.7.3/../../../../../H-i686-mingw32/nios2-elf/lib\libc.a(lib_a-sbrkr.o)
 .data          0x00043d44        0x0 c:/altera/13.1/nios2eds/bin/gnu/h-i686-mingw32/bin/../lib/gcc/nios2-elf/4.7.3/../../../../../H-i686-mingw32/nios2-elf/lib\libc.a(lib_a-stdio.o)
 .data          0x00043d44        0x0 c:/altera/13.1/nios2eds/bin/gnu/h-i686-mingw32/bin/../lib/gcc/nios2-elf/4.7.3/../../../../../H-i686-mingw32/nios2-elf/lib\libc.a(lib_a-strcmp.o)
 .data          0x00043d44        0x0 c:/altera/13.1/nios2eds/bin/gnu/h-i686-mingw32/bin/../lib/gcc/nios2-elf/4.7.3/../../../../../H-i686-mingw32/nios2-elf/lib\libc.a(lib_a-wbuf.o)
 .data          0x00043d44        0x0 c:/altera/13.1/nios2eds/bin/gnu/h-i686-mingw32/bin/../lib/gcc/nios2-elf/4.7.3/../../../../../H-i686-mingw32/nios2-elf/lib\libc.a(lib_a-writer.o)
 .data          0x00043d44        0x0 c:/altera/13.1/nios2eds/bin/gnu/h-i686-mingw32/bin/../lib/gcc/nios2-elf/4.7.3/../../../../../H-i686-mingw32/nios2-elf/lib\libc.a(lib_a-callocr.o)
 .data          0x00043d44        0x0 c:/altera/13.1/nios2eds/bin/gnu/h-i686-mingw32/bin/../lib/gcc/nios2-elf/4.7.3/../../../../../H-i686-mingw32/nios2-elf/lib\libc.a(lib_a-closer.o)
 .data          0x00043d44        0x0 c:/altera/13.1/nios2eds/bin/gnu/h-i686-mingw32/bin/../lib/gcc/nios2-elf/4.7.3/../../../../../H-i686-mingw32/nios2-elf/lib\libc.a(lib_a-fclose.o)
 .data          0x00043d44        0x0 c:/altera/13.1/nios2eds/bin/gnu/h-i686-mingw32/bin/../lib/gcc/nios2-elf/4.7.3/../../../../../H-i686-mingw32/nios2-elf/lib\libc.a(lib_a-fstatr.o)
 .data          0x00043d44        0x0 c:/altera/13.1/nios2eds/bin/gnu/h-i686-mingw32/bin/../lib/gcc/nios2-elf/4.7.3/../../../../../H-i686-mingw32/nios2-elf/lib\libc.a(lib_a-int_errno.o)
 .data          0x00043d44        0x0 c:/altera/13.1/nios2eds/bin/gnu/h-i686-mingw32/bin/../lib/gcc/nios2-elf/4.7.3/../../../../../H-i686-mingw32/nios2-elf/lib\libc.a(lib_a-isattyr.o)
 .data          0x00043d44        0x0 c:/altera/13.1/nios2eds/bin/gnu/h-i686-mingw32/bin/../lib/gcc/nios2-elf/4.7.3/../../../../../H-i686-mingw32/nios2-elf/lib\libc.a(lib_a-lseekr.o)
 .data          0x00043d44        0x0 c:/altera/13.1/nios2eds/bin/gnu/h-i686-mingw32/bin/../lib/gcc/nios2-elf/4.7.3/../../../../../H-i686-mingw32/nios2-elf/lib\libc.a(lib_a-readr.o)
 .data          0x00043d44        0x0 c:/altera/13.1/nios2eds/bin/gnu/h-i686-mingw32/bin/../lib/gcc/nios2-elf/4.7.3\libgcc.a(_udivdi3.o)
 .data          0x00043d44        0x0 c:/altera/13.1/nios2eds/bin/gnu/h-i686-mingw32/bin/../lib/gcc/nios2-elf/4.7.3\libgcc.a(_umoddi3.o)
 .data          0x00043d44        0x0 c:/altera/13.1/nios2eds/bin/gnu/h-i686-mingw32/bin/../lib/gcc/nios2-elf/4.7.3\libgcc.a(_addsub_df.o)
 .data          0x00043d44        0x0 c:/altera/13.1/nios2eds/bin/gnu/h-i686-mingw32/bin/../lib/gcc/nios2-elf/4.7.3\libgcc.a(_mul_df.o)
 .data          0x00043d44        0x0 c:/altera/13.1/nios2eds/bin/gnu/h-i686-mingw32/bin/../lib/gcc/nios2-elf/4.7.3\libgcc.a(_div_df.o)
 .data          0x00043d44        0x0 c:/altera/13.1/nios2eds/bin/gnu/h-i686-mingw32/bin/../lib/gcc/nios2-elf/4.7.3\libgcc.a(_eq_df.o)
 .data          0x00043d44        0x0 c:/altera/13.1/nios2eds/bin/gnu/h-i686-mingw32/bin/../lib/gcc/nios2-elf/4.7.3\libgcc.a(_ne_df.o)
 .data          0x00043d44        0x0 c:/altera/13.1/nios2eds/bin/gnu/h-i686-mingw32/bin/../lib/gcc/nios2-elf/4.7.3\libgcc.a(_gt_df.o)
 .data          0x00043d44        0x0 c:/altera/13.1/nios2eds/bin/gnu/h-i686-mingw32/bin/../lib/gcc/nios2-elf/4.7.3\libgcc.a(_ge_df.o)
 .data          0x00043d44        0x0 c:/altera/13.1/nios2eds/bin/gnu/h-i686-mingw32/bin/../lib/gcc/nios2-elf/4.7.3\libgcc.a(_lt_df.o)
 .data          0x00043d44        0x0 c:/altera/13.1/nios2eds/bin/gnu/h-i686-mingw32/bin/../lib/gcc/nios2-elf/4.7.3\libgcc.a(_si_to_df.o)
 .data          0x00043d44        0x0 c:/altera/13.1/nios2eds/bin/gnu/h-i686-mingw32/bin/../lib/gcc/nios2-elf/4.7.3\libgcc.a(_df_to_si.o)
 .data          0x00043d44        0x0 c:/altera/13.1/nios2eds/bin/gnu/h-i686-mingw32/bin/../lib/gcc/nios2-elf/4.7.3\libgcc.a(_thenan_df.o)
 .data          0x00043d44        0x0 c:/altera/13.1/nios2eds/bin/gnu/h-i686-mingw32/bin/../lib/gcc/nios2-elf/4.7.3\libgcc.a(_usi_to_df.o)
 .data          0x00043d44        0x0 c:/altera/13.1/nios2eds/bin/gnu/h-i686-mingw32/bin/../lib/gcc/nios2-elf/4.7.3\libgcc.a(lib2-divmod.o)
 .data          0x00043d44        0x0 c:/altera/13.1/nios2eds/bin/gnu/h-i686-mingw32/bin/../lib/gcc/nios2-elf/4.7.3\libgcc.a(_muldi3.o)
 .data          0x00043d44        0x0 c:/altera/13.1/nios2eds/bin/gnu/h-i686-mingw32/bin/../lib/gcc/nios2-elf/4.7.3\libgcc.a(_clz.o)
 .data          0x00043d44        0x0 c:/altera/13.1/nios2eds/bin/gnu/h-i686-mingw32/bin/../lib/gcc/nios2-elf/4.7.3\libgcc.a(_clzsi2.o)
 .data          0x00043d44        0x0 c:/altera/13.1/nios2eds/bin/gnu/h-i686-mingw32/bin/../lib/gcc/nios2-elf/4.7.3\libgcc.a(_pack_df.o)
 .data          0x00043d44        0x0 c:/altera/13.1/nios2eds/bin/gnu/h-i686-mingw32/bin/../lib/gcc/nios2-elf/4.7.3\libgcc.a(_unpack_df.o)
 .data          0x00043d44        0x0 c:/altera/13.1/nios2eds/bin/gnu/h-i686-mingw32/bin/../lib/gcc/nios2-elf/4.7.3\libgcc.a(_fpcmp_parts_df.o)
 .data          0x00043d44        0x0 c:/altera/13.1/nios2eds/bin/gnu/h-i686-mingw32/bin/../lib/gcc/nios2-elf/4.7.3\libgcc.a(_lshrdi3.o)
 .data          0x00043d44        0x0 c:/altera/13.1/nios2eds/bin/gnu/h-i686-mingw32/bin/../lib/gcc/nios2-elf/4.7.3\libgcc.a(_ashldi3.o)
 .data          0x00043d44        0x0 ../FreeLwIP_bsp/\libfreertos_bsp.a(alt_main.o)
 .data          0x00043d44        0x0 ../FreeLwIP_bsp/\libfreertos_bsp.a(alt_malloc_lock.o)
 .data          0x00043d44        0x0 ../FreeLwIP_bsp/\libfreertos_bsp.a(heap_3.o)
 .data          0x00043d44        0x0 ../FreeLwIP_bsp/\libfreertos_bsp.a(queue.o)
 .data          0x00043d44        0x0 ../FreeLwIP_bsp/\libfreertos_bsp.a(tasks.o)
 .data          0x00043d44        0x0 ../FreeLwIP_bsp/\libfreertos_bsp.a(timers.o)
 .data          0x00043d44      0x1a8 ../FreeLwIP_bsp/\libfreertos_bsp.a(alt_dev.o)
                0x00043d44                alt_dev_null
                0x00043d6c                alt_fd_list
 .data          0x00043eec        0x0 ../FreeLwIP_bsp/\libfreertos_bsp.a(alt_do_ctors.o)
 .data          0x00043eec        0x0 ../FreeLwIP_bsp/\libfreertos_bsp.a(alt_do_dtors.o)
 .data          0x00043eec        0x0 ../FreeLwIP_bsp/\libfreertos_bsp.a(alt_fstat.o)
 .data          0x00043eec        0x0 ../FreeLwIP_bsp/\libfreertos_bsp.a(alt_io_redirect.o)
 .data          0x00043eec        0x0 ../FreeLwIP_bsp/\libfreertos_bsp.a(alt_isatty.o)
 .data          0x00043eec        0x0 ../FreeLwIP_bsp/\libfreertos_bsp.a(alt_load.o)
 .data          0x00043eec        0x0 ../FreeLwIP_bsp/\libfreertos_bsp.a(alt_lseek.o)
 .data          0x00043eec        0x0 ../FreeLwIP_bsp/\libfreertos_bsp.a(alt_open.o)
 .data          0x00043eec        0x0 ../FreeLwIP_bsp/\libfreertos_bsp.a(alt_release_fd.o)
 .data          0x00043eec        0x0 ../FreeLwIP_bsp/\libfreertos_bsp.a(alt_sbrk.o)
 .data          0x00043eec        0x0 ../FreeLwIP_bsp/\libfreertos_bsp.a(alt_usleep.o)
 .data          0x00043eec        0x0 ../FreeLwIP_bsp/\libfreertos_bsp.a(api_lib.o)
 .data          0x00043eec        0x0 ../FreeLwIP_bsp/\libfreertos_bsp.a(api_msg.o)
 .data          0x00043eec        0x0 ../FreeLwIP_bsp/\libfreertos_bsp.a(netbuf.o)
 .data          0x00043eec        0x0 ../FreeLwIP_bsp/\libfreertos_bsp.a(sockets.o)
 .data          0x00043eec        0x0 ../FreeLwIP_bsp/\libfreertos_bsp.a(tcpip.o)
 .data          0x00043eec        0x0 ../FreeLwIP_bsp/\libfreertos_bsp.a(alt_lwip_close.o)
 .data          0x00043eec        0x0 ../FreeLwIP_bsp/\libfreertos_bsp.a(alt_lwip_read.o)
 .data          0x00043eec        0x0 ../FreeLwIP_bsp/\libfreertos_bsp.a(alt_lwip_write.o)
 .data          0x00043eec        0x0 ../FreeLwIP_bsp/\libfreertos_bsp.a(lwip_main.o)
 .data          0x00043eec        0x0 ../FreeLwIP_bsp/\libfreertos_bsp.a(lwip_tse_mac.o)
 .data          0x00043eec        0x0 ../FreeLwIP_bsp/\libfreertos_bsp.a(sys_arch.o)
 .data          0x00043eec        0x0 ../FreeLwIP_bsp/\libfreertos_bsp.a(dhcp.o)
 .data          0x00043eec        0x0 ../FreeLwIP_bsp/\libfreertos_bsp.a(init.o)
 .data          0x00043eec        0x0 ../FreeLwIP_bsp/\libfreertos_bsp.a(ip.o)
 .data          0x00043eec        0x0 ../FreeLwIP_bsp/\libfreertos_bsp.a(ip_addr.o)
 .data          0x00043eec        0x0 ../FreeLwIP_bsp/\libfreertos_bsp.a(ip_frag.o)
 .data          0x00043eec        0x0 ../FreeLwIP_bsp/\libfreertos_bsp.a(mem.o)
 .data          0x00043eec        0x0 ../FreeLwIP_bsp/\libfreertos_bsp.a(memp.o)
 .data          0x00043eec        0x0 ../FreeLwIP_bsp/\libfreertos_bsp.a(netif.o)
 .data          0x00043eec        0x0 ../FreeLwIP_bsp/\libfreertos_bsp.a(pbuf.o)
 .data          0x00043eec        0x0 ../FreeLwIP_bsp/\libfreertos_bsp.a(raw.o)
 .data          0x00043eec        0x0 ../FreeLwIP_bsp/\libfreertos_bsp.a(stats.o)
 .data          0x00043eec        0x0 ../FreeLwIP_bsp/\libfreertos_bsp.a(tcp.o)
 .data          0x00043eec        0x0 ../FreeLwIP_bsp/\libfreertos_bsp.a(tcp_in.o)
 .data          0x00043eec        0x0 ../FreeLwIP_bsp/\libfreertos_bsp.a(tcp_out.o)
 .data          0x00043eec        0x0 ../FreeLwIP_bsp/\libfreertos_bsp.a(timers.o)
 .data          0x00043eec        0x0 ../FreeLwIP_bsp/\libfreertos_bsp.a(udp.o)
 .data          0x00043eec        0x0 ../FreeLwIP_bsp/\libfreertos_bsp.a(etharp.o)
 .data          0x00043eec     0x15c4 ../FreeLwIP_bsp/\libfreertos_bsp.a(alt_sys_init.o)
 .data          0x000454b0        0x0 ../FreeLwIP_bsp/\libfreertos_bsp.a(altera_avalon_cfi_flash.o)
 .data          0x000454b0        0x0 ../FreeLwIP_bsp/\libfreertos_bsp.a(altera_avalon_cfi_flash_table.o)
 .data          0x000454b0        0x0 ../FreeLwIP_bsp/\libfreertos_bsp.a(altera_avalon_jtag_uart_fd.o)
 .data          0x000454b0        0x0 ../FreeLwIP_bsp/\libfreertos_bsp.a(altera_avalon_jtag_uart_init.o)
 .data          0x000454b0        0x0 ../FreeLwIP_bsp/\libfreertos_bsp.a(altera_avalon_jtag_uart_ioctl.o)
 .data          0x000454b0        0x0 ../FreeLwIP_bsp/\libfreertos_bsp.a(altera_avalon_jtag_uart_read.o)
 .data          0x000454b0        0x0 ../FreeLwIP_bsp/\libfreertos_bsp.a(altera_avalon_jtag_uart_write.o)
 .data          0x000454b0        0x0 ../FreeLwIP_bsp/\libfreertos_bsp.a(altera_avalon_lcd_16207.o)
 .data          0x000454b0        0x0 ../FreeLwIP_bsp/\libfreertos_bsp.a(altera_avalon_lcd_16207_fd.o)
 .data          0x000454b0        0x0 ../FreeLwIP_bsp/\libfreertos_bsp.a(altera_avalon_sgdma.o)
 .data          0x000454b0        0x0 ../FreeLwIP_bsp/\libfreertos_bsp.a(altera_avalon_timer_sc.o)
 .data          0x000454b0        0x0 ../FreeLwIP_bsp/\libfreertos_bsp.a(altera_avalon_tse.o)
 .data          0x000454b0      0x240 ../FreeLwIP_bsp/\libfreertos_bsp.a(altera_avalon_tse_system_info.o)
                0x000454b0                tse_mac_device
 .data          0x000456f0        0x0 ../FreeLwIP_bsp/\libfreertos_bsp.a(altera_avalon_uart_fd.o)
 .data          0x000456f0        0x0 ../FreeLwIP_bsp/\libfreertos_bsp.a(altera_avalon_uart_init.o)
 .data          0x000456f0        0x0 ../FreeLwIP_bsp/\libfreertos_bsp.a(altera_avalon_uart_read.o)